Component: ARM Compiler 5.06 update 3 (build 300) Tool: armlink [4d35c9]

==============================================================================

Section Cross References

    main.o(i.app_error_fault_handler) refers to nrf_log_frontend.o(i.nrf_log_frontend_std_3) for nrf_log_frontend_std_3
    main.o(i.app_error_fault_handler) refers to main.o(i.on_error) for on_error
    main.o(i.app_error_fault_handler) refers to nrf_log_frontend.o(log_const_data) for m_nrf_log_app_logs_data_const
    main.o(i.app_error_handler) refers to nrf_log_frontend.o(i.nrf_log_frontend_std_2) for nrf_log_frontend_std_2
    main.o(i.app_error_handler) refers to main.o(i.on_error) for on_error
    main.o(i.app_error_handler) refers to nrf_log_frontend.o(log_const_data) for m_nrf_log_app_logs_data_const
    main.o(i.app_error_handler_bare) refers to nrf_log_frontend.o(i.nrf_log_frontend_std_1) for nrf_log_frontend_std_1
    main.o(i.app_error_handler_bare) refers to main.o(i.on_error) for on_error
    main.o(i.app_error_handler_bare) refers to nrf_log_frontend.o(log_const_data) for m_nrf_log_app_logs_data_const
    main.o(i.dfu_observer) refers to boards.o(i.bsp_board_init) for bsp_board_init
    main.o(i.dfu_observer) refers to boards.o(i.bsp_board_led_on) for bsp_board_led_on
    main.o(i.dfu_observer) refers to boards.o(i.bsp_board_led_off) for bsp_board_led_off
    main.o(i.main) refers to nrf_bootloader_info.o(i.nrf_bootloader_mbr_addrs_populate) for nrf_bootloader_mbr_addrs_populate
    main.o(i.main) refers to nrf_bootloader_app_start_final.o(i.nrf_bootloader_flash_protect) for nrf_bootloader_flash_protect
    main.o(i.main) refers to nrf_log_frontend.o(i.nrf_log_init) for nrf_log_init
    main.o(i.main) refers to nrf_log_default_backends.o(i.nrf_log_default_backends_init) for nrf_log_default_backends_init
    main.o(i.main) refers to nrf_log_frontend.o(i.nrf_log_frontend_std_0) for nrf_log_frontend_std_0
    main.o(i.main) refers to nrf_bootloader.o(i.nrf_bootloader_init) for nrf_bootloader_init
    main.o(i.main) refers to main.o(i.app_error_handler_bare) for app_error_handler_bare
    main.o(i.main) refers to nrf_log_frontend.o(i.nrf_log_frontend_dequeue) for nrf_log_frontend_dequeue
    main.o(i.main) refers to nrf_bootloader_dfu_timers.o(i.nrf_bootloader_dfu_timer_counter_get) for nrf_bootloader_dfu_timer_counter_get
    main.o(i.main) refers to nrf_log_frontend.o(log_const_data) for m_nrf_log_app_logs_data_const
    main.o(i.main) refers to main.o(i.dfu_observer) for dfu_observer
    main.o(i.on_error) refers to nrf_log_frontend.o(i.nrf_log_panic) for nrf_log_panic
    main.o(i.on_error) refers to nrf_log_frontend.o(i.nrf_log_frontend_dequeue) for nrf_log_frontend_dequeue
    main.o(i.on_error) refers to main.o(.constdata) for .constdata
    boards.o(i.bsp_board_button_idx_to_pin) refers to nrf_assert.o(i.assert_nrf_callback) for assert_nrf_callback
    boards.o(i.bsp_board_button_idx_to_pin) refers to boards.o(.constdata) for .constdata
    boards.o(i.bsp_board_button_state_get) refers to nrf_assert.o(i.assert_nrf_callback) for assert_nrf_callback
    boards.o(i.bsp_board_button_state_get) refers to boards.o(i.nrf_gpio_pin_port_decode) for nrf_gpio_pin_port_decode
    boards.o(i.bsp_board_button_state_get) refers to boards.o(.constdata) for .constdata
    boards.o(i.bsp_board_init) refers to boards.o(i.nrf_gpio_cfg) for nrf_gpio_cfg
    boards.o(i.bsp_board_init) refers to boards.o(i.bsp_board_leds_off) for bsp_board_leds_off
    boards.o(i.bsp_board_init) refers to boards.o(.constdata) for .constdata
    boards.o(i.bsp_board_led_idx_to_pin) refers to nrf_assert.o(i.assert_nrf_callback) for assert_nrf_callback
    boards.o(i.bsp_board_led_idx_to_pin) refers to boards.o(.constdata) for .constdata
    boards.o(i.bsp_board_led_invert) refers to nrf_assert.o(i.assert_nrf_callback) for assert_nrf_callback
    boards.o(i.bsp_board_led_invert) refers to boards.o(i.nrf_gpio_pin_port_decode) for nrf_gpio_pin_port_decode
    boards.o(i.bsp_board_led_invert) refers to boards.o(.constdata) for .constdata
    boards.o(i.bsp_board_led_off) refers to nrf_assert.o(i.assert_nrf_callback) for assert_nrf_callback
    boards.o(i.bsp_board_led_off) refers to boards.o(i.nrf_gpio_pin_write) for nrf_gpio_pin_write
    boards.o(i.bsp_board_led_off) refers to boards.o(.constdata) for .constdata
    boards.o(i.bsp_board_led_on) refers to nrf_assert.o(i.assert_nrf_callback) for assert_nrf_callback
    boards.o(i.bsp_board_led_on) refers to boards.o(i.nrf_gpio_pin_write) for nrf_gpio_pin_write
    boards.o(i.bsp_board_led_on) refers to boards.o(.constdata) for .constdata
    boards.o(i.bsp_board_led_state_get) refers to nrf_assert.o(i.assert_nrf_callback) for assert_nrf_callback
    boards.o(i.bsp_board_led_state_get) refers to boards.o(i.nrf_gpio_pin_port_decode) for nrf_gpio_pin_port_decode
    boards.o(i.bsp_board_led_state_get) refers to boards.o(.constdata) for .constdata
[...]
    nrf_dfu_bank_invalidate                  0x00075d2d   Thumb Code    14  nrf_dfu_utils.o(i.nrf_dfu_bank_invalidate)
    nrf_dfu_cache_prepare                    0x00075d41   Thumb Code   428  nrf_dfu_utils.o(i.nrf_dfu_cache_prepare)
    nrf_dfu_flash_erase                      0x000761f9   Thumb Code    84  nrf_dfu_flash.o(i.nrf_dfu_flash_erase)
    nrf_dfu_flash_init                       0x000762cd   Thumb Code    52  nrf_dfu_flash.o(i.nrf_dfu_flash_init)
    nrf_dfu_flash_store                      0x00076365   Thumb Code   108  nrf_dfu_flash.o(i.nrf_dfu_flash_store)
    nrf_dfu_init                             0x00076425   Thumb Code    70  nrf_dfu.o(i.nrf_dfu_init)
    nrf_dfu_init_user                        0x000764bd   Thumb Code    26  nrf_bootloader.o(i.nrf_dfu_init_user)
    nrf_dfu_mbr_copy_bl                      0x000764fd   Thumb Code    22  nrf_dfu_mbr.o(i.nrf_dfu_mbr_copy_bl)
    nrf_dfu_mbr_init_sd                      0x00076515   Thumb Code    18  nrf_dfu_mbr.o(i.nrf_dfu_mbr_init_sd)
    nrf_dfu_mbr_irq_forward_address_set      0x0007652d   Thumb Code    12  nrf_dfu_mbr.o(i.nrf_dfu_mbr_irq_forward_address_set)
    nrf_dfu_req_handler_init                 0x000765b9   Thumb Code    62  nrf_dfu_req_handler.o(i.nrf_dfu_req_handler_init)
    nrf_dfu_req_handler_on_req               0x000765fd   Thumb Code    46  nrf_dfu_req_handler.o(i.nrf_dfu_req_handler_on_req)
    nrf_dfu_settings_additional_erase        0x00076819   Thumb Code    66  nrf_dfu_settings_svci.o(i.nrf_dfu_settings_additional_erase)
    nrf_dfu_settings_adv_name_copy           0x00076891   Thumb Code    20  nrf_dfu_settings_svci.o(i.nrf_dfu_settings_adv_name_copy)
    nrf_dfu_settings_adv_name_is_valid       0x000768a9   Thumb Code    28  nrf_dfu_settings_svci.o(i.nrf_dfu_settings_adv_name_is_valid)
    nrf_dfu_settings_adv_name_write          0x000768c9   Thumb Code    50  nrf_dfu_settings_svci.o(i.nrf_dfu_settings_adv_name_write)
    nrf_dfu_settings_backup                  0x00076901   Thumb Code     6  nrf_dfu_settings.o(i.nrf_dfu_settings_backup)
    nrf_dfu_settings_init                    0x0007690d   Thumb Code    78  nrf_dfu_settings.o(i.nrf_dfu_settings_init)
    nrf_dfu_settings_progress_reset          0x000769f1   Thumb Code    34  nrf_dfu_settings.o(i.nrf_dfu_settings_progress_reset)
    nrf_dfu_settings_reinit                  0x00076a19   Thumb Code   264  nrf_dfu_settings.o(i.nrf_dfu_settings_reinit)
    nrf_dfu_settings_write                   0x00076bb5   Thumb Code    42  nrf_dfu_settings.o(i.nrf_dfu_settings_write)
    nrf_dfu_settings_write_and_backup        0x00076be9   Thumb Code    26  nrf_dfu_settings.o(i.nrf_dfu_settings_write_and_backup)
    nrf_dfu_softdevice_start_address         0x00076c09   Thumb Code     6  nrf_dfu_utils.o(i.nrf_dfu_softdevice_start_address)
    nrf_dfu_transports_close                 0x00076c11   Thumb Code    88  nrf_dfu_transport.o(i.nrf_dfu_transports_close)
    nrf_dfu_transports_init                  0x00076ccd   Thumb Code    86  nrf_dfu_transport.o(i.nrf_dfu_transports_init)
    nrf_dfu_validation_activation_prepare    0x00076d85   Thumb Code     6  nrf_dfu_validation.o(i.nrf_dfu_validation_activation_prepare)
    nrf_dfu_validation_boot_validate         0x00076d8d   Thumb Code   114  nrf_dfu_validation.o(i.nrf_dfu_validation_boot_validate)
    nrf_dfu_validation_init                  0x00076fa9   Thumb Code    26  nrf_dfu_validation.o(i.nrf_dfu_validation_init)
    nrf_dfu_validation_init_cmd_append       0x00076fcd   Thumb Code    86  nrf_dfu_validation.o(i.nrf_dfu_validation_init_cmd_append)
    nrf_dfu_validation_init_cmd_create       0x00077055   Thumb Code    42  nrf_dfu_validation.o(i.nrf_dfu_validation_init_cmd_create)
    nrf_dfu_validation_init_cmd_execute      0x00077089   Thumb Code   150  nrf_dfu_validation.o(i.nrf_dfu_validation_init_cmd_execute)
    nrf_dfu_validation_init_cmd_present      0x0007716d   Thumb Code     6  nrf_dfu_validation.o(i.nrf_dfu_validation_init_cmd_present)
    nrf_dfu_validation_prevalidate           0x00077179   Thumb Code   114  nrf_dfu_validation.o(i.nrf_dfu_validation_prevalidate)
    nrf_dfu_ver_validation_check             0x00077439   Thumb Code   256  nrf_dfu_ver_validation.o(i.nrf_dfu_ver_validation_check)
    nrf_fprintf                              0x000775d1   Thumb Code    76  nrf_fprintf.o(i.nrf_fprintf)
    nrf_fprintf_buffer_flush                 0x0007764d   Thumb Code    34  nrf_fprintf.o(i.nrf_fprintf_buffer_flush)
    nrf_fprintf_fmt                          0x000776a1   Thumb Code   538  nrf_fprintf_format.o(i.nrf_fprintf_fmt)
    nrf_fstorage_erase                       0x000778f5   Thumb Code   132  nrf_fstorage.o(i.nrf_fstorage_erase)
    nrf_fstorage_init                        0x000779b5   Thumb Code    42  nrf_fstorage.o(i.nrf_fstorage_init)
    nrf_fstorage_is_busy                     0x00077a1d   Thumb Code    70  nrf_fstorage.o(i.nrf_fstorage_is_busy)
    nrf_fstorage_sdh_req_handler             0x00077a6d   Thumb Code    18  nrf_fstorage_sd.o(i.nrf_fstorage_sdh_req_handler)
    nrf_fstorage_sdh_state_handler           0x00077a85   Thumb Code    28  nrf_fstorage_sd.o(i.nrf_fstorage_sdh_state_handler)
    nrf_fstorage_sys_evt_handler             0x00077aa5   Thumb Code   150  nrf_fstorage_sd.o(i.nrf_fstorage_sys_evt_handler)
    nrf_fstorage_write                       0x00077b45   Thumb Code   188  nrf_fstorage.o(i.nrf_fstorage_write)
    nrf_log_backend_add                      0x00077d49   Thumb Code    78  nrf_log_frontend.o(i.nrf_log_backend_add)
    nrf_log_backend_rtt_init                 0x00077d9f   Thumb Code     4  nrf_log_backend_rtt.o(i.nrf_log_backend_rtt_init)
    nrf_log_backend_serial_put               0x00077dbd   Thumb Code   200  nrf_log_backend_serial.o(i.nrf_log_backend_serial_put)
    nrf_log_color_id_get                     0x00077e85   Thumb Code    42  nrf_log_frontend.o(i.nrf_log_color_id_get)
    nrf_log_default_backends_init            0x00077eb5   Thumb Code    36  nrf_log_default_backends.o(i.nrf_log_default_backends_init)
    nrf_log_frontend_dequeue                 0x00077ee1   Thumb Code   524  nrf_log_frontend.o(i.nrf_log_frontend_dequeue)
    nrf_log_frontend_hexdump                 0x00078119   Thumb Code   164  nrf_log_frontend.o(i.nrf_log_frontend_hexdump)
    nrf_log_frontend_std_0                   0x000781c5   Thumb Code     8  nrf_log_frontend.o(i.nrf_log_frontend_std_0)
    nrf_log_frontend_std_1                   0x000781cd   Thumb Code    14  nrf_log_frontend.o(i.nrf_log_frontend_std_1)
    nrf_log_frontend_std_2                   0x000781db   Thumb Code    16  nrf_log_frontend.o(i.nrf_log_frontend_std_2)
    nrf_log_frontend_std_3                   0x000781eb   Thumb Code    18  nrf_log_frontend.o(i.nrf_log_frontend_std_3)
    nrf_log_frontend_std_4                   0x000781fd   Thumb Code    20  nrf_log_frontend.o(i.nrf_log_frontend_std_4)
    nrf_log_frontend_std_5                   0x00078211   Thumb Code    28  nrf_log_frontend.o(i.nrf_log_frontend_std_5)
    nrf_log_hexdump_entry_process            0x0007822d   Thumb Code   150  nrf_log_str_formatter.o(i.nrf_log_hexdump_entry_process)
    nrf_log_init                             0x000782dd   Thumb Code    28  nrf_log_frontend.o(i.nrf_log_init)
    nrf_log_module_cnt_get                   0x00078305   Thumb Code    10  nrf_log_frontend.o(i.nrf_log_module_cnt_get)
    nrf_log_module_name_get                  0x00078319   Thumb Code    24  nrf_log_frontend.o(i.nrf_log_module_name_get)
    nrf_log_panic                            0x00078335   Thumb Code    38  nrf_log_frontend.o(i.nrf_log_panic)
    nrf_log_std_entry_process                0x00078361   Thumb Code   182  nrf_log_str_formatter.o(i.nrf_log_std_entry_process)
    nrf_memobj_alloc                         0x00078417   Thumb Code    96  nrf_memobj.o(i.nrf_memobj_alloc)
    nrf_memobj_free                          0x00078477   Thumb Code    50  nrf_memobj.o(i.nrf_memobj_free)
    nrf_memobj_get                           0x000784a9   Thumb Code     8  nrf_memobj.o(i.nrf_memobj_get)
    nrf_memobj_pool_init                     0x000784b1   Thumb Code     4  nrf_memobj.o(i.nrf_memobj_pool_init)
    nrf_memobj_put                           0x000784b5   Thumb Code    30  nrf_memobj.o(i.nrf_memobj_put)
    nrf_memobj_read                          0x000784d5   Thumb Code    34  nrf_memobj.o(i.nrf_memobj_read)
    nrf_memobj_write                         0x00078531   Thumb Code    32  nrf_memobj.o(i.nrf_memobj_write)
    nrf_nvmc_page_erase                      0x00078589   Thumb Code    40  nrf_nvmc.o(i.nrf_nvmc_page_erase)
    nrf_nvmc_write_word                      0x000785b9   Thumb Code    38  nrf_nvmc.o(i.nrf_nvmc_write_word)
    nrf_nvmc_write_words                     0x000785e9   Thumb Code    58  nrf_nvmc.o(i.nrf_nvmc_write_words)
    nrf_ringbuf_init                         0x0007862d   Thumb Code    28  nrf_ringbuf.o(i.nrf_ringbuf_init)
    nrf_sdh_ble_app_ram_start_get            0x00078655   Thumb Code    16  nrf_sdh_ble.o(i.nrf_sdh_ble_app_ram_start_get)
    nrf_sdh_ble_default_cfg_set              0x00078669   Thumb Code   272  nrf_sdh_ble.o(i.nrf_sdh_ble_default_cfg_set)
    nrf_sdh_ble_enable                       0x00078799   Thumb Code   116  nrf_sdh_ble.o(i.nrf_sdh_ble_enable)
    nrf_sdh_disable_request                  0x00078935   Thumb Code    80  nrf_sdh.o(i.nrf_sdh_disable_request)
    nrf_sdh_enable_request                   0x00078989   Thumb Code   102  nrf_sdh.o(i.nrf_sdh_enable_request)
    nrf_sdh_evts_poll                        0x000789fd   Thumb Code    42  nrf_sdh.o(i.nrf_sdh_evts_poll)
    nrf_sdh_is_enabled                       0x00078a2d   Thumb Code     6  nrf_sdh.o(i.nrf_sdh_is_enabled)
    nrf_sdh_request_continue                 0x00078a39   Thumb Code    22  nrf_sdh.o(i.nrf_sdh_request_continue)
    nrf_section_iter_init                    0x00078ae5   Thumb Code    42  nrf_section_iter.o(i.nrf_section_iter_init)
    nrf_section_iter_next                    0x00078b61   Thumb Code    78  nrf_section_iter.o(i.nrf_section_iter_next)
    nrf_strerror_find                        0x00078bb5   Thumb Code    52  nrf_strerror.o(i.nrf_strerror_find)
    nrf_strerror_get                         0x00078bed   Thumb Code    14  nrf_strerror.o(i.nrf_strerror_get)
    nrf_svc_handler_c                        0x00078c01   Thumb Code    84  nrf_svc_handler.o(i.nrf_svc_handler_c)
    nvmc_config                              0x00078c9d   Thumb Code    14  system_nrf52.o(i.nvmc_config)
    pb_decode                                0x00079a37   Thumb Code    30  pb_decode.o(i.pb_decode)
    pb_decode_fixed32                        0x00079a55   Thumb Code    32  pb_decode.o(i.pb_decode_fixed32)
    pb_decode_fixed64                        0x00079a75   Thumb Code    92  pb_decode.o(i.pb_decode_fixed64)
    pb_decode_noinit                         0x00079ad1   Thumb Code   390  pb_decode.o(i.pb_decode_noinit)
    pb_decode_svarint                        0x00079c57   Thumb Code    58  pb_decode.o(i.pb_decode_svarint)
    pb_decode_tag                            0x00079c91   Thumb Code    66  pb_decode.o(i.pb_decode_tag)
    pb_decode_varint                         0x00079cd3   Thumb Code    74  pb_decode.o(i.pb_decode_varint)
    pb_field_iter_begin                      0x00079de5   Thumb Code    34  pb_common.o(i.pb_field_iter_begin)
    pb_field_iter_find                       0x00079e07   Thumb Code    46  pb_common.o(i.pb_field_iter_find)
    pb_field_iter_next                       0x00079e35   Thumb Code   126  pb_common.o(i.pb_field_iter_next)
    pb_istream_from_buffer                   0x00079f59   Thumb Code    14  pb_decode.o(i.pb_istream_from_buffer)
    pb_make_string_substream                 0x00079f6d   Thumb Code    54  pb_decode.o(i.pb_make_string_substream)
    pb_read                                  0x00079fc9   Thumb Code    84  pb_decode.o(i.pb_read)
    pb_skip_field                            0x0007a041   Thumb Code    90  pb_decode.o(i.pb_skip_field)
    postvalidate                             0x0007a0d9   Thumb Code   142  nrf_dfu_validation.o(i.postvalidate)
    privilege_level_get                      0x0007a3f5   Thumb Code    26  app_util_platform.o(i.privilege_level_get)
    settings_backup                          0x0007a97d   Thumb Code    86  nrf_dfu_settings.o(i.settings_backup)
    sha256_final                             0x0007ae15   Thumb Code   272  sha256.o(i.sha256_final)
    sha256_init                              0x0007af25   Thumb Code    50  sha256.o(i.sha256_init)
    sha256_transform                         0x0007af79   Thumb Code   294  sha256.o(i.sha256_transform)
    sha256_update                            0x0007b0a5   Thumb Code    84  sha256.o(i.sha256_update)
    pk                                       0x0007ba88   Data          64  dfu_public_key.o(.constdata)
    g_nrf_crypto_hash_sha256_info            0x0007bae8   Data          24  nrf_sw_backend_hash.o(.constdata)
    g_nrf_crypto_ecc_secp256r1_curve_info    0x0007bb00   Data          12  micro_ecc_backend_ecc.o(.constdata)
    dfu_init_command_is_debug_default        0x0007bb0c   Data           1  dfu-cc.pb.o(.constdata)
    dfu_hash_fields                          0x0007bb10   Data          48  dfu-cc.pb.o(.constdata)
    dfu_boot_validation_fields               0x0007bb40   Data          48  dfu-cc.pb.o(.constdata)
    dfu_init_command_fields                  0x0007bb70   Data         176  dfu-cc.pb.o(.constdata)
    dfu_command_fields                       0x0007bc20   Data          48  dfu-cc.pb.o(.constdata)
    dfu_signed_command_fields                0x0007bc50   Data          64  dfu-cc.pb.o(.constdata)
    dfu_packet_fields                        0x0007bc90   Data          48  dfu-cc.pb.o(.constdata)
    nrf_fstorage_nvmc                        0x0007be34   Data          32  nrf_fstorage_nvmc.o(.constdata)
    nrf_fstorage_sd                          0x0007be64   Data          32  nrf_fstorage_sd.o(.constdata)
    nrf_log_backend_rtt_api                  0x0007c0c0   Data          12  nrf_log_backend_rtt.o(.constdata)
    m_ram_start                              0x0007c15c   Data           4  nrf_sdh_ble.o(.constdata)
    __ctype_table                            0x0007c1ac   Data         129  ctype_o.o(.constdata)
    Region$$Table$$Base                      0x0007d230   Number         0  anon$$obj.o(Region$$Table)
    Region$$Table$$Limit                     0x0007d250   Number         0  anon$$obj.o(Region$$Table)
    ble_dfu_transport                        0x0007d250   Data           8  nrf_dfu_ble.o(dfu_trans)
    dfu_trans$$Base                          0x0007d250   Number         0  nrf_dfu_ble.o(dfu_trans)
    dfu_trans$$Limit                         0x0007d258   Number         0  nrf_dfu_ble.o(dfu_trans)
    log_const_data$$Base                     0x0007d268   Number         0  nrf_bootloader_wdt.o(log_const_data)
    m_nrf_log_nrf_bootloader_wdt_logs_data_const 0x0007d268   Data           8  nrf_bootloader_wdt.o(log_const_data)
    m_nrf_log_nrf_dfu_ble_logs_data_const    0x0007d270   Data           8  nrf_dfu_ble.o(log_const_data)
    m_nrf_log_nrf_dfu_flash_logs_data_const  0x0007d278   Data           8  nrf_dfu_flash.o(log_const_data)
    m_nrf_log_nrf_dfu_req_handler_logs_data_const 0x0007d280   Data           8  nrf_dfu_req_handler.o(log_const_data)
    m_nrf_log_nrf_dfu_settings_logs_data_const 0x0007d288   Data           8  nrf_dfu_settings.o(log_const_data)
    m_nrf_log_nrf_dfu_settings_svci_logs_data_const 0x0007d290   Data           8  nrf_dfu_settings_svci.o(log_const_data)
    m_nrf_log_nrf_dfu_validation_logs_data_const 0x0007d298   Data           8  nrf_dfu_validation.o(log_const_data)
    m_nrf_log_nrf_dfu_ver_validation_logs_data_const 0x0007d2a0   Data           8  nrf_dfu_ver_validation.o(log_const_data)
    m_nrf_log_mem_mngr_logs_data_const       0x0007d2a8   Data           8  mem_manager.o(log_const_data)
    m_nrf_log_nrf_fstorage_logs_data_const   0x0007d2b0   Data           8  nrf_fstorage.o(log_const_data)
    m_nrf_log_app_logs_data_const            0x0007d2b8   Data           8  nrf_log_frontend.o(log_const_data)
    m_nrf_log_nrf_sdh_logs_data_const        0x0007d2c0   Data           8  nrf_sdh.o(log_const_data)
    m_nrf_log_nrf_sdh_ble_logs_data_const    0x0007d2c8   Data           8  nrf_sdh_ble.o(log_const_data)
    m_nrf_log_nrf_sdh_soc_logs_data_const    0x0007d2d0   Data           8  nrf_sdh_soc.o(log_const_data)
    log_const_data$$Limit                    0x0007d2d8   Number         0  nrf_sdh_soc.o(log_const_data)
    m_buffer_pool                            0x0007d2d8   Data          20  nrf_dfu_ble.o(nrf_balloc)
    log_mempool                              0x0007d2ec   Data          20  nrf_log_frontend.o(nrf_balloc)
    sdh_ble_observers2$$Base                 0x0007d300   Number         0  nrf_dfu_ble.o(sdh_ble_observers2)
    m_req_obs                                0x0007d308   Data           8  nrf_fstorage_sd.o(sdh_req_observers0)
    sdh_ble_observers2$$Limit                0x0007d308   Number         0  nrf_dfu_ble.o(sdh_ble_observers2)
    sdh_req_observers0$$Base                 0x0007d308   Number         0  nrf_fstorage_sd.o(sdh_req_observers0)
    sdh_req_observers0$$Limit                0x0007d310   Number         0  nrf_fstorage_sd.o(sdh_req_observers0)
    sdh_soc_observers0$$Base                 0x0007d310   Number         0  nrf_fstorage_sd.o(sdh_soc_observers0)
    sdh_soc_observers0$$Limit                0x0007d318   Number         0  nrf_fstorage_sd.o(sdh_soc_observers0)
    sdh_stack_observers0$$Base               0x0007d318   Number         0  nrf_sdh_ble.o(sdh_stack_observers0)
    sdh_stack_observers0$$Limit              0x0007d328   Number         0  nrf_sdh_soc.o(sdh_stack_observers0)
    sdh_state_observers0$$Base               0x0007d328   Number         0  nrf_fstorage_sd.o(sdh_state_observers0)
    nrf_dfu_set_adv_name_var                 0x0007d330   Data          12  nrf_dfu_svci_handler.o(svc_data)
    sdh_state_observers0$$Limit              0x0007d330   Number         0  nrf_fstorage_sd.o(sdh_state_observers0)
    svc_data$$Base                           0x0007d330   Number         0  nrf_dfu_svci_handler.o(svc_data)
    svc_data$$Limit                          0x0007d33c   Number         0  nrf_dfu_svci_handler.o(svc_data)
    m_mbr_params_page                        0x0007e000   Data        4096  nrf_dfu_settings.o(.ARM.__AT_0x0007E000)
    m_dfu_settings_buffer                    0x0007f000   Data        4096  nrf_dfu_settings.o(.ARM.__AT_0x0007F000)
    m_uicr_bootloader_start_address          0x10001014   Data           4  nrf_bootloader_info.o(.ARM.__AT_0x10001014)
    m_uicr_mbr_params_page_address           0x10001018   Data           4  nrf_dfu_settings.o(.ARM.__AT_0x10001018)
    Image$$RW_IRAM1$$Base                    0x20005968   Number         0  anon$$obj.o ABSOLUTE
    mp_inactivity                            0x20005974   Data           4  nrf_bootloader_dfu_timers.o(.data)
    mp_wdt_feed                              0x20005978   Data           4  nrf_bootloader_dfu_timers.o(.data)
    m_counter_loops                          0x2000597c   Data           4  nrf_bootloader_dfu_timers.o(.data)
    m_timers                                 0x20005980   Data          32  nrf_bootloader_dfu_timers.o(.data)
    start_write_hex                          0x200059e4   Data           1  nrf_dfu_flash.o(.data)
    mp_dfu_settings_backup_buffer            0x20005a00   Data           4  nrf_dfu_settings.o(.data)
    SystemCoreClock                          0x20005a94   Data           4  system_nrf52.o(.data)
    fs_data$$Base                            0x20005a98   Number         0  nrf_dfu_flash.o(fs_data)
    m_fs                                     0x20005a98   Data          20  nrf_dfu_flash.o(fs_data)
    fs_data$$Limit                           0x20005aac   Number         0  nrf_dfu_flash.o(fs_data)
    s_dfu_settings                           0x20007764   Data         896  nrf_dfu_settings.o(.bss)
    nrf_nvic_state                           0x20007ed8   Data          12  app_util_platform.o(.bss)
    _SEGGER_RTT                              0x2000929c   Data         120  segger_rtt.o(.bss)
    __initial_sp                             0x2000b328   Data           0  arm_startup_nrf52.o(STACK)



==============================================================================

Memory Map of the image

  Image Entry point : 0x00071201

  Load Region LR_IROM1 (Base: 0x00071000, Size: 0x0000c480, Max: 0x0000d000, ABSOLUTE, COMPRESSED[0x0000c3b4])

    Execution Region ER_IROM1 (Exec base: 0x00071000, Load base: 0x00071000, Size: 0x0000c33c, Max: 0x0000d000, ABSOLUTE)

    Exec Addr    Load Addr    Size         Type   Attr      Idx    E Section Name        Object

    0x00071000   0x00071000   0x00000200   Data   RO         5540    RESET               arm_startup_nrf52.o
    0x00071200   0x00071200   0x00000000   Code   RO         5686  * .ARM.Collect$$$$00000000  mc_w.l(entry.o)
    0x00071200   0x00071200   0x00000004   Code   RO         5740    .ARM.Collect$$$$00000001  mc_w.l(entry2.o)
    0x00071204   0x00071204   0x00000004   Code   RO         5743    .ARM.Collect$$$$00000004  mc_w.l(entry5.o)
    0x00071208   0x00071208   0x00000000   Code   RO         5745    .ARM.Collect$$$$00000008  mc_w.l(entry7b.o)
    0x00071208   0x00071208   0x00000000   Code   RO         5747    .ARM.Collect$$$$0000000A  mc_w.l(entry8b.o)
    0x00071208   0x00071208   0x00000008   Code   RO         5748    .ARM.Collect$$$$0000000B  mc_w.l(entry9a.o)
    0x00071210   0x00071210   0x00000000   Code   RO         5750    .ARM.Collect$$$$0000000D  mc_w.l(entry10a.o)
    0x00071210   0x00071210   0x00000000   Code   RO         5752    .ARM.Collect$$$$0000000F  mc_w.l(entry11a.o)
    0x00071210   0x00071210   0x00000004   Code   RO         5741    .ARM.Collect$$$$00002712  mc_w.l(entry2.o)
    0x00071214   0x00071214   0x000000c8   Code   RO         3365    .emb_text           nrf_atfifo.o
    0x000712dc   0x000712dc   0x000000e2   Code   RO         3438    .emb_text           nrf_atomic.o
    0x000713be   0x000713be   0x00000002   PAD
    0x000713c0   0x000713c0   0x00000014   Code   RO         4717    .emb_text           nrf_svc_handler.o
    0x000713d4   0x000713d4   0x00000024   Code   RO         5541    .text               arm_startup_nrf52.o
    0x000713f8   0x000713f8   0x0000001e   Code   RO         5694    .text               mc_w.l(llshl.o)
    0x00071416   0x00071416   0x00000002   PAD
    0x00071418   0x00071418   0x00000008   Code   RO         5696    .text               mc_w.l(ctype_o.o)
    0x00071420   0x00071420   0x00000024   Code   RO         5724    .text               mc_w.l(memcpya.o)
    0x00071444   0x00071444   0x00000024   Code   RO         5728    .text               mc_w.l(memseta.o)
    0x00071468   0x00071468   0x0000000e   Code   RO         5730    .text               mc_w.l(strlen.o)
    0x00071476   0x00071476   0x0000001a   Code   RO         5734    .text               mc_w.l(memcmp.o)
    0x00071490   0x00071490   0x00000012   Code   RO         5736    .text               mc_w.l(strcpy.o)
    0x000714a2   0x000714a2   0x00000002   PAD
    0x000714a4   0x000714a4   0x00000024   Code   RO         5756    .text               mc_w.l(init.o)
    0x000714c8   0x000714c8   0x00000056   Code   RO         5766    .text               mc_w.l(__dczerorl2.o)
    0x0007151e   0x0007151e   0x000000ce   Code   RO         5640    .text.XYcZ_add      micro_ecc_lib_nrf52.lib(uECC.c.o)
    0x000715ec   0x000715ec   0x0000003e   Code   RO         5639    .text.apply_z       micro_ecc_lib_nrf52.lib(uECC.c.o)
    0x0007162a   0x0007162a   0x00000014   Code   RO         5612    .text.bcopy         micro_ecc_lib_nrf52.lib(uECC.c.o)
    0x0007163e   0x0007163e   0x0000008e   Code   RO         5644    .text.bits2int      micro_ecc_lib_nrf52.lib(uECC.c.o)
    0x000716cc   0x000716cc   0x00000152   Code   RO         5629    .text.double_jacobian_default  micro_ecc_lib_nrf52.lib(uECC.c.o)
    0x0007181e   0x0007181e   0x00000002   PAD
    0x00071820   0x00071820   0x00000008   Code   RO         5662    .text.uECC_secp256r1  micro_ecc_lib_nrf52.lib(uECC.c.o)
    0x00071828   0x00071828   0x000002fc   Code   RO         5671    .text.uECC_verify   micro_ecc_lib_nrf52.lib(uECC.c.o)
    0x00071b24   0x00071b24   0x0000000c   PAD
    0x00071b30   0x00071b30   0x00000058   Code   RO         5613    .text.uECC_vli_add  micro_ecc_lib_nrf52.lib(uECC.c.o)
    0x00071b88   0x00071b88   0x00000016   Code   RO         5616    .text.uECC_vli_clear  micro_ecc_lib_nrf52.lib(uECC.c.o)
    0x00071b9e   0x00071b9e   0x0000002a   Code   RO         5621    .text.uECC_vli_cmp_unsafe  micro_ecc_lib_nrf52.lib(uECC.c.o)
    0x00071bc8   0x00071bc8   0x0000001e   Code   RO         5617    .text.uECC_vli_isZero  micro_ecc_lib_nrf52.lib(uECC.c.o)
    0x00071be6   0x00071be6   0x00000038   Code   RO         5624    .text.uECC_vli_modAdd  micro_ecc_lib_nrf52.lib(uECC.c.o)
    0x00071c1e   0x00071c1e   0x00000106   Code   RO         5650    .text.uECC_vli_modInv  micro_ecc_lib_nrf52.lib(uECC.c.o)
    0x00071d24   0x00071d24   0x0000013c   Code   RO         5626    .text.uECC_vli_modMult  micro_ecc_lib_nrf52.lib(uECC.c.o)
    0x00071e60   0x00071e60   0x00000020   Code   RO         5627    .text.uECC_vli_modMult_fast  micro_ecc_lib_nrf52.lib(uECC.c.o)
    0x00071e80   0x00071e80   0x00000008   Code   RO         5628    .text.uECC_vli_modSquare_fast  micro_ecc_lib_nrf52.lib(uECC.c.o)
    0x00071e88   0x00071e88   0x00000028   Code   RO         5625    .text.uECC_vli_modSub  micro_ecc_lib_nrf52.lib(uECC.c.o)
    0x00071eb0   0x00071eb0   0x00000312   Code   RO         5615    .text.uECC_vli_mult  micro_ecc_lib_nrf52.lib(uECC.c.o)
    0x000721c2   0x000721c2   0x00000040   Code   RO         5619    .text.uECC_vli_numBits  micro_ecc_lib_nrf52.lib(uECC.c.o)
    0x00072202   0x00072202   0x0000001a   Code   RO         5623    .text.uECC_vli_rshift1  micro_ecc_lib_nrf52.lib(uECC.c.o)
    0x0007221c   0x0007221c   0x00000018   Code   RO         5620    .text.uECC_vli_set  micro_ecc_lib_nrf52.lib(uECC.c.o)
    0x00072234   0x00072234   0x0000000c   PAD
    0x00072240   0x00072240   0x00000060   Code   RO         5614    .text.uECC_vli_sub  micro_ecc_lib_nrf52.lib(uECC.c.o)
    0x000722a0   0x000722a0   0x00000014   Code   RO         5618    .text.uECC_vli_testBit  micro_ecc_lib_nrf52.lib(uECC.c.o)
    0x000722b4   0x000722b4   0x000001b0   Code   RO         5635    .text.vli_mmod_fast_secp256r1  micro_ecc_lib_nrf52.lib(uECC.c.o)
    0x00072464   0x00072464   0x00000038   Code   RO         5649    .text.vli_modInv_update  micro_ecc_lib_nrf52.lib(uECC.c.o)
    0x0007249c   0x0007249c   0x0000005e   Code   RO         5630    .text.x_side_default  micro_ecc_lib_nrf52.lib(uECC.c.o)
    0x000724fa   0x000724fa   0x00000002   PAD
    0x000724fc   0x000724fc   0x000000a4   Code   RO          708    i.RTC2_IRQHandler   nrf_bootloader_dfu_timers.o
    0x000725a0   0x000725a0   0x00000004   Code   RO         4753    i.SEGGER_RTT_Init   segger_rtt.o
    0x000725a4   0x000725a4   0x0000005c   Code   RO         4767    i.SEGGER_RTT_WriteNoLock  segger_rtt.o
    0x00072600   0x00072600   0x00000004   Code   RO         5101    i.SWI2_EGU2_IRQHandler  nrf_sdh.o
    0x00072604   0x00072604   0x000002d8   Code   RO         5549    i.SystemInit        system_nrf52.o
    0x000728dc   0x000728dc   0x00000020   Code   RO          892    i.WDT_IRQHandler    nrf_bootloader_wdt.o
    0x000728fc   0x000728fc   0x0000006c   Code   RO         4771    i._DoInit           segger_rtt.o
    0x00072968   0x00072968   0x00000016   Code   RO         4772    i._GetAvailWriteSpace  segger_rtt.o
    0x0007297e   0x0007297e   0x0000005a   Code   RO         4774    i._WriteBlocking    segger_rtt.o
    0x000729d8   0x000729d8   0x00000042   Code   RO         4775    i._WriteNoCheck     segger_rtt.o
    0x00072a1a   0x00072a1a   0x0000000e   Code   RO         5760    i.__scatterload_copy  mc_w.l(handlers.o)
    0x00072a28   0x00072a28   0x00000002   Code   RO         5761    i.__scatterload_null  mc_w.l(handlers.o)
    0x00072a2a   0x00072a2a   0x0000000e   Code   RO         5762    i.__scatterload_zeroinit  mc_w.l(handlers.o)
    0x00072a38   0x00072a38   0x00000024   Code   RO         5102    i.__sd_nvic_app_accessible_irq  nrf_sdh.o
    0x00072a5c   0x00072a5c   0x0000000c   Code   RO         3693    i.addr_is_aligned32  nrf_fstorage.o
    0x00072a68   0x00072a68   0x00000012   Code   RO         3694    i.addr_is_page_aligned  nrf_fstorage.o
    0x00072a7a   0x00072a7a   0x00000018   Code   RO         3695    i.addr_is_within_bounds  nrf_fstorage.o
    0x00072a92   0x00072a92   0x00000002   PAD
    0x00072a94   0x00072a94   0x0000006c   Code   RO         1741    i.advertising_init  nrf_dfu_ble.o
    0x00072b00   0x00072b00   0x00000060   Code   RO         1742    i.advertising_start  nrf_dfu_ble.o
    0x00072b60   0x00072b60   0x0000012c   Code   RO          796    i.app_activate      nrf_bootloader_fw_activation.o
    0x00072c8c   0x00072c8c   0x00000064   Code   RO           22    i.app_error_fault_handler  main.o
    0x00072cf0   0x00072cf0   0x00000040   Code   RO           24    i.app_error_handler_bare  main.o
    0x00072d30   0x00072d30   0x00000138   Code   RO          521    i.app_is_valid      nrf_bootloader.o
    0x00072e68   0x00072e68   0x000000a0   Code   RO         3101    i.app_sched_event_put  app_scheduler.o
    0x00072f08   0x00072f08   0x00000040   Code   RO         3102    i.app_sched_execute  app_scheduler.o
    0x00072f48   0x00072f48   0x0000002c   Code   RO         3103    i.app_sched_init    app_scheduler.o
    0x00072f74   0x00072f74   0x00000098   Code   RO         3156    i.app_util_critical_region_enter  app_util_platform.o
    0x0007300c   0x0007300c   0x00000088   Code   RO         3157    i.app_util_critical_region_exit  app_util_platform.o
    0x00073094   0x00073094   0x00000014   Code   RO         3338    i.assert_nrf_callback  nrf_assert.o
    0x000730a8   0x000730a8   0x00000170   Code   RO          797    i.bl_activate       nrf_bootloader_fw_activation.o
    0x00073218   0x00073218   0x000000d4   Code   RO         1743    i.ble_dfu_init      nrf_dfu_ble.o
    0x000732ec   0x000732ec   0x00000120   Code   RO         1744    i.ble_dfu_req_handler_callback  nrf_dfu_ble.o
    0x0007340c   0x0007340c   0x000000dc   Code   RO         1745    i.ble_dfu_transport_close  nrf_dfu_ble.o
    0x000734e8   0x000734e8   0x000000f4   Code   RO         1747    i.ble_dfu_transport_init  nrf_dfu_ble.o
    0x000735dc   0x000735dc   0x0000056c   Code   RO         1748    i.ble_evt_handler   nrf_dfu_ble.o
    0x00073b48   0x00073b48   0x00000008   Code   RO          440    i.ble_srv_is_notification_enabled  ble_srv_common.o
    0x00073b50   0x00073b50   0x000000e0   Code   RO         1749    i.ble_stack_init    nrf_dfu_ble.o
    0x00073c30   0x00073c30   0x00000010   Code   RO          522    i.boot_validate     nrf_bootloader.o
    0x00073c40   0x00073c40   0x0000000c   Code   RO         2396    i.boot_validation_crc  nrf_dfu_settings.o
    0x00073c4c   0x00073c4c   0x00000118   Code   RO         2651    i.boot_validation_extract  nrf_dfu_validation.o
    0x00073d64   0x00073d64   0x00000058   Code   RO          523    i.bootloader_reset  nrf_bootloader.o
    0x00073dbc   0x00073dbc   0x00000054   Code   RO          323    i.bsp_board_init    boards.o
    0x00073e10   0x00073e10   0x00000050   Code   RO          326    i.bsp_board_led_off  boards.o
    0x00073e60   0x00073e60   0x00000050   Code   RO          327    i.bsp_board_led_on  boards.o
    0x00073eb0   0x00073eb0   0x00000012   Code   RO          329    i.bsp_board_leds_off  boards.o
    0x00073ec2   0x00073ec2   0x00000002   PAD
    0x00073ec4   0x00073ec4   0x00000098   Code   RO         4386    i.buf_prealloc      nrf_log_frontend.o
    0x00073f5c   0x00073f5c   0x0000001c   Code   RO         5356    i.buf_read          pb_decode.o
    0x00073f78   0x00073f78   0x0000002e   Code   RO         3653    i.buffer_add        nrf_fprintf_format.o
    0x00073fa6   0x00073fa6   0x00000002   PAD
    0x00073fa8   0x00073fa8   0x00000018   Code   RO         4387    i.buffer_is_empty   nrf_log_frontend.o
    0x00073fc0   0x00073fc0   0x00000024   Code   RO         2080    i.cmd_response_offset_and_crc_set  nrf_dfu_req_handler.o
    0x00073fe4   0x00073fe4   0x0000003c   Code   RO         3224    i.crc32_compute     crc32.o
    0x00074020   0x00074020   0x0000001e   Code   RO         2397    i.crc_ok            nrf_dfu_settings.o
    0x0007403e   0x0007403e   0x00000002   PAD
    0x00074040   0x00074040   0x00000058   Code   RO         2652    i.crypto_init       nrf_dfu_validation.o
    0x00074098   0x00074098   0x0000007e   Code   RO         5357    i.decode_callback_field  pb_decode.o
    0x00074116   0x00074116   0x0000001a   Code   RO         5358    i.decode_field      pb_decode.o
    0x00074130   0x00074130   0x000000e0   Code   RO         5359    i.decode_static_field  pb_decode.o
    0x00074210   0x00074210   0x000000f0   Code   RO         1750    i.decrypt_hex       nrf_dfu_ble.o
    0x00074300   0x00074300   0x000000f4   Code   RO          524    i.dfu_enter_check   nrf_bootloader.o
    0x000743f4   0x000743f4   0x00000100   Code   RO         1941    i.dfu_fstorage_evt_handler  nrf_dfu_flash.o
    0x000744f4   0x000744f4   0x00000040   Code   RO           25    i.dfu_observer      main.o
    0x00074534   0x00074534   0x00000048   Code   RO          525    i.dfu_observer      nrf_bootloader.o
    0x0007457c   0x0007457c   0x00000028   Code   RO         1707    i.dfu_observer      nrf_dfu.o
    0x000745a4   0x000745a4   0x00000030   Code   RO          526    i.do_reset          nrf_bootloader.o
    0x000745d4   0x000745d4   0x00000014   Code   RO         4388    i.dropped_sat16_get  nrf_log_frontend.o
    0x000745e8   0x000745e8   0x00000048   Code   RO         3788    i.erase             nrf_fstorage_nvmc.o
    0x00074630   0x00074630   0x0000004c   Code   RO         3862    i.erase             nrf_fstorage_sd.o
    0x0007467c   0x0007467c   0x00000036   Code   RO         3789    i.event_send        nrf_fstorage_nvmc.o
    0x000746b2   0x000746b2   0x00000054   Code   RO         3863    i.event_send        nrf_fstorage_sd.o
    0x00074706   0x00074706   0x0000000e   Code   RO         2081    i.ext_err_code_handle  nrf_dfu_req_handler.o
    0x00074714   0x00074714   0x00000010   Code   RO         2005    i.ext_error_get     nrf_dfu_handling_error.o
    0x00074724   0x00074724   0x0000000c   Code   RO         2006    i.ext_error_set     nrf_dfu_handling_error.o
    0x00074730   0x00074730   0x0000000c   Code   RO          527    i.flash_write_callback  nrf_bootloader.o
    0x0007473c   0x0007473c   0x0000000c   Code   RO          798    i.flash_write_callback  nrf_bootloader_fw_activation.o
    0x00074748   0x00074748   0x0000002c   Code   RO         2653    i.fw_hash_ok        nrf_dfu_validation.o
    0x00074774   0x00074774   0x000000d8   Code   RO         1751    i.gap_params_init   nrf_dfu_ble.o
    0x0007484c   0x0007484c   0x00000174   Code   RO          799    i.image_copy        nrf_bootloader_fw_activation.o
    0x000749c0   0x000749c0   0x0000003c   Code   RO          528    i.inactivity_timeout  nrf_bootloader.o
    0x000749fc   0x000749fc   0x0000000c   Code   RO         3790    i.init              nrf_fstorage_nvmc.o
    0x00074a08   0x00074a08   0x00000038   Code   RO         3864    i.init              nrf_fstorage_sd.o
    0x00074a40   0x00074a40   0x000000a6   Code   RO         3654    i.int_print         nrf_fprintf_format.o
    0x00074ae6   0x00074ae6   0x00000034   Code   RO         4389    i.invalid_packets_omit  nrf_log_frontend.o
    0x00074b1a   0x00074b1a   0x00000002   PAD
    0x00074b1c   0x00074b1c   0x00000010   Code   RO         3791    i.is_busy           nrf_fstorage_nvmc.o
    0x00074b2c   0x00074b2c   0x00000010   Code   RO         3865    i.is_busy           nrf_fstorage_sd.o
    0x00074b3c   0x00074b3c   0x000000d4   Code   RO         2654    i.is_major_softdevice_update  nrf_dfu_validation.o
    0x00074c10   0x00074c10   0x0000002e   Code   RO         5360    i.iter_from_extension  pb_decode.o
    0x00074c3e   0x00074c3e   0x00000002   Code   RO         4390    i.log_pending_hook  nrf_log_frontend.o
    0x00074c40   0x00074c40   0x000000f0   Code   RO         4391    i.log_skip          nrf_log_frontend.o
    0x00074d30   0x00074d30   0x000000c4   Code   RO           26    i.main              main.o
    0x00074df4   0x00074df4   0x000000dc   Code   RO         3977    i.memobj_op         nrf_memobj.o
    0x00074ed0   0x00074ed0   0x00000030   Code   RO         4392    i.module_idx_get    nrf_log_frontend.o
    0x00074f00   0x00074f00   0x00000010   Code   RO         3367    i.nrf_atfifo_clear  nrf_atfifo.o
    0x00074f10   0x00074f10   0x00000026   Code   RO         3369    i.nrf_atfifo_init   nrf_atfifo.o
    0x00074f36   0x00074f36   0x00000016   Code   RO         3370    i.nrf_atfifo_item_alloc  nrf_atfifo.o
    0x00074f4c   0x00074f4c   0x00000016   Code   RO         3371    i.nrf_atfifo_item_free  nrf_atfifo.o
    0x00074f62   0x00074f62   0x00000016   Code   RO         3372    i.nrf_atfifo_item_get  nrf_atfifo.o
    0x00074f78   0x00074f78   0x00000016   Code   RO         3373    i.nrf_atfifo_item_put  nrf_atfifo.o
    0x00074f8e   0x00074f8e   0x00000006   Code   RO         3439    i.nrf_atomic_flag_clear  nrf_atomic.o
    0x00074f94   0x00074f94   0x00000006   Code   RO         3440    i.nrf_atomic_flag_clear_fetch  nrf_atomic.o
    0x00074f9a   0x00074f9a   0x00000006   Code   RO         3441    i.nrf_atomic_flag_set  nrf_atomic.o
    0x00074fa0   0x00074fa0   0x00000006   Code   RO         3442    i.nrf_atomic_flag_set_fetch  nrf_atomic.o
    0x00074fa6   0x00074fa6   0x0000000c   Code   RO         3443    i.nrf_atomic_u32_add  nrf_atomic.o
    0x00074fb2   0x00074fb2   0x0000000c   Code   RO         3444    i.nrf_atomic_u32_and  nrf_atomic.o
    0x00074fbe   0x00074fbe   0x0000000a   Code   RO         3447    i.nrf_atomic_u32_fetch_and  nrf_atomic.o
    0x00074fc8   0x00074fc8   0x0000000a   Code   RO         3448    i.nrf_atomic_u32_fetch_or  nrf_atomic.o
    0x00074fd2   0x00074fd2   0x0000000a   Code   RO         3449    i.nrf_atomic_u32_fetch_store  nrf_atomic.o
    0x00074fdc   0x00074fdc   0x0000000c   Code   RO         3453    i.nrf_atomic_u32_or  nrf_atomic.o
    0x00074fe8   0x00074fe8   0x0000000c   Code   RO         3455    i.nrf_atomic_u32_sub  nrf_atomic.o
    0x00074ff4   0x00074ff4   0x000000cc   Code   RO         3577    i.nrf_balloc_alloc  nrf_balloc.o
    0x000750c0   0x000750c0   0x00000090   Code   RO         3578    i.nrf_balloc_free   nrf_balloc.o
    0x00075150   0x00075150   0x000000b0   Code   RO         3579    i.nrf_balloc_init   nrf_balloc.o
    0x00075200   0x00075200   0x00000128   Code   RO          641    i.nrf_bootloader_app_start  nrf_bootloader_app_start.o
    0x00075328   0x00075328   0x00000120   Code   RO          669    i.nrf_bootloader_app_start_final  nrf_bootloader_app_start_final.o
    0x00075448   0x00075448   0x00000028   Code   RO          709    i.nrf_bootloader_dfu_inactivity_timer_restart  nrf_bootloader_dfu_timers.o
    0x00075470   0x00075470   0x00000018   Code   RO          710    i.nrf_bootloader_dfu_timer_counter_get  nrf_bootloader_dfu_timers.o
    0x00075488   0x00075488   0x00000064   Code   RO          670    i.nrf_bootloader_flash_protect  nrf_bootloader_app_start_final.o
    0x000754ec   0x000754ec   0x000001cc   Code   RO          800    i.nrf_bootloader_fw_activate  nrf_bootloader_fw_activation.o
    0x000756b8   0x000756b8   0x000001a4   Code   RO          529    i.nrf_bootloader_init  nrf_bootloader.o
    0x0007585c   0x0007585c   0x00000030   Code   RO          857    i.nrf_bootloader_mbr_addrs_populate  nrf_bootloader_info.o
    0x0007588c   0x0007588c   0x00000014   Code   RO          893    i.nrf_bootloader_wdt_feed  nrf_bootloader_wdt.o
    0x000758a0   0x000758a0   0x00000014   Code   RO          711    i.nrf_bootloader_wdt_feed_timer_start  nrf_bootloader_dfu_timers.o
    0x000758b4   0x000758b4   0x000000e8   Code   RO          894    i.nrf_bootloader_wdt_init  nrf_bootloader_wdt.o
    0x0007599c   0x0007599c   0x00000006   Code   RO         1499    i.nrf_crypto_backend_micro_ecc_curve_get  micro_ecc_backend_ecc.o
    0x000759a2   0x000759a2   0x00000010   Code   RO         1504    i.nrf_crypto_backend_micro_ecc_public_key_from_raw  micro_ecc_backend_ecc.o
    0x000759b2   0x000759b2   0x00000056   Code   RO         1657    i.nrf_crypto_backend_micro_ecc_verify  micro_ecc_backend_ecdsa.o
    0x00075a08   0x00075a08   0x00000034   Code   RO          967    i.nrf_crypto_ecc_public_key_from_raw  nrf_crypto_ecc.o
    0x00075a3c   0x00075a3c   0x0000004c   Code   RO         1124    i.nrf_crypto_ecdsa_verify  nrf_crypto_ecdsa.o
    0x00075a88   0x00075a88   0x00000036   Code   RO         1199    i.nrf_crypto_hash_calculate  nrf_crypto_hash.o
    0x00075abe   0x00075abe   0x00000036   Code   RO         1200    i.nrf_crypto_hash_finalize  nrf_crypto_hash.o
    0x00075af4   0x00075af4   0x0000002c   Code   RO         1201    i.nrf_crypto_hash_init  nrf_crypto_hash.o
    0x00075b20   0x00075b20   0x0000002e   Code   RO         1202    i.nrf_crypto_hash_update  nrf_crypto_hash.o
    0x00075b4e   0x00075b4e   0x00000002   PAD
    0x00075b50   0x00075b50   0x00000040   Code   RO         1277    i.nrf_crypto_init   nrf_crypto_init.o
    0x00075b90   0x00075b90   0x0000001a   Code   RO         1328    i.nrf_crypto_internal_double_swap_endian  nrf_crypto_shared.o
    0x00075baa   0x00075baa   0x00000016   Code   RO         1329    i.nrf_crypto_internal_double_swap_endian_in_place  nrf_crypto_shared.o
    0x00075bc0   0x00075bc0   0x00000018   Code   RO          969    i.nrf_crypto_internal_ecc_key_input_check  nrf_crypto_ecc.o
    0x00075bd8   0x00075bd8   0x0000001a   Code   RO          970    i.nrf_crypto_internal_ecc_key_output_prepare  nrf_crypto_ecc.o
    0x00075bf2   0x00075bf2   0x00000016   Code   RO          971    i.nrf_crypto_internal_ecc_raw_input_check  nrf_crypto_ecc.o
    0x00075c08   0x00075c08   0x00000074   Code   RO         1330    i.nrf_crypto_internal_swap_endian  nrf_crypto_shared.o
    0x00075c7c   0x00075c7c   0x00000068   Code   RO         1331    i.nrf_crypto_internal_swap_endian_in_place  nrf_crypto_shared.o
    0x00075ce4   0x00075ce4   0x00000028   Code   RO         2582    i.nrf_dfu_bank0_start_addr  nrf_dfu_utils.o
    0x00075d0c   0x00075d0c   0x00000020   Code   RO         2583    i.nrf_dfu_bank1_start_addr  nrf_dfu_utils.o
    0x00075d2c   0x00075d2c   0x00000014   Code   RO         2584    i.nrf_dfu_bank_invalidate  nrf_dfu_utils.o
    0x00075d40   0x00075d40   0x00000350   Code   RO         2585    i.nrf_dfu_cache_prepare  nrf_dfu_utils.o
    0x00076090   0x00076090   0x000000ec   Code   RO         2082    i.nrf_dfu_command_req  nrf_dfu_req_handler.o
    0x0007617c   0x0007617c   0x0000007c   Code   RO         2083    i.nrf_dfu_data_req  nrf_dfu_req_handler.o
    0x000761f8   0x000761f8   0x000000d4   Code   RO         1942    i.nrf_dfu_flash_erase  nrf_dfu_flash.o
    0x000762cc   0x000762cc   0x00000098   Code   RO         1943    i.nrf_dfu_flash_init  nrf_dfu_flash.o
    0x00076364   0x00076364   0x000000c0   Code   RO         1944    i.nrf_dfu_flash_store  nrf_dfu_flash.o
    0x00076424   0x00076424   0x00000098   Code   RO         1708    i.nrf_dfu_init      nrf_dfu.o
    0x000764bc   0x000764bc   0x00000040   Code   RO          531    i.nrf_dfu_init_user  nrf_bootloader.o
    0x000764fc   0x000764fc   0x00000016   Code   RO         2037    i.nrf_dfu_mbr_copy_bl  nrf_dfu_mbr.o
    0x00076512   0x00076512   0x00000002   PAD
    0x00076514   0x00076514   0x00000018   Code   RO         2038    i.nrf_dfu_mbr_init_sd  nrf_dfu_mbr.o
    0x0007652c   0x0007652c   0x0000000c   Code   RO         2039    i.nrf_dfu_mbr_irq_forward_address_set  nrf_dfu_mbr.o
    0x00076538   0x00076538   0x00000080   Code   RO         2084    i.nrf_dfu_obj_op    nrf_dfu_req_handler.o
    0x000765b8   0x000765b8   0x00000044   Code   RO         2085    i.nrf_dfu_req_handler_init  nrf_dfu_req_handler.o
    0x000765fc   0x000765fc   0x00000058   Code   RO         2086    i.nrf_dfu_req_handler_on_req  nrf_dfu_req_handler.o
    0x00076654   0x00076654   0x00000004   Code   RO         2087    i.nrf_dfu_req_handler_req  nrf_dfu_req_handler.o
    0x00076658   0x00076658   0x00000144   Code   RO         2088    i.nrf_dfu_req_handler_req_process  nrf_dfu_req_handler.o
    0x0007679c   0x0007679c   0x00000020   Code   RO         4666    i.nrf_dfu_set_adv_name_handler  nrf_dfu_svci_handler.o
    0x000767bc   0x000767bc   0x00000038   Code   RO         4667    i.nrf_dfu_set_adv_name_on_call  nrf_dfu_svci_handler.o
    0x000767f4   0x000767f4   0x00000024   Code   RO         4668    i.nrf_dfu_set_adv_name_on_sys_evt  nrf_dfu_svci_handler.o
    0x00076818   0x00076818   0x00000078   Code   RO         2499    i.nrf_dfu_settings_additional_erase  nrf_dfu_settings_svci.o
    0x00076890   0x00076890   0x00000018   Code   RO         2500    i.nrf_dfu_settings_adv_name_copy  nrf_dfu_settings_svci.o
    0x000768a8   0x000768a8   0x00000020   Code   RO         2501    i.nrf_dfu_settings_adv_name_is_valid  nrf_dfu_settings_svci.o
    0x000768c8   0x000768c8   0x00000038   Code   RO         2502    i.nrf_dfu_settings_adv_name_write  nrf_dfu_settings_svci.o
    0x00076900   0x00076900   0x0000000c   Code   RO         2399    i.nrf_dfu_settings_backup  nrf_dfu_settings.o
    0x0007690c   0x0007690c   0x000000e4   Code   RO         2400    i.nrf_dfu_settings_init  nrf_dfu_settings.o
    0x000769f0   0x000769f0   0x00000028   Code   RO         2401    i.nrf_dfu_settings_progress_reset  nrf_dfu_settings.o
    0x00076a18   0x00076a18   0x0000019c   Code   RO         2402    i.nrf_dfu_settings_reinit  nrf_dfu_settings.o
    0x00076bb4   0x00076bb4   0x00000034   Code   RO         2403    i.nrf_dfu_settings_write  nrf_dfu_settings.o
    0x00076be8   0x00076be8   0x00000020   Code   RO         2404    i.nrf_dfu_settings_write_and_backup  nrf_dfu_settings.o
    0x00076c08   0x00076c08   0x00000006   Code   RO         2586    i.nrf_dfu_softdevice_start_address  nrf_dfu_utils.o
    0x00076c0e   0x00076c0e   0x00000002   PAD
    0x00076c10   0x00076c10   0x000000bc   Code   RO         2550    i.nrf_dfu_transports_close  nrf_dfu_transport.o
    0x00076ccc   0x00076ccc   0x000000b8   Code   RO         2551    i.nrf_dfu_transports_init  nrf_dfu_transport.o
    0x00076d84   0x00076d84   0x00000006   Code   RO         2655    i.nrf_dfu_validation_activation_prepare  nrf_dfu_validation.o
    0x00076d8a   0x00076d8a   0x00000002   PAD
    0x00076d8c   0x00076d8c   0x000000a4   Code   RO         2656    i.nrf_dfu_validation_boot_validate  nrf_dfu_validation.o
    0x00076e30   0x00076e30   0x00000178   Code   RO         2657    i.nrf_dfu_validation_hash_ok  nrf_dfu_validation.o
    0x00076fa8   0x00076fa8   0x00000024   Code   RO         2658    i.nrf_dfu_validation_init  nrf_dfu_validation.o
    0x00076fcc   0x00076fcc   0x00000088   Code   RO         2659    i.nrf_dfu_validation_init_cmd_append  nrf_dfu_validation.o
    0x00077054   0x00077054   0x00000034   Code   RO         2660    i.nrf_dfu_validation_init_cmd_create  nrf_dfu_validation.o
    0x00077088   0x00077088   0x000000e4   Code   RO         2661    i.nrf_dfu_validation_init_cmd_execute  nrf_dfu_validation.o
    0x0007716c   0x0007716c   0x0000000c   Code   RO         2662    i.nrf_dfu_validation_init_cmd_present  nrf_dfu_validation.o
    0x00077178   0x00077178   0x000000ac   Code   RO         2665    i.nrf_dfu_validation_prevalidate  nrf_dfu_validation.o
    0x00077224   0x00077224   0x00000214   Code   RO         2666    i.nrf_dfu_validation_signature_check  nrf_dfu_validation.o
    0x00077438   0x00077438   0x00000198   Code   RO         2827    i.nrf_dfu_ver_validation_check  nrf_dfu_ver_validation.o
    0x000775d0   0x000775d0   0x0000007c   Code   RO         3614    i.nrf_fprintf       nrf_fprintf.o
    0x0007764c   0x0007764c   0x00000054   Code   RO         3615    i.nrf_fprintf_buffer_flush  nrf_fprintf.o
    0x000776a0   0x000776a0   0x00000254   Code   RO         3655    i.nrf_fprintf_fmt   nrf_fprintf_format.o
    0x000778f4   0x000778f4   0x000000c0   Code   RO         3696    i.nrf_fstorage_erase  nrf_fstorage.o
    0x000779b4   0x000779b4   0x00000068   Code   RO         3697    i.nrf_fstorage_init  nrf_fstorage.o
    0x00077a1c   0x00077a1c   0x00000050   Code   RO         3698    i.nrf_fstorage_is_busy  nrf_fstorage.o
    0x00077a6c   0x00077a6c   0x00000018   Code   RO         3866    i.nrf_fstorage_sdh_req_handler  nrf_fstorage_sd.o
    0x00077a84   0x00077a84   0x00000020   Code   RO         3867    i.nrf_fstorage_sdh_state_handler  nrf_fstorage_sd.o
    0x00077aa4   0x00077aa4   0x000000a0   Code   RO         3868    i.nrf_fstorage_sys_evt_handler  nrf_fstorage_sd.o
    0x00077b44   0x00077b44   0x000000f8   Code   RO         3703    i.nrf_fstorage_write  nrf_fstorage.o
    0x00077c3c   0x00077c3c   0x00000032   Code   RO          333    i.nrf_gpio_cfg      boards.o
    0x00077c6e   0x00077c6e   0x00000002   PAD
    0x00077c70   0x00077c70   0x00000058   Code   RO          334    i.nrf_gpio_pin_port_decode  boards.o
    0x00077cc8   0x00077cc8   0x00000058   Code   RO          532    i.nrf_gpio_pin_port_decode  nrf_bootloader.o
    0x00077d20   0x00077d20   0x00000026   Code   RO          335    i.nrf_gpio_pin_write  boards.o
    0x00077d46   0x00077d46   0x00000002   PAD
    0x00077d48   0x00077d48   0x00000054   Code   RO         4393    i.nrf_log_backend_add  nrf_log_frontend.o
    0x00077d9c   0x00077d9c   0x00000002   Code   RO         4249    i.nrf_log_backend_rtt_flush  nrf_log_backend_rtt.o
    0x00077d9e   0x00077d9e   0x00000004   Code   RO         4250    i.nrf_log_backend_rtt_init  nrf_log_backend_rtt.o
    0x00077da2   0x00077da2   0x00000002   Code   RO         4251    i.nrf_log_backend_rtt_panic_set  nrf_log_backend_rtt.o
    0x00077da4   0x00077da4   0x00000018   Code   RO         4252    i.nrf_log_backend_rtt_put  nrf_log_backend_rtt.o
    0x00077dbc   0x00077dbc   0x000000c8   Code   RO         4315    i.nrf_log_backend_serial_put  nrf_log_backend_serial.o
    0x00077e84   0x00077e84   0x00000030   Code   RO         4395    i.nrf_log_color_id_get  nrf_log_frontend.o
    0x00077eb4   0x00077eb4   0x0000002c   Code   RO         4349    i.nrf_log_default_backends_init  nrf_log_default_backends.o
    0x00077ee0   0x00077ee0   0x00000238   Code   RO         4396    i.nrf_log_frontend_dequeue  nrf_log_frontend.o
    0x00078118   0x00078118   0x000000ac   Code   RO         4397    i.nrf_log_frontend_hexdump  nrf_log_frontend.o
    0x000781c4   0x000781c4   0x00000008   Code   RO         4398    i.nrf_log_frontend_std_0  nrf_log_frontend.o
    0x000781cc   0x000781cc   0x0000000e   Code   RO         4399    i.nrf_log_frontend_std_1  nrf_log_frontend.o
    0x000781da   0x000781da   0x00000010   Code   RO         4400    i.nrf_log_frontend_std_2  nrf_log_frontend.o
    0x000781ea   0x000781ea   0x00000012   Code   RO         4401    i.nrf_log_frontend_std_3  nrf_log_frontend.o
    0x000781fc   0x000781fc   0x00000014   Code   RO         4402    i.nrf_log_frontend_std_4  nrf_log_frontend.o
    0x00078210   0x00078210   0x0000001c   Code   RO         4403    i.nrf_log_frontend_std_5  nrf_log_frontend.o
    0x0007822c   0x0007822c   0x000000b0   Code   RO         4584    i.nrf_log_hexdump_entry_process  nrf_log_str_formatter.o
    0x000782dc   0x000782dc   0x00000028   Code   RO         4405    i.nrf_log_init      nrf_log_frontend.o
    0x00078304   0x00078304   0x00000014   Code   RO         4406    i.nrf_log_module_cnt_get  nrf_log_frontend.o
    0x00078318   0x00078318   0x0000001c   Code   RO         4409    i.nrf_log_module_name_get  nrf_log_frontend.o
    0x00078334   0x00078334   0x0000002c   Code   RO         4410    i.nrf_log_panic     nrf_log_frontend.o
    0x00078360   0x00078360   0x000000b6   Code   RO         4585    i.nrf_log_std_entry_process  nrf_log_str_formatter.o
    0x00078416   0x00078416   0x00000060   Code   RO         3978    i.nrf_memobj_alloc  nrf_memobj.o
    0x00078476   0x00078476   0x00000032   Code   RO         3979    i.nrf_memobj_free   nrf_memobj.o
    0x000784a8   0x000784a8   0x00000008   Code   RO         3980    i.nrf_memobj_get    nrf_memobj.o
    0x000784b0   0x000784b0   0x00000004   Code   RO         3981    i.nrf_memobj_pool_init  nrf_memobj.o
    0x000784b4   0x000784b4   0x0000001e   Code   RO         3982    i.nrf_memobj_put    nrf_memobj.o
    0x000784d2   0x000784d2   0x00000002   PAD
    0x000784d4   0x000784d4   0x0000005c   Code   RO         3983    i.nrf_memobj_read   nrf_memobj.o
    0x00078530   0x00078530   0x00000058   Code   RO         3984    i.nrf_memobj_write  nrf_memobj.o
    0x00078588   0x00078588   0x00000030   Code   RO         2874    i.nrf_nvmc_page_erase  nrf_nvmc.o
    0x000785b8   0x000785b8   0x00000030   Code   RO         2877    i.nrf_nvmc_write_word  nrf_nvmc.o
    0x000785e8   0x000785e8   0x00000044   Code   RO         2878    i.nrf_nvmc_write_words  nrf_nvmc.o
    0x0007862c   0x0007862c   0x0000001c   Code   RO         4078    i.nrf_ringbuf_init  nrf_ringbuf.o
    0x00078648   0x00078648   0x0000000c   Code   RO          712    i.nrf_rtc_event_clear  nrf_bootloader_dfu_timers.o
    0x00078654   0x00078654   0x00000014   Code   RO         5229    i.nrf_sdh_ble_app_ram_start_get  nrf_sdh_ble.o
    0x00078668   0x00078668   0x00000130   Code   RO         5230    i.nrf_sdh_ble_default_cfg_set  nrf_sdh_ble.o
    0x00078798   0x00078798   0x00000130   Code   RO         5231    i.nrf_sdh_ble_enable  nrf_sdh_ble.o
    0x000788c8   0x000788c8   0x0000006c   Code   RO         5232    i.nrf_sdh_ble_evts_poll  nrf_sdh_ble.o
    0x00078934   0x00078934   0x00000054   Code   RO         5103    i.nrf_sdh_disable_request  nrf_sdh.o
    0x00078988   0x00078988   0x00000074   Code   RO         5104    i.nrf_sdh_enable_request  nrf_sdh.o
    0x000789fc   0x000789fc   0x00000030   Code   RO         5105    i.nrf_sdh_evts_poll  nrf_sdh.o
    0x00078a2c   0x00078a2c   0x0000000c   Code   RO         5106    i.nrf_sdh_is_enabled  nrf_sdh.o
    0x00078a38   0x00078a38   0x0000001c   Code   RO         5108    i.nrf_sdh_request_continue  nrf_sdh.o
    0x00078a54   0x00078a54   0x00000048   Code   RO         5291    i.nrf_sdh_soc_evts_poll  nrf_sdh_soc.o
    0x00078a9c   0x00078a9c   0x00000018   Code   RO         5111    i.nrf_section_iter_get  nrf_sdh.o
    0x00078ab4   0x00078ab4   0x00000018   Code   RO         5233    i.nrf_section_iter_get  nrf_sdh_ble.o
    0x00078acc   0x00078acc   0x00000018   Code   RO         5292    i.nrf_section_iter_get  nrf_sdh_soc.o
    0x00078ae4   0x00078ae4   0x00000030   Code   RO         4136    i.nrf_section_iter_init  nrf_section_iter.o
    0x00078b14   0x00078b14   0x0000004c   Code   RO         4137    i.nrf_section_iter_item_set  nrf_section_iter.o
    0x00078b60   0x00078b60   0x00000054   Code   RO         4138    i.nrf_section_iter_next  nrf_section_iter.o
    0x00078bb4   0x00078bb4   0x00000038   Code   RO         4172    i.nrf_strerror_find  nrf_strerror.o
    0x00078bec   0x00078bec   0x00000014   Code   RO         4173    i.nrf_strerror_get  nrf_strerror.o
    0x00078c00   0x00078c00   0x0000005c   Code   RO         4718    i.nrf_svc_handler_c  nrf_svc_handler.o
    0x00078c5c   0x00078c5c   0x00000024   Code   RO         1454    i.nrf_sw_backend_hash_sha256_finalize  nrf_sw_backend_hash.o
    0x00078c80   0x00078c80   0x00000006   Code   RO         1455    i.nrf_sw_backend_hash_sha256_init  nrf_sw_backend_hash.o
    0x00078c86   0x00078c86   0x00000006   Code   RO         1456    i.nrf_sw_backend_hash_sha256_update  nrf_sw_backend_hash.o
    0x00078c8c   0x00078c8c   0x00000010   Code   RO          895    i.nrf_wdt_started   nrf_bootloader_wdt.o
    0x00078c9c   0x00078c9c   0x00000018   Code   RO         5550    i.nvmc_config       system_nrf52.o
    0x00078cb4   0x00078cb4   0x00000080   Code   RO         2089    i.on_cmd_obj_create_request  nrf_dfu_req_handler.o
    0x00078d34   0x00078d34   0x000000c4   Code   RO         2090    i.on_cmd_obj_execute_request  nrf_dfu_req_handler.o
    0x00078df8   0x00078df8   0x000000ac   Code   RO         2091    i.on_cmd_obj_write_request  nrf_dfu_req_handler.o
    0x00078ea4   0x00078ea4   0x000000a0   Code   RO         1752    i.on_ctrl_pt_write  nrf_dfu_ble.o
    0x00078f44   0x00078f44   0x0000007c   Code   RO         2092    i.on_data_obj_crc_request  nrf_dfu_req_handler.o
    0x00078fc0   0x00078fc0   0x00000214   Code   RO         2093    i.on_data_obj_create_request  nrf_dfu_req_handler.o
    0x000791d4   0x000791d4   0x000000bc   Code   RO         2094    i.on_data_obj_execute_request  nrf_dfu_req_handler.o
    0x00079290   0x00079290   0x00000144   Code   RO         2095    i.on_data_obj_execute_request_sched  nrf_dfu_req_handler.o
    0x000793d4   0x000793d4   0x00000098   Code   RO         2096    i.on_data_obj_select_request  nrf_dfu_req_handler.o
    0x0007946c   0x0007946c   0x00000134   Code   RO         2097    i.on_data_obj_write_request  nrf_dfu_req_handler.o
    0x000795a0   0x000795a0   0x00000064   Code   RO         2098    i.on_dfu_complete   nrf_dfu_req_handler.o
    0x00079604   0x00079604   0x00000050   Code   RO           27    i.on_error          main.o
    0x00079654   0x00079654   0x00000048   Code   RO         1753    i.on_flash_write    nrf_dfu_ble.o
    0x0007969c   0x0007969c   0x00000088   Code   RO         1754    i.on_rw_authorize_req  nrf_dfu_ble.o
    0x00079724   0x00079724   0x0000013c   Code   RO         1755    i.on_write          nrf_dfu_ble.o
    0x00079860   0x00079860   0x00000042   Code   RO         5362    i.pb_dec_bytes      pb_decode.o
    0x000798a2   0x000798a2   0x00000006   Code   RO         5363    i.pb_dec_fixed32    pb_decode.o
    0x000798a8   0x000798a8   0x00000006   Code   RO         5364    i.pb_dec_fixed64    pb_decode.o
    0x000798ae   0x000798ae   0x0000003e   Code   RO         5365    i.pb_dec_string     pb_decode.o
    0x000798ec   0x000798ec   0x00000040   Code   RO         5366    i.pb_dec_submessage  pb_decode.o
    0x0007992c   0x0007992c   0x00000058   Code   RO         5367    i.pb_dec_svarint    pb_decode.o
    0x00079984   0x00079984   0x00000058   Code   RO         5368    i.pb_dec_uvarint    pb_decode.o
    0x000799dc   0x000799dc   0x0000005a   Code   RO         5369    i.pb_dec_varint     pb_decode.o
    0x00079a36   0x00079a36   0x0000001e   Code   RO         5370    i.pb_decode         pb_decode.o
    0x00079a54   0x00079a54   0x00000020   Code   RO         5372    i.pb_decode_fixed32  pb_decode.o
    0x00079a74   0x00079a74   0x0000005c   Code   RO         5373    i.pb_decode_fixed64  pb_decode.o
    0x00079ad0   0x00079ad0   0x00000186   Code   RO         5374    i.pb_decode_noinit  pb_decode.o
    0x00079c56   0x00079c56   0x0000003a   Code   RO         5375    i.pb_decode_svarint  pb_decode.o
    0x00079c90   0x00079c90   0x00000042   Code   RO         5376    i.pb_decode_tag     pb_decode.o
    0x00079cd2   0x00079cd2   0x0000004a   Code   RO         5377    i.pb_decode_varint  pb_decode.o
    0x00079d1c   0x00079d1c   0x0000004c   Code   RO         5378    i.pb_decode_varint32  pb_decode.o
    0x00079d68   0x00079d68   0x0000007c   Code   RO         2668    i.pb_decoding_callback  nrf_dfu_validation.o
    0x00079de4   0x00079de4   0x00000022   Code   RO         5329    i.pb_field_iter_begin  pb_common.o
    0x00079e06   0x00079e06   0x0000002e   Code   RO         5330    i.pb_field_iter_find  pb_common.o
    0x00079e34   0x00079e34   0x0000007e   Code   RO         5331    i.pb_field_iter_next  pb_common.o
    0x00079eb2   0x00079eb2   0x000000a4   Code   RO         5379    i.pb_field_set_to_default  pb_decode.o
    0x00079f56   0x00079f56   0x00000002   PAD
    0x00079f58   0x00079f58   0x00000014   Code   RO         5380    i.pb_istream_from_buffer  pb_decode.o
    0x00079f6c   0x00079f6c   0x00000036   Code   RO         5381    i.pb_make_string_substream  pb_decode.o
    0x00079fa2   0x00079fa2   0x00000026   Code   RO         5382    i.pb_message_set_to_defaults  pb_decode.o
    0x00079fc8   0x00079fc8   0x00000058   Code   RO         5383    i.pb_read           pb_decode.o
    0x0007a020   0x0007a020   0x00000020   Code   RO         5384    i.pb_readbyte       pb_decode.o
    0x0007a040   0x0007a040   0x0000005a   Code   RO         5385    i.pb_skip_field     pb_decode.o
    0x0007a09a   0x0007a09a   0x00000002   PAD
    0x0007a09c   0x0007a09c   0x0000003c   Code   RO         4587    i.postfix_process   nrf_log_str_formatter.o
    0x0007a0d8   0x0007a0d8   0x00000098   Code   RO         2669    i.postvalidate      nrf_dfu_validation.o
    0x0007a170   0x0007a170   0x000000b0   Code   RO         2670    i.postvalidate_app  nrf_dfu_validation.o
    0x0007a220   0x0007a220   0x0000013c   Code   RO         2671    i.postvalidate_sd_bl  nrf_dfu_validation.o
    0x0007a35c   0x0007a35c   0x00000098   Code   RO         4588    i.prefix_process    nrf_log_str_formatter.o
    0x0007a3f4   0x0007a3f4   0x0000001a   Code   RO         3161    i.privilege_level_get  app_util_platform.o
    0x0007a40e   0x0007a40e   0x00000002   PAD
    0x0007a410   0x0007a410   0x00000014   Code   RO         3869    i.queue_free        nrf_fstorage_sd.o
    0x0007a424   0x0007a424   0x0000009c   Code   RO         3870    i.queue_process     nrf_fstorage_sd.o
    0x0007a4c0   0x0007a4c0   0x00000024   Code   RO         3871    i.queue_start       nrf_fstorage_sd.o
    0x0007a4e4   0x0007a4e4   0x0000000e   Code   RO         3792    i.read              nrf_fstorage_nvmc.o
    0x0007a4f2   0x0007a4f2   0x0000000e   Code   RO         3872    i.read              nrf_fstorage_sd.o
    0x0007a500   0x0007a500   0x00000062   Code   RO         5386    i.read_raw_value    pb_decode.o
    0x0007a562   0x0007a562   0x00000020   Code   RO         1756    i.response_crc_add  nrf_dfu_ble.o
    0x0007a582   0x0007a582   0x00000002   PAD
    0x0007a584   0x0007a584   0x00000034   Code   RO         1757    i.response_send     nrf_dfu_ble.o
    0x0007a5b8   0x0007a5b8   0x00000004   Code   RO         3793    i.rmap              nrf_fstorage_nvmc.o
    0x0007a5bc   0x0007a5bc   0x00000004   Code   RO         3873    i.rmap              nrf_fstorage_sd.o
    0x0007a5c0   0x0007a5c0   0x0000019c   Code   RO          801    i.sd_activate       nrf_bootloader_fw_activation.o
    0x0007a75c   0x0007a75c   0x00000098   Code   RO          802    i.sd_bl_activate    nrf_bootloader_fw_activation.o
    0x0007a7f4   0x0007a7f4   0x00000044   Code   RO         2828    i.sd_req_check      nrf_dfu_ver_validation.o
    0x0007a838   0x0007a838   0x00000088   Code   RO         2829    i.sd_req_ok         nrf_dfu_ver_validation.o
    0x0007a8c0   0x0007a8c0   0x00000038   Code   RO         5112    i.sdh_request_observer_notify  nrf_sdh.o
    0x0007a8f8   0x0007a8f8   0x00000034   Code   RO         5113    i.sdh_state_observer_notify  nrf_sdh.o
    0x0007a92c   0x0007a92c   0x00000050   Code   RO         4253    i.serial_tx         nrf_log_backend_rtt.o
    0x0007a97c   0x0007a97c   0x000000d8   Code   RO         2405    i.settings_backup   nrf_dfu_settings.o
    0x0007aa54   0x0007aa54   0x0000000a   Code   RO         2406    i.settings_crc_get  nrf_dfu_settings.o
    0x0007aa5e   0x0007aa5e   0x00000002   PAD
    0x0007aa60   0x0007aa60   0x000003b4   Code   RO         2407    i.settings_write    nrf_dfu_settings.o
    0x0007ae14   0x0007ae14   0x00000110   Code   RO         4205    i.sha256_final      sha256.o
    0x0007af24   0x0007af24   0x00000054   Code   RO         4206    i.sha256_init       sha256.o
    0x0007af78   0x0007af78   0x0000012c   Code   RO         4207    i.sha256_transform  sha256.o
    0x0007b0a4   0x0007b0a4   0x00000054   Code   RO         4208    i.sha256_update     sha256.o
    0x0007b0f8   0x0007b0f8   0x00000040   Code   RO         5114    i.softdevice_evt_irq_disable  nrf_sdh.o
    0x0007b138   0x0007b138   0x00000088   Code   RO         2672    i.softdevice_info_ok  nrf_dfu_validation.o
    0x0007b1c0   0x0007b1c0   0x00000058   Code   RO         5115    i.softdevices_evt_irq_enable  nrf_sdh.o
    0x0007b218   0x0007b218   0x000000a0   Code   RO         4412    i.std_header_set    nrf_log_frontend.o
    0x0007b2b8   0x0007b2b8   0x0000006c   Code   RO         4413    i.std_n             nrf_log_frontend.o
    0x0007b324   0x0007b324   0x00000184   Code   RO         2673    i.stored_init_cmd_decode  nrf_dfu_validation.o
    0x0007b4a8   0x0007b4a8   0x00000080   Code   RO         1758    i.tea_decrypt       nrf_dfu_ble.o
    0x0007b528   0x0007b528   0x000000c4   Code   RO          713    i.timer_activate    nrf_bootloader_dfu_timers.o
    0x0007b5ec   0x0007b5ec   0x00000074   Code   RO          714    i.timer_init        nrf_bootloader_dfu_timers.o
    0x0007b660   0x0007b660   0x0000001a   Code   RO          715    i.timer_start       nrf_bootloader_dfu_timers.o
    0x0007b67a   0x0007b67a   0x00000002   PAD
    0x0007b67c   0x0007b67c   0x0000004c   Code   RO          716    i.timer_stop        nrf_bootloader_dfu_timers.o
    0x0007b6c8   0x0007b6c8   0x00000012   Code   RO         1759    i.uint32_encode     nrf_dfu_ble.o
    0x0007b6da   0x0007b6da   0x00000002   PAD
    0x0007b6dc   0x0007b6dc   0x00000010   Code   RO         3794    i.uninit            nrf_fstorage_nvmc.o
    0x0007b6ec   0x0007b6ec   0x00000020   Code   RO         3874    i.uninit            nrf_fstorage_sd.o
    0x0007b70c   0x0007b70c   0x000000b4   Code   RO         3656    i.unsigned_print    nrf_fprintf_format.o
    0x0007b7c0   0x0007b7c0   0x00000088   Code   RO         2674    i.update_data_addr_get  nrf_dfu_validation.o
    0x0007b848   0x0007b848   0x000000d8   Code   RO         2675    i.update_data_size_get  nrf_dfu_validation.o
    0x0007b920   0x0007b920   0x00000038   Code   RO         1760    i.update_key        nrf_dfu_ble.o
    0x0007b958   0x0007b958   0x00000020   Code   RO         1203    i.verify_context    nrf_crypto_hash.o
    0x0007b978   0x0007b978   0x0000003c   Code   RO          896    i.wdt_feed          nrf_bootloader_wdt.o
    0x0007b9b4   0x0007b9b4   0x00000038   Code   RO          897    i.wdt_feed_timer_handler  nrf_bootloader_wdt.o
    0x0007b9ec   0x0007b9ec   0x00000004   Code   RO         3795    i.wmap              nrf_fstorage_nvmc.o
    0x0007b9f0   0x0007b9f0   0x00000004   Code   RO         3875    i.wmap              nrf_fstorage_sd.o
    0x0007b9f4   0x0007b9f4   0x00000044   Code   RO         3796    i.write             nrf_fstorage_nvmc.o
    0x0007ba38   0x0007ba38   0x00000050   Code   RO         3876    i.write             nrf_fstorage_sd.o
    0x0007ba88   0x0007ba88   0x00000040   Data   RO            1    .constdata          dfu_public_key.o
    0x0007bac8   0x0007bac8   0x00000008   PAD
    0x0007bad0   0x0007bad0   0x00000006   Data   RO           28    .constdata          main.o
    0x0007bad6   0x0007bad6   0x00000008   Data   RO          336    .constdata          boards.o
    0x0007bade   0x0007bade   0x00000002   PAD
    0x0007bae0   0x0007bae0   0x00000006   Data   RO          717    .constdata          nrf_bootloader_dfu_timers.o
    0x0007bae6   0x0007bae6   0x00000002   PAD
    0x0007bae8   0x0007bae8   0x00000018   Data   RO         1457    .constdata          nrf_sw_backend_hash.o
    0x0007bb00   0x0007bb00   0x0000000c   Data   RO         1507    .constdata          micro_ecc_backend_ecc.o
    0x0007bb0c   0x0007bb0c   0x00000001   Data   RO         1686    .constdata          dfu-cc.pb.o
    0x0007bb0d   0x0007bb0d   0x00000003   PAD
    0x0007bb10   0x0007bb10   0x00000030   Data   RO         1687    .constdata          dfu-cc.pb.o
    0x0007bb40   0x0007bb40   0x00000030   Data   RO         1688    .constdata          dfu-cc.pb.o
    0x0007bb70   0x0007bb70   0x000000b0   Data   RO         1689    .constdata          dfu-cc.pb.o
    0x0007bc20   0x0007bc20   0x00000030   Data   RO         1690    .constdata          dfu-cc.pb.o
    0x0007bc50   0x0007bc50   0x00000040   Data   RO         1691    .constdata          dfu-cc.pb.o
    0x0007bc90   0x0007bc90   0x00000030   Data   RO         1692    .constdata          dfu-cc.pb.o
    0x0007bcc0   0x0007bcc0   0x00000118   Data   RO         1764    .constdata          nrf_dfu_ble.o
    0x0007bdd8   0x0007bdd8   0x00000010   Data   RO         2040    .constdata          nrf_dfu_mbr.o
    0x0007bde8   0x0007bde8   0x00000030   Data   RO         2099    .constdata          nrf_dfu_req_handler.o
    0x0007be18   0x0007be18   0x00000010   Data   RO         3657    .constdata          nrf_fprintf_format.o
    0x0007be28   0x0007be28   0x0000000c   Data   RO         3797    .constdata          nrf_fstorage_nvmc.o
    0x0007be34   0x0007be34   0x00000020   Data   RO         3798    .constdata          nrf_fstorage_nvmc.o
    0x0007be54   0x0007be54   0x00000010   Data   RO         3879    .constdata          nrf_fstorage_sd.o
    0x0007be64   0x0007be64   0x00000020   Data   RO         3880    .constdata          nrf_fstorage_sd.o
    0x0007be84   0x0007be84   0x0000013c   Data   RO         4174    .constdata          nrf_strerror.o
    0x0007bfc0   0x0007bfc0   0x00000100   Data   RO         4209    .constdata          sha256.o
    0x0007c0c0   0x0007c0c0   0x0000000c   Data   RO         4255    .constdata          nrf_log_backend_rtt.o
    0x0007c0cc   0x0007c0cc   0x00000004   PAD
    0x0007c0d0   0x0007c0d0   0x00000006   Data   RO         4256    .constdata          nrf_log_backend_rtt.o
    0x0007c0d6   0x0007c0d6   0x00000002   PAD
    0x0007c0d8   0x0007c0d8   0x0000000c   Data   RO         4418    .constdata          nrf_log_frontend.o
    0x0007c0e4   0x0007c0e4   0x00000010   Data   RO         5116    .constdata          nrf_sdh.o
    0x0007c0f4   0x0007c0f4   0x00000028   Data   RO         5117    .constdata          nrf_sdh.o
    0x0007c11c   0x0007c11c   0x00000010   Data   RO         5118    .constdata          nrf_sdh.o
    0x0007c12c   0x0007c12c   0x00000010   Data   RO         5119    .constdata          nrf_sdh.o
    0x0007c13c   0x0007c13c   0x00000020   Data   RO         5234    .constdata          nrf_sdh_ble.o
    0x0007c15c   0x0007c15c   0x00000010   Data   RO         5235    .constdata          nrf_sdh_ble.o
    0x0007c16c   0x0007c16c   0x00000010   Data   RO         5293    .constdata          nrf_sdh_soc.o
    0x0007c17c   0x0007c17c   0x0000000c   Data   RO         5294    .constdata          nrf_sdh_soc.o
    0x0007c188   0x0007c188   0x00000024   Data   RO         5387    .constdata          pb_decode.o
    0x0007c1ac   0x0007c1ac   0x00000081   Data   RO         5697    .constdata          mc_w.l(ctype_o.o)
    0x0007c22d   0x0007c22d   0x00000003   PAD
    0x0007c230   0x0007c230   0x00000004   Data   RO         5698    .constdata          mc_w.l(ctype_o.o)
    0x0007c234   0x0007c234   0x00000050   Data   RO          671    .conststring        nrf_bootloader_app_start_final.o
    0x0007c284   0x0007c284   0x0000004b   Data   RO          718    .conststring        nrf_bootloader_dfu_timers.o
    0x0007c2cf   0x0007c2cf   0x00000001   PAD
    0x0007c2d0   0x0007c2d0   0x000000f4   Data   RO          803    .conststring        nrf_bootloader_fw_activation.o
    0x0007c3c4   0x0007c3c4   0x0000008d   Data   RO         1765    .conststring        nrf_dfu_ble.o
    0x0007c451   0x0007c451   0x00000003   PAD
    0x0007c454   0x0007c454   0x00000043   Data   RO         1945    .conststring        nrf_dfu_flash.o
    0x0007c497   0x0007c497   0x00000001   PAD
    0x0007c498   0x0007c498   0x000000bd   Data   RO         2100    .conststring        nrf_dfu_req_handler.o
    0x0007c555   0x0007c555   0x00000003   PAD
    0x0007c558   0x0007c558   0x00000152   Data   RO         2412    .conststring        nrf_dfu_settings.o
    0x0007c6aa   0x0007c6aa   0x00000002   PAD
    0x0007c6ac   0x0007c6ac   0x00000043   Data   RO         2587    .conststring        nrf_dfu_utils.o
    0x0007c6ef   0x0007c6ef   0x00000001   PAD
    0x0007c6f0   0x0007c6f0   0x00000244   Data   RO         2677    .conststring        nrf_dfu_validation.o
    0x0007c934   0x0007c934   0x0000004c   Data   RO         2830    .conststring        nrf_dfu_ver_validation.o
    0x0007c980   0x0007c980   0x00000051   Data   RO         4139    .conststring        nrf_section_iter.o
    0x0007c9d1   0x0007c9d1   0x00000003   PAD
    0x0007c9d4   0x0007c9d4   0x000003eb   Data   RO         4175    .conststring        nrf_strerror.o
    0x0007cdbf   0x0007cdbf   0x00000001   PAD
    0x0007cdc0   0x0007cdc0   0x00000047   Data   RO         4350    .conststring        nrf_log_default_backends.o
    0x0007ce07   0x0007ce07   0x00000001   PAD
    0x0007ce08   0x0007ce08   0x00000066   Data   RO         4589    .conststring        nrf_log_str_formatter.o
    0x0007ce6e   0x0007ce6e   0x00000002   PAD
    0x0007ce70   0x0007ce70   0x00000051   Data   RO         5120    .conststring        nrf_sdh.o
    0x0007cec1   0x0007cec1   0x00000003   PAD
    0x0007cec4   0x0007cec4   0x000001cf   Data   RO         5236    .conststring        nrf_sdh_ble.o
    0x0007d093   0x0007d093   0x00000001   PAD
    0x0007d094   0x0007d094   0x00000013   Data   RO          898    .conststrlit        nrf_bootloader_wdt.o
    0x0007d0a7   0x0007d0a7   0x00000001   PAD
    0x0007d0a8   0x0007d0a8   0x0000000c   Data   RO         1766    .conststrlit        nrf_dfu_ble.o
    0x0007d0b4   0x0007d0b4   0x0000000e   Data   RO         1946    .conststrlit        nrf_dfu_flash.o
    0x0007d0c2   0x0007d0c2   0x00000002   PAD
    0x0007d0c4   0x0007d0c4   0x00000014   Data   RO         2101    .conststrlit        nrf_dfu_req_handler.o
    0x0007d0d8   0x0007d0d8   0x00000011   Data   RO         2413    .conststrlit        nrf_dfu_settings.o
    0x0007d0e9   0x0007d0e9   0x00000003   PAD
    0x0007d0ec   0x0007d0ec   0x00000016   Data   RO         2503    .conststrlit        nrf_dfu_settings_svci.o
    0x0007d102   0x0007d102   0x00000002   PAD
    0x0007d104   0x0007d104   0x00000013   Data   RO         2678    .conststrlit        nrf_dfu_validation.o
    0x0007d117   0x0007d117   0x00000001   PAD
    0x0007d118   0x0007d118   0x00000017   Data   RO         2831    .conststrlit        nrf_dfu_ver_validation.o
    0x0007d12f   0x0007d12f   0x00000001   PAD
    0x0007d130   0x0007d130   0x00000009   Data   RO         3263    .conststrlit        mem_manager.o
    0x0007d139   0x0007d139   0x00000003   PAD
    0x0007d13c   0x0007d13c   0x0000000d   Data   RO         3709    .conststrlit        nrf_fstorage.o
    0x0007d149   0x0007d149   0x00000003   PAD
    0x0007d14c   0x0007d14c   0x00000010   Data   RO         4351    .conststrlit        nrf_log_default_backends.o
    0x0007d15c   0x0007d15c   0x00000004   Data   RO         4419    .conststrlit        nrf_log_frontend.o
    0x0007d160   0x0007d160   0x00000008   Data   RO         5121    .conststrlit        nrf_sdh.o
    0x0007d168   0x0007d168   0x0000000c   Data   RO         5237    .conststrlit        nrf_sdh_ble.o
    0x0007d174   0x0007d174   0x0000000c   Data   RO         5296    .conststrlit        nrf_sdh_soc.o
    0x0007d180   0x0007d180   0x000000b0   Data   RO         5677    .rodata.curve_secp256r1  micro_ecc_lib_nrf52.lib(uECC.c.o)
    0x0007d230   0x0007d230   0x00000020   Data   RO         5758    Region$$Table       anon$$obj.o
    0x0007d250   0x0007d250   0x00000008   Data   RO         1769    dfu_trans           nrf_dfu_ble.o
    0x0007d258   0x0007d258   0x00000010   Data   RO         4353    log_backends        nrf_log_default_backends.o
    0x0007d268   0x0007d268   0x00000008   Data   RO          900    log_const_data      nrf_bootloader_wdt.o
    0x0007d270   0x0007d270   0x00000008   Data   RO         1770    log_const_data      nrf_dfu_ble.o
    0x0007d278   0x0007d278   0x00000008   Data   RO         1949    log_const_data      nrf_dfu_flash.o
    0x0007d280   0x0007d280   0x00000008   Data   RO         2103    log_const_data      nrf_dfu_req_handler.o
    0x0007d288   0x0007d288   0x00000008   Data   RO         2415    log_const_data      nrf_dfu_settings.o
    0x0007d290   0x0007d290   0x00000008   Data   RO         2504    log_const_data      nrf_dfu_settings_svci.o
    0x0007d298   0x0007d298   0x00000008   Data   RO         2680    log_const_data      nrf_dfu_validation.o
    0x0007d2a0   0x0007d2a0   0x00000008   Data   RO         2832    log_const_data      nrf_dfu_ver_validation.o
    0x0007d2a8   0x0007d2a8   0x00000008   Data   RO         3265    log_const_data      mem_manager.o
    0x0007d2b0   0x0007d2b0   0x00000008   Data   RO         3710    log_const_data      nrf_fstorage.o
    0x0007d2b8   0x0007d2b8   0x00000008   Data   RO         4423    log_const_data      nrf_log_frontend.o
    0x0007d2c0   0x0007d2c0   0x00000008   Data   RO         5123    log_const_data      nrf_sdh.o
    0x0007d2c8   0x0007d2c8   0x00000008   Data   RO         5239    log_const_data      nrf_sdh_ble.o
    0x0007d2d0   0x0007d2d0   0x00000008   Data   RO         5297    log_const_data      nrf_sdh_soc.o
    0x0007d2d8   0x0007d2d8   0x00000014   Data   RO         1771    nrf_balloc          nrf_dfu_ble.o
    0x0007d2ec   0x0007d2ec   0x00000014   Data   RO         4424    nrf_balloc          nrf_log_frontend.o
    0x0007d300   0x0007d300   0x00000008   Data   RO         1772    sdh_ble_observers2  nrf_dfu_ble.o
    0x0007d308   0x0007d308   0x00000008   Data   RO         3882    sdh_req_observers0  nrf_fstorage_sd.o
    0x0007d310   0x0007d310   0x00000008   Data   RO         3883    sdh_soc_observers0  nrf_fstorage_sd.o
    0x0007d318   0x0007d318   0x00000008   Data   RO         5240    sdh_stack_observers0  nrf_sdh_ble.o
    0x0007d320   0x0007d320   0x00000008   Data   RO         5298    sdh_stack_observers0  nrf_sdh_soc.o
    0x0007d328   0x0007d328   0x00000008   Data   RO         3884    sdh_state_observers0  nrf_fstorage_sd.o
    0x0007d330   0x0007d330   0x0000000c   Data   RO         4669    svc_data            nrf_dfu_svci_handler.o


    Execution Region RW_IRAM1 (Exec base: 0x20005968, Load base: 0x0007d33c, Size: 0x000059c0, Max: 0x0000a698, ABSOLUTE, COMPRESSED[0x00000078])

    Exec Addr    Load Addr    Size         Type   Attr      Idx    E Section Name        Object

    0x20005968   COMPRESSED   0x00000008   Data   RW          535    .data               nrf_bootloader.o
    0x20005970   COMPRESSED   0x00000030   Data   RW          719    .data               nrf_bootloader_dfu_timers.o
    0x200059a0   COMPRESSED   0x00000001   Data   RW          804    .data               nrf_bootloader_fw_activation.o
    0x200059a1   COMPRESSED   0x00000001   Data   RW          899    .data               nrf_bootloader_wdt.o
    0x200059a2   COMPRESSED   0x00000001   Data   RW         1281    .data               nrf_crypto_init.o
    0x200059a3   COMPRESSED   0x00000001   PAD
    0x200059a4   COMPRESSED   0x00000004   Data   RW         1709    .data               nrf_dfu.o
    0x200059a8   COMPRESSED   0x00000034   Data   RW         1767    .data               nrf_dfu_ble.o
    0x200059dc   COMPRESSED   0x00000008   Data   RW         1768    .data               nrf_dfu_ble.o
    0x200059e4   COMPRESSED   0x00000008   Data   RW         1947    .data               nrf_dfu_flash.o
    0x200059ec   COMPRESSED   0x00000001   Data   RW         2007    .data               nrf_dfu_handling_error.o
    0x200059ed   COMPRESSED   0x00000003   PAD
    0x200059f0   COMPRESSED   0x00000010   Data   RW         2102    .data               nrf_dfu_req_handler.o
    0x20005a00   COMPRESSED   0x00000004   Data   RW         2414    .data               nrf_dfu_settings.o
    0x20005a04   COMPRESSED   0x00000010   Data   RW         2679    .data               nrf_dfu_validation.o
    0x20005a14   COMPRESSED   0x00000010   Data   RW         3105    .data               app_scheduler.o
    0x20005a24   COMPRESSED   0x00000004   Data   RW         3799    .data               nrf_fstorage_nvmc.o
    0x20005a28   COMPRESSED   0x00000008   Data   RW         3881    .data               nrf_fstorage_sd.o
    0x20005a30   COMPRESSED   0x00000001   Data   RW         4257    .data               nrf_log_backend_rtt.o
    0x20005a31   COMPRESSED   0x00000003   PAD
    0x20005a34   COMPRESSED   0x00000008   Data   RW         4352    .data               nrf_log_default_backends.o
    0x20005a3c   COMPRESSED   0x00000004   Data   RW         4420    .data               nrf_log_frontend.o
    0x20005a40   COMPRESSED   0x00000008   Data   RW         4421    .data               nrf_log_frontend.o
    0x20005a48   COMPRESSED   0x00000008   Data   RW         4422    .data               nrf_log_frontend.o
    0x20005a50   COMPRESSED   0x00000040   Data   RW         4590    .data               nrf_log_str_formatter.o
    0x20005a90   COMPRESSED   0x00000003   Data   RW         5122    .data               nrf_sdh.o
    0x20005a93   COMPRESSED   0x00000001   Data   RW         5238    .data               nrf_sdh_ble.o
    0x20005a94   COMPRESSED   0x00000004   Data   RW         5552    .data               system_nrf52.o
    0x20005a98   COMPRESSED   0x00000014   Data   RW         1948    fs_data             nrf_dfu_flash.o
    0x20005aac        -       0x00000420   Zero   RW          533    .bss                nrf_bootloader.o
    0x20005ecc        -       0x00000150   Zero   RW         1761    .bss                nrf_dfu_ble.o
    0x2000601c        -       0x00000011   Zero   RW         1762    .bss                nrf_dfu_ble.o
    0x2000602d   COMPRESSED   0x00000003   PAD
    0x20006030        -       0x00001034   Zero   RW         1763    .bss                nrf_dfu_ble.o
    0x20007064        -       0x00000a80   Zero   RW         2411    .bss                nrf_dfu_settings.o
    0x20007ae4        -       0x000003f4   Zero   RW         2676    .bss                nrf_dfu_validation.o
    0x20007ed8        -       0x0000000c   Zero   RW         3162    .bss                app_util_platform.o
    0x20007ee4        -       0x00000010   Zero   RW         3877    .bss                nrf_fstorage_sd.o
    0x20007ef4        -       0x000001f0   Zero   RW         3878    .bss                nrf_fstorage_sd.o
    0x200080e4        -       0x00000040   Zero   RW         4254    .bss                nrf_log_backend_rtt.o
    0x20008124        -       0x000000c0   Zero   RW         4414    .bss                nrf_log_frontend.o
    0x200081e4        -       0x00000080   Zero   RW         4415    .bss                nrf_log_frontend.o
    0x20008264        -       0x00000018   Zero   RW         4416    .bss                nrf_log_frontend.o
    0x2000827c        -       0x00001020   Zero   RW         4417    .bss                nrf_log_frontend.o
    0x2000929c        -       0x00001088   Zero   RW         4776    .bss                segger_rtt.o
    0x2000a324   COMPRESSED   0x00000004   PAD
    0x2000a328        -       0x00001000   Zero   RW         5538    STACK               arm_startup_nrf52.o



  Load Region LR$$.ARM.__AT_0x0007E000 (Base: 0x0007e000, Size: 0x00000000, Max: 0x00001000, ABSOLUTE)

    Execution Region ER$$.ARM.__AT_0x0007E000 (Exec base: 0x0007e000, Load base: 0x0007e000, Size: 0x00001000, Max: 0x00001000, ABSOLUTE, UNINIT)

    Exec Addr    Load Addr    Size         Type   Attr      Idx    E Section Name        Object

    0x0007e000        -       0x00001000   Zero   RW         2408    .ARM.__AT_0x0007E000  nrf_dfu_settings.o



  Load Region LR$$.ARM.__AT_0x0007F000 (Base: 0x0007f000, Size: 0x00000000, Max: 0x00001000, ABSOLUTE)

    Execution Region ER$$.ARM.__AT_0x0007F000 (Exec base: 0x0007f000, Load base: 0x0007f000, Size: 0x00001000, Max: 0x00001000, ABSOLUTE, UNINIT)

    Exec Addr    Load Addr    Size         Type   Attr      Idx    E Section Name        Object

    0x0007f000        -       0x00001000   Zero   RW         2409    .ARM.__AT_0x0007F000  nrf_dfu_settings.o



  Load Region LR$$.ARM.__AT_0x10001014 (Base: 0x10001014, Size: 0x00000004, Max: 0x00000004, ABSOLUTE)

    Execution Region ER$$.ARM.__AT_0x10001014 (Exec base: 0x10001014, Load base: 0x10001014, Size: 0x00000004, Max: 0x00000004, ABSOLUTE, UNINIT)

    Exec Addr    Load Addr    Size         Type   Attr      Idx    E Section Name        Object

    0x10001014   0x10001014   0x00000004   Data   RW          858    .ARM.__AT_0x10001014  nrf_bootloader_info.o



  Load Region LR$$.ARM.__AT_0x10001018 (Base: 0x10001018, Size: 0x00000004, Max: 0x00000004, ABSOLUTE)

    Execution Region ER$$.ARM.__AT_0x10001018 (Exec base: 0x10001018, Load base: 0x10001018, Size: 0x00000004, Max: 0x00000004, ABSOLUTE, UNINIT)

    Exec Addr    Load Addr    Size         Type   Attr      Idx    E Section Name        Object

    0x10001018   0x10001018   0x00000004   Data   RO         2410    .ARM.__AT_0x10001018  nrf_dfu_settings.o


==============================================================================

Image component sizes


      Code (inc. data)   RO Data    RW Data    ZI Data      Debug   Object Name

       268         16          0         16          0      41701   app_scheduler.o
       314        144          0          0         12      11356   app_util_platform.o
        36          8        512          0       4096        900   arm_startup_nrf52.o
         8          0          0          0          0      27622   ble_srv_common.o
       438        150          8          0          0       9653   boards.o
        60          6          0          0          0       1444   crc32.o
         0          0        433          0          0       1422   dfu-cc.pb.o
         0          0         64          0          0       5256   dfu_public_key.o
       504        218          6          0          0     112362   main.o
         0          0         17          0          0       5453   mem_manager.o
        22          0         12          0          0      25357   micro_ecc_backend_ecc.o
        86          0          0          0          0       2286   micro_ecc_backend_ecdsa.o
        20          0          0          0          0       2894   nrf_assert.o
       342          0          0          0          0       8386   nrf_atfifo.o
       328          0          0          0          0      10071   nrf_atomic.o
       524        232          0          0          0       3748   nrf_balloc.o
      1424        640          0          8       1056      30526   nrf_bootloader.o
       296        186          0          0          0        771   nrf_bootloader_app_start.o
       388        132         80          0          0       9167   nrf_bootloader_app_start_final.o
       674        152         81         48          0      47717   nrf_bootloader_dfu_timers.o
      2076        988        244          1          0       7613   nrf_bootloader_fw_activation.o
        48          6          0          4          0       1066   nrf_bootloader_info.o
       416        170         27          1          0      37331   nrf_bootloader_wdt.o
       124          4          0          0          0      30120   nrf_crypto_ecc.o
        76          4          0          0          0      37465   nrf_crypto_ecdsa.o
       230         12          0          0          0      10093   nrf_crypto_hash.o
        64         14          0          1          0       2989   nrf_crypto_init.o
       268        130          0          0          0       3864   nrf_crypto_shared.o
       192         86          0          4          0       3087   nrf_dfu.o
      4206       1576        477         60       4501     113994   nrf_dfu_ble.o
       812        442         89         28          0       6395   nrf_dfu_flash.o
        28         10          0          1          0       1608   nrf_dfu_handling_error.o
        58          6         16          0          0       8530   nrf_dfu_mbr.o
      3246       1518        265         16          0      82096   nrf_dfu_req_handler.o
      1992       1046        367          4      10880      11794   nrf_dfu_settings.o
       232         68         30          0          0       4722   nrf_dfu_settings_svci.o
       124         16         12          0          0       6099   nrf_dfu_svci_handler.o
       372        198          0          0          0       2664   nrf_dfu_transport.o
       946        436         67          0          0       5099   nrf_dfu_utils.o
      3982       1426        607         16       1012      26738   nrf_dfu_validation.o
       612        164        107          0          0      10896   nrf_dfu_ver_validation.o
       208         98          0          0          0       3453   nrf_fprintf.o
       988         62         16          0          0       6414   nrf_fprintf_format.o
       678        192         21          0          0       7221   nrf_fstorage.o
       260         20         44          4          0       9416   nrf_fstorage_nvmc.o
       794         82         72          8        512      16751   nrf_fstorage_sd.o
       112         18         18          1         64       5333   nrf_log_backend_rtt.o
       200          0          0          0          0      10761   nrf_log_backend_serial.o
        44          8        103          8          0       3245   nrf_log_default_backends.o
      1914        274         44         20       4472      33915   nrf_log_frontend.o
       570        108        102         64          0       5452   nrf_log_str_formatter.o
       588        172          0          0          0       9295   nrf_memobj.o
       164         28          0          0          0       2595   nrf_nvmc.o
        28          0          0          0          0       2255   nrf_ringbuf.o
       612         68        185          3          0      45262   nrf_sdh.o
       760        240        539          1          0       8069   nrf_sdh_ble.o
        96         12         56          0          0       2984   nrf_sdh_soc.o
       208         16         81          0          0       2852   nrf_section_iter.o
        76         10       1319          0          0       2607   nrf_strerror.o
       112         10          0          0          0       2421   nrf_svc_handler.o
        48          0         24          0          0       5376   nrf_sw_backend_hash.o
       206          0          0          0          0       3360   pb_common.o
      2322         14         36          0          0      35730   pb_decode.o
       382         40          0          0       4232       8701   segger_rtt.o
       740         40        256          0          0       5052   sha256.o
       752         78          0          4          0      32049   system_nrf52.o

    ----------------------------------------------------------------------
     38738      11794       6528        328      30844    1042924   Object Totals
         0          0         32          0          0          0   (incl. Generated)
        40          0         59          7          7          0   (incl. Padding)

    ----------------------------------------------------------------------

      Code (inc. data)   RO Data    RW Data    ZI Data      Debug   Library Member Name

        86          0          0          0          0          0   __dczerorl2.o
         8          4        133          0          0         68   ctype_o.o
         0          0          0          0          0          0   entry.o
         0          0          0          0          0          0   entry10a.o
         0          0          0          0          0          0   entry11a.o
         8          4          0          0          0          0   entry2.o
         4          0          0          0          0          0   entry5.o
         0          0          0          0          0          0   entry7b.o
         0          0          0          0          0          0   entry8b.o
         8          4          0          0          0          0   entry9a.o
        30          0          0          0          0          0   handlers.o
        36          8          0          0          0         68   init.o
        30          0          0          0          0         68   llshl.o
        26          0          0          0          0         80   memcmp.o
        36          0          0          0          0         68   memcpya.o
        36          0          0          0          0        108   memseta.o
        18          0          0          0          0         68   strcpy.o
        14          0          0          0          0         68   strlen.o
      4034          8        176          0          0      50084   uECC.c.o

    ----------------------------------------------------------------------
      4406         28        312          0          0      50680   Library Totals
        32          0          3          0          0          0   (incl. Padding)

    ----------------------------------------------------------------------

      Code (inc. data)   RO Data    RW Data    ZI Data      Debug   Library Name

       340         20        133          0          0        596   mc_w.l
      4034          8        176          0          0      50084   micro_ecc_lib_nrf52.lib

    ----------------------------------------------------------------------
      4406         28        312          0          0      50680   Library Totals

    ----------------------------------------------------------------------

==============================================================================


      Code (inc. data)   RO Data    RW Data    ZI Data      Debug   

     43144      11822       6840        328      30844    1059080   Grand Totals
     43144      11822       6840        124      30844    1059080   ELF Image Totals (compressed)
     43144      11822       6840        124          0          0   ROM Totals

==============================================================================

    Total RO  Size (Code + RO Data)                49984 (  48.81kB)
    Total RW  Size (RW Data + ZI Data)             31172 (  30.44kB)
    Total ROM Size (Code + RO Data + RW Data)      50108 (  48.93kB)

==============================================================================

