<html>
<body>
<pre>
<h1>µVision Build Log</h1>
<h2>Tool Versions:</h2>
IDE-Version: ¦ÌVision V5.39.0.0
Copyright (C) 2023 ARM Ltd and ARM Germany GmbH. All rights reserved.
License Information: marc luo, some, LIC=UJWP0-BNQMU-KPGZY-IDY98-K2DWM-VZL9U
 
Tool Versions:
Toolchain:       MDK-ARM Plus  Version: 5.39.0.0
Toolchain Path:  C:\Keil_v5\ARM\ARMCC\Bin
C Compiler:      Armcc.exe V5.06 update 3 (build 300)
Assembler:       Armasm.exe V5.06 update 3 (build 300)
Linker/Locator:  ArmLink.exe V5.06 update 3 (build 300)
Library Manager: ArmAr.exe V5.06 update 3 (build 300)
Hex Converter:   FromElf.exe V5.06 update 3 (build 300)
CPU DLL:         
Dialog DLL:      
Target DLL:      Segger\JL2CM3.dll V2.99.43.0
Dialog DLL:      TCM.DLL V1.56.4.0
 
<h2>Project:</h2>
D:\nRF5_SDK_17.1.0\examples\dfu\secure_bootloader\pca10040_s132_ble_debug\arm5_no_packs\secure_bootloader_ble_s132_pca10040_debug.uvprojx
Project File Date:  03/23/2024

<h2>Output:</h2>
*** Using Compiler 'V5.06 update 3 (build 300)', folder: 'C:\Keil_v5\ARM\ARMCC\Bin'
Build target 'nrf52832_xxaa_s132'
compiling dfu_public_key.c...
compiling main.c...
linking...
Program Size: Code=41700 RO-data=6844 RW-data=288 ZI-data=30588  
FromELF: creating hex file...
".\_build\nrf52832_xxaa_s132.axf" - 0 Error(s), 0 Warning(s).

<h2>Software Packages used:</h2>

Package Vendor: ARM
                http://www.keil.com/pack/ARM.CMSIS.5.6.0.pack
                ARM::CMSIS@5.6.0
                CMSIS (Cortex Microcontroller Software Interface Standard)
   * Component: CORE Version: 5.3.0

Package Vendor: NordicSemiconductor
                http://developer.nordicsemi.com/nRF5_SDK/pieces/nRF_DeviceFamilyPack/NordicSemiconductor.nRF_DeviceFamilyPack.8.40.3.pack
                NordicSemiconductor::nRF_DeviceFamilyPack@8.40.3
                Nordic Semiconductor nRF ARM devices Device Family Pack with BSD license.
   * Component: Startup Version: 8.40.3

<h2>Collection of Component include folders:</h2>
  ./RTE/_nrf52832_xxaa_s132
  C:/Keil_v5/ARM/PACK/ARM/CMSIS/5.6.0/CMSIS/Core/Include
  C:/Keil_v5/ARM/PACK/NordicSemiconductor/nRF_DeviceFamilyPack/8.40.3/Device/Include

<h2>Collection of Component Files used:</h2>

   * Component: ARM::CMSIS:CORE@5.3.0

   * Component: NordicSemiconductor::Device:Startup@8.40.3
      Source file:   Device/Source/system_nrf52.c
      Source file:   Device/Source/arm/arm_startup_nrf52.s
      Include file:  Device/Include/system_nrf52.h
      Include file:  Device/Include/system_nrf.h
Build Time Elapsed:  00:00:03
</pre>
</body>
</html>
