Component: ARM Compiler 5.06 update 4 (build 422) Tool: armlink [4d35d2]

==============================================================================

Section Cross References

    main.o(i.app_error_fault_handler) refers to nrf_log_frontend.o(i.nrf_log_frontend_std_3) for nrf_log_frontend_std_3
    main.o(i.app_error_fault_handler) refers to main.o(i.on_error) for on_error
    main.o(i.app_error_fault_handler) refers to nrf_log_frontend.o(log_const_data) for m_nrf_log_app_logs_data_const
    main.o(i.app_error_handler) refers to nrf_log_frontend.o(i.nrf_log_frontend_std_2) for nrf_log_frontend_std_2
    main.o(i.app_error_handler) refers to main.o(i.on_error) for on_error
    main.o(i.app_error_handler) refers to nrf_log_frontend.o(log_const_data) for m_nrf_log_app_logs_data_const
    main.o(i.app_error_handler_bare) refers to nrf_log_frontend.o(i.nrf_log_frontend_std_1) for nrf_log_frontend_std_1
    main.o(i.app_error_handler_bare) refers to main.o(i.on_error) for on_error
    main.o(i.app_error_handler_bare) refers to nrf_log_frontend.o(log_const_data) for m_nrf_log_app_logs_data_const
    main.o(i.dfu_observer) refers to boards.o(i.bsp_board_init) for bsp_board_init
    main.o(i.dfu_observer) refers to boards.o(i.bsp_board_led_on) for bsp_board_led_on
    main.o(i.dfu_observer) refers to boards.o(i.bsp_board_led_off) for bsp_board_led_off
    main.o(i.main) refers to nrf_bootloader_info.o(i.nrf_bootloader_mbr_addrs_populate) for nrf_bootloader_mbr_addrs_populate
    main.o(i.main) refers to nrf_bootloader_app_start_final.o(i.nrf_bootloader_flash_protect) for nrf_bootloader_flash_protect
    main.o(i.main) refers to nrf_log_frontend.o(i.nrf_log_init) for nrf_log_init
    main.o(i.main) refers to nrf_log_default_backends.o(i.nrf_log_default_backends_init) for nrf_log_default_backends_init
    main.o(i.main) refers to nrf_log_frontend.o(i.nrf_log_frontend_std_0) for nrf_log_frontend_std_0
    main.o(i.main) refers to nrf_bootloader.o(i.nrf_bootloader_init) for nrf_bootloader_init
    main.o(i.main) refers to main.o(i.app_error_handler_bare) for app_error_handler_bare
    main.o(i.main) refers to nrf_log_frontend.o(i.nrf_log_frontend_dequeue) for nrf_log_frontend_dequeue
    main.o(i.main) refers to nrf_bootloader_dfu_timers.o(i.nrf_bootloader_dfu_timer_counter_get) for nrf_bootloader_dfu_timer_counter_get
    main.o(i.main) refers to nrf_log_frontend.o(log_const_data) for m_nrf_log_app_logs_data_const
    main.o(i.main) refers to main.o(i.dfu_observer) for dfu_observer
    main.o(i.on_error) refers to nrf_log_frontend.o(i.nrf_log_panic) for nrf_log_panic
    main.o(i.on_error) refers to nrf_log_frontend.o(i.nrf_log_frontend_dequeue) for nrf_log_frontend_dequeue
    main.o(i.on_error) refers to main.o(.constdata) for .constdata
    tea_encrypte_app.o(i.decrypt_hex) refers to nrf_log_frontend.o(i.nrf_log_frontend_std_0) for nrf_log_frontend_std_0
    tea_encrypte_app.o(i.decrypt_hex) refers to nrf_log_frontend.o(i.nrf_log_frontend_std_1) for nrf_log_frontend_std_1
    tea_encrypte_app.o(i.decrypt_hex) refers to tea_encrypte_app.o(i.tea_decrypt) for tea_decrypt
    tea_encrypte_app.o(i.decrypt_hex) refers to tea_encrypte_app.o(i.update_key) for update_key
    tea_encrypte_app.o(i.decrypt_hex) refers to nrf_log_frontend.o(i.nrf_log_frontend_std_4) for nrf_log_frontend_std_4
    tea_encrypte_app.o(i.decrypt_hex) refers to nrf_log_frontend.o(log_const_data) for m_nrf_log_app_logs_data_const
    tea_encrypte_app.o(i.decrypt_hex) refers to tea_encrypte_app.o(.bss) for .bss
    tea_encrypte_app.o(i.decrypt_hex_from_flash) refers to nrf_log_frontend.o(i.nrf_log_frontend_std_1) for nrf_log_frontend_std_1
    tea_encrypte_app.o(i.decrypt_hex_from_flash) refers to nrf_log_frontend.o(i.nrf_log_frontend_dequeue) for nrf_log_frontend_dequeue
    tea_encrypte_app.o(i.decrypt_hex_from_flash) refers to memseta.o(.text) for __aeabi_memclr4
    tea_encrypte_app.o(i.decrypt_hex_from_flash) refers to memcpya.o(.text) for __aeabi_memcpy
    tea_encrypte_app.o(i.decrypt_hex_from_flash) refers to tea_encrypte_app.o(i.decrypt_hex) for decrypt_hex
    tea_encrypte_app.o(i.decrypt_hex_from_flash) refers to nrf_dfu_utils.o(i.nrf_dfu_bank0_start_addr) for nrf_dfu_bank0_start_addr
    tea_encrypte_app.o(i.decrypt_hex_from_flash) refers to nrf_dfu_flash.o(i.nrf_dfu_flash_erase) for nrf_dfu_flash_erase
    tea_encrypte_app.o(i.decrypt_hex_from_flash) refers to nrf_dfu_flash.o(i.nrf_dfu_flash_store) for nrf_dfu_flash_store
    tea_encrypte_app.o(i.decrypt_hex_from_flash) refers to nrf_log_frontend.o(log_const_data) for m_nrf_log_app_logs_data_const
    tea_encrypte_app.o(i.decrypt_hex_from_flash) refers to tea_encrypte_app.o(.bss) for .bss
    tea_encrypte_app.o(i.decrypt_hex_from_flash) refers to tea_encrypte_app.o(.data) for .data
    tea_encrypte_app.o(i.update_key) refers to tea_encrypte_app.o(.bss) for .bss
    tea_encrypte_app.o(i.update_key) refers to tea_encrypte_app.o(.data) for .data
[...]
    assert_nrf_callback                      0x00073075   Thumb Code    20  nrf_assert.o(i.assert_nrf_callback)
    ble_dfu_init                             0x000731f9   Thumb Code   194  nrf_dfu_ble.o(i.ble_dfu_init)
    ble_dfu_transport_close                  0x000733ed   Thumb Code   124  nrf_dfu_ble.o(i.ble_dfu_transport_close)
    ble_dfu_transport_init                   0x000734c9   Thumb Code   130  nrf_dfu_ble.o(i.ble_dfu_transport_init)
    ble_srv_is_notification_enabled          0x00073b29   Thumb Code     8  ble_srv_common.o(i.ble_srv_is_notification_enabled)
    bsp_board_init                           0x00073d9d   Thumb Code    80  boards.o(i.bsp_board_init)
    bsp_board_led_off                        0x00073df1   Thumb Code    30  boards.o(i.bsp_board_led_off)
    bsp_board_led_on                         0x00073e41   Thumb Code    30  boards.o(i.bsp_board_led_on)
    bsp_board_leds_off                       0x00073e91   Thumb Code    18  boards.o(i.bsp_board_leds_off)
    buffer_is_empty                          0x00073f6d   Thumb Code    18  nrf_log_frontend.o(i.buffer_is_empty)
    crc32_compute                            0x00073fa9   Thumb Code    54  crc32.o(i.crc32_compute)
    decrypt_hex_from_flash                   0x0007440d   Thumb Code   172  tea_encrypte_app.o(i.decrypt_hex_from_flash)
    dfu_fstorage_evt_handler                 0x000745f1   Thumb Code   126  nrf_dfu_flash.o(i.dfu_fstorage_evt_handler)
    ext_error_get                            0x00074911   Thumb Code    10  nrf_dfu_handling_error.o(i.ext_error_get)
    ext_error_set                            0x00074921   Thumb Code     8  nrf_dfu_handling_error.o(i.ext_error_set)
    fw_hash_ok                               0x00074945   Thumb Code    38  nrf_dfu_validation.o(i.fw_hash_ok)
    log_pending_hook                         0x00074e07   Thumb Code     2  nrf_log_frontend.o(i.log_pending_hook)
    main                                     0x00074e09   Thumb Code   102  main.o(i.main)
    nrf_atfifo_clear                         0x00074fd9   Thumb Code    16  nrf_atfifo.o(i.nrf_atfifo_clear)
    nrf_atfifo_init                          0x00074fe9   Thumb Code    38  nrf_atfifo.o(i.nrf_atfifo_init)
    nrf_atfifo_item_alloc                    0x0007500f   Thumb Code    22  nrf_atfifo.o(i.nrf_atfifo_item_alloc)
    nrf_atfifo_item_free                     0x00075025   Thumb Code    22  nrf_atfifo.o(i.nrf_atfifo_item_free)
    nrf_atfifo_item_get                      0x0007503b   Thumb Code    22  nrf_atfifo.o(i.nrf_atfifo_item_get)
    nrf_atfifo_item_put                      0x00075051   Thumb Code    22  nrf_atfifo.o(i.nrf_atfifo_item_put)
    nrf_atomic_flag_clear                    0x00075067   Thumb Code     6  nrf_atomic.o(i.nrf_atomic_flag_clear)
    nrf_atomic_flag_set_fetch                0x0007506d   Thumb Code     6  nrf_atomic.o(i.nrf_atomic_flag_set_fetch)
    nrf_atomic_u32_add                       0x00075073   Thumb Code    12  nrf_atomic.o(i.nrf_atomic_u32_add)
    nrf_atomic_u32_and                       0x0007507f   Thumb Code    12  nrf_atomic.o(i.nrf_atomic_u32_and)
    nrf_atomic_u32_fetch_or                  0x0007508b   Thumb Code    10  nrf_atomic.o(i.nrf_atomic_u32_fetch_or)
    nrf_atomic_u32_fetch_store               0x00075095   Thumb Code    10  nrf_atomic.o(i.nrf_atomic_u32_fetch_store)
    nrf_atomic_u32_sub                       0x0007509f   Thumb Code    12  nrf_atomic.o(i.nrf_atomic_u32_sub)
    nrf_balloc_alloc                         0x000750ad   Thumb Code    92  nrf_balloc.o(i.nrf_balloc_alloc)
    nrf_balloc_free                          0x00075179   Thumb Code    82  nrf_balloc.o(i.nrf_balloc_free)
    nrf_balloc_init                          0x00075209   Thumb Code   118  nrf_balloc.o(i.nrf_balloc_init)
    nrf_bootloader_app_start                 0x000752b9   Thumb Code   130  nrf_bootloader_app_start.o(i.nrf_bootloader_app_start)
    nrf_bootloader_app_start_final           0x0007540d   Thumb Code   160  nrf_bootloader_app_start_final.o(i.nrf_bootloader_app_start_final)
    nrf_bootloader_dfu_inactivity_timer_restart 0x0007552d   Thumb Code    34  nrf_bootloader_dfu_timers.o(i.nrf_bootloader_dfu_inactivity_timer_restart)
    nrf_bootloader_dfu_timer_counter_get     0x00075555   Thumb Code    16  nrf_bootloader_dfu_timers.o(i.nrf_bootloader_dfu_timer_counter_get)
    nrf_bootloader_flash_protect             0x0007556d   Thumb Code    96  nrf_bootloader_app_start_final.o(i.nrf_bootloader_flash_protect)
    nrf_bootloader_fw_activate               0x000755d1   Thumb Code   264  nrf_bootloader_fw_activation.o(i.nrf_bootloader_fw_activate)
    nrf_bootloader_init                      0x000757b9   Thumb Code   266  nrf_bootloader.o(i.nrf_bootloader_init)
    nrf_bootloader_mbr_addrs_populate        0x0007595d   Thumb Code    42  nrf_bootloader_info.o(i.nrf_bootloader_mbr_addrs_populate)
    nrf_bootloader_wdt_feed                  0x0007598d   Thumb Code    20  nrf_bootloader_wdt.o(i.nrf_bootloader_wdt_feed)
    nrf_bootloader_wdt_feed_timer_start      0x000759a1   Thumb Code    16  nrf_bootloader_dfu_timers.o(i.nrf_bootloader_wdt_feed_timer_start)
    nrf_bootloader_wdt_init                  0x000759b5   Thumb Code   110  nrf_bootloader_wdt.o(i.nrf_bootloader_wdt_init)
    nrf_crypto_backend_micro_ecc_curve_get   0x00075a9d   Thumb Code     6  micro_ecc_backend_ecc.o(i.nrf_crypto_backend_micro_ecc_curve_get)
    nrf_crypto_backend_micro_ecc_public_key_from_raw 0x00075aa3   Thumb Code    16  micro_ecc_backend_ecc.o(i.nrf_crypto_backend_micro_ecc_public_key_from_raw)
    nrf_crypto_backend_micro_ecc_verify      0x00075ab3   Thumb Code    86  micro_ecc_backend_ecdsa.o(i.nrf_crypto_backend_micro_ecc_verify)
    nrf_crypto_ecc_public_key_from_raw       0x00075b09   Thumb Code    48  nrf_crypto_ecc.o(i.nrf_crypto_ecc_public_key_from_raw)
    nrf_crypto_ecdsa_verify                  0x00075b3d   Thumb Code    72  nrf_crypto_ecdsa.o(i.nrf_crypto_ecdsa_verify)
    nrf_crypto_hash_calculate                0x00075b89   Thumb Code    54  nrf_crypto_hash.o(i.nrf_crypto_hash_calculate)
    nrf_crypto_hash_finalize                 0x00075bbf   Thumb Code    54  nrf_crypto_hash.o(i.nrf_crypto_hash_finalize)
    nrf_crypto_hash_init                     0x00075bf5   Thumb Code    38  nrf_crypto_hash.o(i.nrf_crypto_hash_init)
    nrf_crypto_hash_update                   0x00075c21   Thumb Code    46  nrf_crypto_hash.o(i.nrf_crypto_hash_update)
    nrf_crypto_init                          0x00075c51   Thumb Code    50  nrf_crypto_init.o(i.nrf_crypto_init)
    nrf_crypto_internal_double_swap_endian   0x00075c91   Thumb Code    26  nrf_crypto_shared.o(i.nrf_crypto_internal_double_swap_endian)
    nrf_crypto_internal_double_swap_endian_in_place 0x00075cab   Thumb Code    22  nrf_crypto_shared.o(i.nrf_crypto_internal_double_swap_endian_in_place)
    nrf_crypto_internal_ecc_key_input_check  0x00075cc1   Thumb Code    24  nrf_crypto_ecc.o(i.nrf_crypto_internal_ecc_key_input_check)
    nrf_crypto_internal_ecc_key_output_prepare 0x00075cd9   Thumb Code    26  nrf_crypto_ecc.o(i.nrf_crypto_internal_ecc_key_output_prepare)
    nrf_crypto_internal_ecc_raw_input_check  0x00075cf3   Thumb Code    22  nrf_crypto_ecc.o(i.nrf_crypto_internal_ecc_raw_input_check)
    nrf_crypto_internal_swap_endian          0x00075d09   Thumb Code    50  nrf_crypto_shared.o(i.nrf_crypto_internal_swap_endian)
    nrf_crypto_internal_swap_endian_in_place 0x00075d7d   Thumb Code    40  nrf_crypto_shared.o(i.nrf_crypto_internal_swap_endian_in_place)
    nrf_dfu_bank0_start_addr                 0x00075de5   Thumb Code    34  nrf_dfu_utils.o(i.nrf_dfu_bank0_start_addr)
    nrf_dfu_bank1_start_addr                 0x00075e0d   Thumb Code    28  nrf_dfu_utils.o(i.nrf_dfu_bank1_start_addr)
    nrf_dfu_bank_invalidate                  0x00075e2d   Thumb Code    14  nrf_dfu_utils.o(i.nrf_dfu_bank_invalidate)
    nrf_dfu_cache_prepare                    0x00075e41   Thumb Code   428  nrf_dfu_utils.o(i.nrf_dfu_cache_prepare)
    nrf_dfu_flash_erase                      0x000762f9   Thumb Code    84  nrf_dfu_flash.o(i.nrf_dfu_flash_erase)
    nrf_dfu_flash_init                       0x000763cd   Thumb Code    52  nrf_dfu_flash.o(i.nrf_dfu_flash_init)
    nrf_dfu_flash_store                      0x00076465   Thumb Code    92  nrf_dfu_flash.o(i.nrf_dfu_flash_store)
    nrf_dfu_init                             0x00076505   Thumb Code    70  nrf_dfu.o(i.nrf_dfu_init)
    nrf_dfu_init_user                        0x0007659d   Thumb Code    26  nrf_bootloader.o(i.nrf_dfu_init_user)
    nrf_dfu_mbr_copy_bl                      0x000765dd   Thumb Code    22  nrf_dfu_mbr.o(i.nrf_dfu_mbr_copy_bl)
    nrf_dfu_mbr_init_sd                      0x000765f5   Thumb Code    18  nrf_dfu_mbr.o(i.nrf_dfu_mbr_init_sd)
    nrf_dfu_mbr_irq_forward_address_set      0x0007660d   Thumb Code    12  nrf_dfu_mbr.o(i.nrf_dfu_mbr_irq_forward_address_set)
    nrf_dfu_req_handler_init                 0x00076699   Thumb Code    62  nrf_dfu_req_handler.o(i.nrf_dfu_req_handler_init)
    nrf_dfu_req_handler_on_req               0x000766dd   Thumb Code    46  nrf_dfu_req_handler.o(i.nrf_dfu_req_handler_on_req)
    nrf_dfu_settings_additional_erase        0x000768f9   Thumb Code    66  nrf_dfu_settings_svci.o(i.nrf_dfu_settings_additional_erase)
    nrf_dfu_settings_adv_name_copy           0x00076971   Thumb Code    20  nrf_dfu_settings_svci.o(i.nrf_dfu_settings_adv_name_copy)
    nrf_dfu_settings_adv_name_is_valid       0x00076989   Thumb Code    28  nrf_dfu_settings_svci.o(i.nrf_dfu_settings_adv_name_is_valid)
    nrf_dfu_settings_adv_name_write          0x000769a9   Thumb Code    50  nrf_dfu_settings_svci.o(i.nrf_dfu_settings_adv_name_write)
    nrf_dfu_settings_backup                  0x000769e1   Thumb Code     6  nrf_dfu_settings.o(i.nrf_dfu_settings_backup)
    nrf_dfu_settings_init                    0x000769ed   Thumb Code    78  nrf_dfu_settings.o(i.nrf_dfu_settings_init)
    nrf_dfu_settings_progress_reset          0x00076ad1   Thumb Code    34  nrf_dfu_settings.o(i.nrf_dfu_settings_progress_reset)
    nrf_dfu_settings_reinit                  0x00076af9   Thumb Code   264  nrf_dfu_settings.o(i.nrf_dfu_settings_reinit)
    nrf_dfu_settings_write                   0x00076c95   Thumb Code    42  nrf_dfu_settings.o(i.nrf_dfu_settings_write)
    nrf_dfu_settings_write_and_backup        0x00076cc9   Thumb Code    26  nrf_dfu_settings.o(i.nrf_dfu_settings_write_and_backup)
    nrf_dfu_softdevice_start_address         0x00076ce9   Thumb Code     6  nrf_dfu_utils.o(i.nrf_dfu_softdevice_start_address)
    nrf_dfu_transports_close                 0x00076cf1   Thumb Code    88  nrf_dfu_transport.o(i.nrf_dfu_transports_close)
    nrf_dfu_transports_init                  0x00076dad   Thumb Code    86  nrf_dfu_transport.o(i.nrf_dfu_transports_init)
    nrf_dfu_validation_activation_prepare    0x00076e65   Thumb Code     6  nrf_dfu_validation.o(i.nrf_dfu_validation_activation_prepare)
    nrf_dfu_validation_boot_validate         0x00076e6d   Thumb Code   150  nrf_dfu_validation.o(i.nrf_dfu_validation_boot_validate)
    nrf_dfu_validation_init                  0x000770f5   Thumb Code    26  nrf_dfu_validation.o(i.nrf_dfu_validation_init)
    nrf_dfu_validation_init_cmd_append       0x00077119   Thumb Code    86  nrf_dfu_validation.o(i.nrf_dfu_validation_init_cmd_append)
    nrf_dfu_validation_init_cmd_create       0x000771a1   Thumb Code    42  nrf_dfu_validation.o(i.nrf_dfu_validation_init_cmd_create)
    nrf_dfu_validation_init_cmd_execute      0x000771d5   Thumb Code   150  nrf_dfu_validation.o(i.nrf_dfu_validation_init_cmd_execute)
    nrf_dfu_validation_init_cmd_present      0x000772b9   Thumb Code     6  nrf_dfu_validation.o(i.nrf_dfu_validation_init_cmd_present)
    nrf_dfu_validation_prevalidate           0x000772c5   Thumb Code   114  nrf_dfu_validation.o(i.nrf_dfu_validation_prevalidate)
    nrf_dfu_ver_validation_check             0x00077585   Thumb Code   256  nrf_dfu_ver_validation.o(i.nrf_dfu_ver_validation_check)
    nrf_fprintf                              0x0007771d   Thumb Code    76  nrf_fprintf.o(i.nrf_fprintf)
    nrf_fprintf_buffer_flush                 0x00077799   Thumb Code    34  nrf_fprintf.o(i.nrf_fprintf_buffer_flush)
    nrf_fprintf_fmt                          0x000777ed   Thumb Code   538  nrf_fprintf_format.o(i.nrf_fprintf_fmt)
    nrf_fstorage_erase                       0x00077a41   Thumb Code   132  nrf_fstorage.o(i.nrf_fstorage_erase)
    nrf_fstorage_init                        0x00077b01   Thumb Code    42  nrf_fstorage.o(i.nrf_fstorage_init)
    nrf_fstorage_is_busy                     0x00077b69   Thumb Code    70  nrf_fstorage.o(i.nrf_fstorage_is_busy)
    nrf_fstorage_sdh_req_handler             0x00077bb9   Thumb Code    18  nrf_fstorage_sd.o(i.nrf_fstorage_sdh_req_handler)
    nrf_fstorage_sdh_state_handler           0x00077bd1   Thumb Code    28  nrf_fstorage_sd.o(i.nrf_fstorage_sdh_state_handler)
    nrf_fstorage_sys_evt_handler             0x00077bf1   Thumb Code   150  nrf_fstorage_sd.o(i.nrf_fstorage_sys_evt_handler)
    nrf_fstorage_write                       0x00077c91   Thumb Code   188  nrf_fstorage.o(i.nrf_fstorage_write)
    nrf_log_backend_add                      0x00077e95   Thumb Code    78  nrf_log_frontend.o(i.nrf_log_backend_add)
    nrf_log_backend_rtt_init                 0x00077eeb   Thumb Code     4  nrf_log_backend_rtt.o(i.nrf_log_backend_rtt_init)
    nrf_log_backend_serial_put               0x00077f09   Thumb Code   200  nrf_log_backend_serial.o(i.nrf_log_backend_serial_put)
    nrf_log_color_id_get                     0x00077fd1   Thumb Code    42  nrf_log_frontend.o(i.nrf_log_color_id_get)
    nrf_log_default_backends_init            0x00078001   Thumb Code    36  nrf_log_default_backends.o(i.nrf_log_default_backends_init)
    nrf_log_frontend_dequeue                 0x0007802d   Thumb Code   518  nrf_log_frontend.o(i.nrf_log_frontend_dequeue)
    nrf_log_frontend_hexdump                 0x00078261   Thumb Code   164  nrf_log_frontend.o(i.nrf_log_frontend_hexdump)
    nrf_log_frontend_std_0                   0x0007830d   Thumb Code     8  nrf_log_frontend.o(i.nrf_log_frontend_std_0)
    nrf_log_frontend_std_1                   0x00078315   Thumb Code    14  nrf_log_frontend.o(i.nrf_log_frontend_std_1)
    nrf_log_frontend_std_2                   0x00078323   Thumb Code    16  nrf_log_frontend.o(i.nrf_log_frontend_std_2)
    nrf_log_frontend_std_3                   0x00078333   Thumb Code    18  nrf_log_frontend.o(i.nrf_log_frontend_std_3)
    nrf_log_frontend_std_4                   0x00078345   Thumb Code    20  nrf_log_frontend.o(i.nrf_log_frontend_std_4)
    nrf_log_frontend_std_5                   0x00078359   Thumb Code    28  nrf_log_frontend.o(i.nrf_log_frontend_std_5)
    nrf_log_hexdump_entry_process            0x00078375   Thumb Code   150  nrf_log_str_formatter.o(i.nrf_log_hexdump_entry_process)
    nrf_log_init                             0x00078425   Thumb Code    28  nrf_log_frontend.o(i.nrf_log_init)
    nrf_log_module_cnt_get                   0x0007844d   Thumb Code    10  nrf_log_frontend.o(i.nrf_log_module_cnt_get)
    nrf_log_module_name_get                  0x00078461   Thumb Code    24  nrf_log_frontend.o(i.nrf_log_module_name_get)
    nrf_log_panic                            0x0007847d   Thumb Code    38  nrf_log_frontend.o(i.nrf_log_panic)
    nrf_log_std_entry_process                0x000784a9   Thumb Code   182  nrf_log_str_formatter.o(i.nrf_log_std_entry_process)
    nrf_memobj_alloc                         0x0007855f   Thumb Code    96  nrf_memobj.o(i.nrf_memobj_alloc)
    nrf_memobj_free                          0x000785bf   Thumb Code    50  nrf_memobj.o(i.nrf_memobj_free)
    nrf_memobj_get                           0x000785f1   Thumb Code     8  nrf_memobj.o(i.nrf_memobj_get)
    nrf_memobj_pool_init                     0x000785f9   Thumb Code     4  nrf_memobj.o(i.nrf_memobj_pool_init)
    nrf_memobj_put                           0x000785fd   Thumb Code    30  nrf_memobj.o(i.nrf_memobj_put)
    nrf_memobj_read                          0x0007861d   Thumb Code    34  nrf_memobj.o(i.nrf_memobj_read)
    nrf_memobj_write                         0x00078679   Thumb Code    32  nrf_memobj.o(i.nrf_memobj_write)
    nrf_nvmc_page_erase                      0x000786d1   Thumb Code    40  nrf_nvmc.o(i.nrf_nvmc_page_erase)
    nrf_nvmc_write_word                      0x00078701   Thumb Code    38  nrf_nvmc.o(i.nrf_nvmc_write_word)
    nrf_nvmc_write_words                     0x00078731   Thumb Code    58  nrf_nvmc.o(i.nrf_nvmc_write_words)
    nrf_ringbuf_init                         0x00078775   Thumb Code    28  nrf_ringbuf.o(i.nrf_ringbuf_init)
    nrf_sdh_ble_app_ram_start_get            0x0007879d   Thumb Code    16  nrf_sdh_ble.o(i.nrf_sdh_ble_app_ram_start_get)
    nrf_sdh_ble_default_cfg_set              0x000787b1   Thumb Code   272  nrf_sdh_ble.o(i.nrf_sdh_ble_default_cfg_set)
    nrf_sdh_ble_enable                       0x000788e1   Thumb Code   116  nrf_sdh_ble.o(i.nrf_sdh_ble_enable)
    nrf_sdh_disable_request                  0x00078a7d   Thumb Code    80  nrf_sdh.o(i.nrf_sdh_disable_request)
    nrf_sdh_enable_request                   0x00078ad1   Thumb Code   102  nrf_sdh.o(i.nrf_sdh_enable_request)
    nrf_sdh_evts_poll                        0x00078b45   Thumb Code    42  nrf_sdh.o(i.nrf_sdh_evts_poll)
    nrf_sdh_is_enabled                       0x00078b75   Thumb Code     6  nrf_sdh.o(i.nrf_sdh_is_enabled)
    nrf_sdh_request_continue                 0x00078b81   Thumb Code    22  nrf_sdh.o(i.nrf_sdh_request_continue)
    nrf_section_iter_init                    0x00078c2d   Thumb Code    42  nrf_section_iter.o(i.nrf_section_iter_init)
    nrf_section_iter_next                    0x00078ca9   Thumb Code    78  nrf_section_iter.o(i.nrf_section_iter_next)
    nrf_strerror_find                        0x00078cfd   Thumb Code    52  nrf_strerror.o(i.nrf_strerror_find)
    nrf_strerror_get                         0x00078d35   Thumb Code    14  nrf_strerror.o(i.nrf_strerror_get)
    nrf_svc_handler_c                        0x00078d49   Thumb Code    84  nrf_svc_handler.o(i.nrf_svc_handler_c)
    nvmc_config                              0x00078de5   Thumb Code    14  system_nrf52.o(i.nvmc_config)
    pb_decode                                0x00079b7f   Thumb Code    30  pb_decode.o(i.pb_decode)
    pb_decode_fixed32                        0x00079b9d   Thumb Code    32  pb_decode.o(i.pb_decode_fixed32)
    pb_decode_fixed64                        0x00079bbd   Thumb Code    92  pb_decode.o(i.pb_decode_fixed64)
    pb_decode_noinit                         0x00079c19   Thumb Code   390  pb_decode.o(i.pb_decode_noinit)
    pb_decode_svarint                        0x00079d9f   Thumb Code    58  pb_decode.o(i.pb_decode_svarint)
    pb_decode_tag                            0x00079dd9   Thumb Code    66  pb_decode.o(i.pb_decode_tag)
    pb_decode_varint                         0x00079e1b   Thumb Code    74  pb_decode.o(i.pb_decode_varint)
    pb_field_iter_begin                      0x00079f2d   Thumb Code    34  pb_common.o(i.pb_field_iter_begin)
    pb_field_iter_find                       0x00079f4f   Thumb Code    46  pb_common.o(i.pb_field_iter_find)
    pb_field_iter_next                       0x00079f7d   Thumb Code   126  pb_common.o(i.pb_field_iter_next)
    pb_istream_from_buffer                   0x0007a0a1   Thumb Code    14  pb_decode.o(i.pb_istream_from_buffer)
    pb_make_string_substream                 0x0007a0b5   Thumb Code    54  pb_decode.o(i.pb_make_string_substream)
    pb_read                                  0x0007a111   Thumb Code    84  pb_decode.o(i.pb_read)
    pb_skip_field                            0x0007a189   Thumb Code    90  pb_decode.o(i.pb_skip_field)
    postvalidate                             0x0007a221   Thumb Code   142  nrf_dfu_validation.o(i.postvalidate)
    privilege_level_get                      0x0007a53d   Thumb Code    26  app_util_platform.o(i.privilege_level_get)
    settings_backup                          0x0007aac5   Thumb Code    86  nrf_dfu_settings.o(i.settings_backup)
    sha256_final                             0x0007acd9   Thumb Code   272  sha256.o(i.sha256_final)
    sha256_init                              0x0007ade9   Thumb Code    50  sha256.o(i.sha256_init)
    sha256_transform                         0x0007ae3d   Thumb Code   294  sha256.o(i.sha256_transform)
    sha256_update                            0x0007af69   Thumb Code    84  sha256.o(i.sha256_update)
    pk                                       0x0007ba04   Data          64  dfu_public_key.o(.constdata)
    g_nrf_crypto_hash_sha256_info            0x0007ba68   Data          24  nrf_sw_backend_hash.o(.constdata)
    g_nrf_crypto_ecc_secp256r1_curve_info    0x0007ba80   Data          12  micro_ecc_backend_ecc.o(.constdata)
    dfu_init_command_is_debug_default        0x0007ba8c   Data           1  dfu-cc.pb.o(.constdata)
    dfu_hash_fields                          0x0007ba90   Data          48  dfu-cc.pb.o(.constdata)
    dfu_boot_validation_fields               0x0007bac0   Data          48  dfu-cc.pb.o(.constdata)
    dfu_init_command_fields                  0x0007baf0   Data         176  dfu-cc.pb.o(.constdata)
    dfu_command_fields                       0x0007bba0   Data          48  dfu-cc.pb.o(.constdata)
    dfu_signed_command_fields                0x0007bbd0   Data          64  dfu-cc.pb.o(.constdata)
    dfu_packet_fields                        0x0007bc10   Data          48  dfu-cc.pb.o(.constdata)
    nrf_fstorage_nvmc                        0x0007bdb4   Data          32  nrf_fstorage_nvmc.o(.constdata)
    nrf_fstorage_sd                          0x0007bde4   Data          32  nrf_fstorage_sd.o(.constdata)
    nrf_log_backend_rtt_api                  0x0007c040   Data          12  nrf_log_backend_rtt.o(.constdata)
    m_ram_start                              0x0007c0dc   Data           4  nrf_sdh_ble.o(.constdata)
    __ctype_table                            0x0007c12c   Data         129  ctype_o.o(.constdata)
    Region$$Table$$Base                      0x0007d1b0   Number         0  anon$$obj.o(Region$$Table)
    Region$$Table$$Limit                     0x0007d1d0   Number         0  anon$$obj.o(Region$$Table)
    ble_dfu_transport                        0x0007d1d0   Data           8  nrf_dfu_ble.o(dfu_trans)
    dfu_trans$$Base                          0x0007d1d0   Number         0  nrf_dfu_ble.o(dfu_trans)
    dfu_trans$$Limit                         0x0007d1d8   Number         0  nrf_dfu_ble.o(dfu_trans)
    log_const_data$$Base                     0x0007d1e8   Number         0  nrf_bootloader_wdt.o(log_const_data)
    m_nrf_log_nrf_bootloader_wdt_logs_data_const 0x0007d1e8   Data           8  nrf_bootloader_wdt.o(log_const_data)
    m_nrf_log_nrf_dfu_ble_logs_data_const    0x0007d1f0   Data           8  nrf_dfu_ble.o(log_const_data)
    m_nrf_log_nrf_dfu_flash_logs_data_const  0x0007d1f8   Data           8  nrf_dfu_flash.o(log_const_data)
    m_nrf_log_nrf_dfu_req_handler_logs_data_const 0x0007d200   Data           8  nrf_dfu_req_handler.o(log_const_data)
    m_nrf_log_nrf_dfu_settings_logs_data_const 0x0007d208   Data           8  nrf_dfu_settings.o(log_const_data)
    m_nrf_log_nrf_dfu_settings_svci_logs_data_const 0x0007d210   Data           8  nrf_dfu_settings_svci.o(log_const_data)
    m_nrf_log_nrf_dfu_validation_logs_data_const 0x0007d218   Data           8  nrf_dfu_validation.o(log_const_data)
    m_nrf_log_nrf_dfu_ver_validation_logs_data_const 0x0007d220   Data           8  nrf_dfu_ver_validation.o(log_const_data)
    m_nrf_log_mem_mngr_logs_data_const       0x0007d228   Data           8  mem_manager.o(log_const_data)
    m_nrf_log_nrf_fstorage_logs_data_const   0x0007d230   Data           8  nrf_fstorage.o(log_const_data)
    m_nrf_log_app_logs_data_const            0x0007d238   Data           8  nrf_log_frontend.o(log_const_data)
    m_nrf_log_nrf_sdh_logs_data_const        0x0007d240   Data           8  nrf_sdh.o(log_const_data)
    m_nrf_log_nrf_sdh_ble_logs_data_const    0x0007d248   Data           8  nrf_sdh_ble.o(log_const_data)
    m_nrf_log_nrf_sdh_soc_logs_data_const    0x0007d250   Data           8  nrf_sdh_soc.o(log_const_data)
    log_const_data$$Limit                    0x0007d258   Number         0  nrf_sdh_soc.o(log_const_data)
    m_buffer_pool                            0x0007d258   Data          20  nrf_dfu_ble.o(nrf_balloc)
    log_mempool                              0x0007d26c   Data          20  nrf_log_frontend.o(nrf_balloc)
    sdh_ble_observers2$$Base                 0x0007d280   Number         0  nrf_dfu_ble.o(sdh_ble_observers2)
    m_req_obs                                0x0007d288   Data           8  nrf_fstorage_sd.o(sdh_req_observers0)
    sdh_ble_observers2$$Limit                0x0007d288   Number         0  nrf_dfu_ble.o(sdh_ble_observers2)
    sdh_req_observers0$$Base                 0x0007d288   Number         0  nrf_fstorage_sd.o(sdh_req_observers0)
    sdh_req_observers0$$Limit                0x0007d290   Number         0  nrf_fstorage_sd.o(sdh_req_observers0)
    sdh_soc_observers0$$Base                 0x0007d290   Number         0  nrf_fstorage_sd.o(sdh_soc_observers0)
    sdh_soc_observers0$$Limit                0x0007d298   Number         0  nrf_fstorage_sd.o(sdh_soc_observers0)
    sdh_stack_observers0$$Base               0x0007d298   Number         0  nrf_sdh_ble.o(sdh_stack_observers0)
    sdh_stack_observers0$$Limit              0x0007d2a8   Number         0  nrf_sdh_soc.o(sdh_stack_observers0)
    sdh_state_observers0$$Base               0x0007d2a8   Number         0  nrf_fstorage_sd.o(sdh_state_observers0)
    nrf_dfu_set_adv_name_var                 0x0007d2b0   Data          12  nrf_dfu_svci_handler.o(svc_data)
    sdh_state_observers0$$Limit              0x0007d2b0   Number         0  nrf_fstorage_sd.o(sdh_state_observers0)
    svc_data$$Base                           0x0007d2b0   Number         0  nrf_dfu_svci_handler.o(svc_data)
    svc_data$$Limit                          0x0007d2bc   Number         0  nrf_dfu_svci_handler.o(svc_data)
    m_mbr_params_page                        0x0007e000   Data        4096  nrf_dfu_settings.o(.ARM.__AT_0x0007E000)
    m_dfu_settings_buffer                    0x0007f000   Data        4096  nrf_dfu_settings.o(.ARM.__AT_0x0007F000)
    m_uicr_bootloader_start_address          0x10001014   Data           4  nrf_bootloader_info.o(.ARM.__AT_0x10001014)
    m_uicr_mbr_params_page_address           0x10001018   Data           4  nrf_dfu_settings.o(.ARM.__AT_0x10001018)
    Image$$RW_IRAM1$$Base                    0x20005968   Number         0  anon$$obj.o ABSOLUTE
    mp_inactivity                            0x20005994   Data           4  nrf_bootloader_dfu_timers.o(.data)
    mp_wdt_feed                              0x20005998   Data           4  nrf_bootloader_dfu_timers.o(.data)
    m_counter_loops                          0x2000599c   Data           4  nrf_bootloader_dfu_timers.o(.data)
    m_timers                                 0x200059a0   Data          32  nrf_bootloader_dfu_timers.o(.data)
    start_write_hex                          0x20005a04   Data           1  nrf_dfu_flash.o(.data)
    mp_dfu_settings_backup_buffer            0x20005a20   Data           4  nrf_dfu_settings.o(.data)
    SystemCoreClock                          0x20005ab4   Data           4  system_nrf52.o(.data)
    fs_data$$Base                            0x20005ab8   Number         0  nrf_dfu_flash.o(fs_data)
    m_fs                                     0x20005ab8   Data          20  nrf_dfu_flash.o(fs_data)
    fs_data$$Limit                           0x20005acc   Number         0  nrf_dfu_flash.o(fs_data)
    flash_ram_buf                            0x20005adc   Data        4096  tea_encrypte_app.o(.bss)
    s_dfu_settings                           0x20009794   Data         896  nrf_dfu_settings.o(.bss)
    nrf_nvic_state                           0x20009f08   Data          12  app_util_platform.o(.bss)
    _SEGGER_RTT                              0x2000b2cc   Data         120  segger_rtt.o(.bss)
    __initial_sp                             0x2000d358   Data           0  arm_startup_nrf52.o(STACK)



==============================================================================

Memory Map of the image

  Image Entry point : 0x00071201

  Load Region LR_IROM1 (Base: 0x00071000, Size: 0x0000c420, Max: 0x0000d000, ABSOLUTE, COMPRESSED[0x0000c338])

    Execution Region ER_IROM1 (Base: 0x00071000, Size: 0x0000c2bc, Max: 0x0000d000, ABSOLUTE)

    Base Addr    Size         Type   Attr      Idx    E Section Name        Object

    0x00071000   0x00000200   Data   RO         5580    RESET               arm_startup_nrf52.o
    0x00071200   0x00000000   Code   RO         5726  * .ARM.Collect$$$$00000000  mc_w.l(entry.o)
    0x00071200   0x00000004   Code   RO         5780    .ARM.Collect$$$$00000001  mc_w.l(entry2.o)
    0x00071204   0x00000004   Code   RO         5783    .ARM.Collect$$$$00000004  mc_w.l(entry5.o)
    0x00071208   0x00000000   Code   RO         5785    .ARM.Collect$$$$00000008  mc_w.l(entry7b.o)
    0x00071208   0x00000000   Code   RO         5787    .ARM.Collect$$$$0000000A  mc_w.l(entry8b.o)
    0x00071208   0x00000008   Code   RO         5788    .ARM.Collect$$$$0000000B  mc_w.l(entry9a.o)
    0x00071210   0x00000000   Code   RO         5790    .ARM.Collect$$$$0000000D  mc_w.l(entry10a.o)
    0x00071210   0x00000000   Code   RO         5792    .ARM.Collect$$$$0000000F  mc_w.l(entry11a.o)
    0x00071210   0x00000004   Code   RO         5781    .ARM.Collect$$$$00002712  mc_w.l(entry2.o)
    0x00071214   0x000000c8   Code   RO         3415    .emb_text           nrf_atfifo.o
    0x000712dc   0x000000e2   Code   RO         3488    .emb_text           nrf_atomic.o
    0x000713be   0x00000002   PAD
    0x000713c0   0x00000014   Code   RO         4757    .emb_text           nrf_svc_handler.o
    0x000713d4   0x00000024   Code   RO         5581    .text               arm_startup_nrf52.o
    0x000713f8   0x0000001e   Code   RO         5734    .text               mc_w.l(llshl.o)
    0x00071416   0x00000002   PAD
    0x00071418   0x00000008   Code   RO         5736    .text               mc_w.l(ctype_o.o)
    0x00071420   0x00000024   Code   RO         5764    .text               mc_w.l(memcpya.o)
    0x00071444   0x00000024   Code   RO         5768    .text               mc_w.l(memseta.o)
    0x00071468   0x0000000e   Code   RO         5770    .text               mc_w.l(strlen.o)
    0x00071476   0x0000001a   Code   RO         5774    .text               mc_w.l(memcmp.o)
    0x00071490   0x00000012   Code   RO         5776    .text               mc_w.l(strcpy.o)
    0x000714a2   0x00000002   PAD
    0x000714a4   0x00000024   Code   RO         5796    .text               mc_w.l(init.o)
    0x000714c8   0x00000056   Code   RO         5806    .text               mc_w.l(__dczerorl2.o)
    0x0007151e   0x000000ce   Code   RO         5680    .text.XYcZ_add      micro_ecc_lib_nrf52.lib(uECC.c.o)
    0x000715ec   0x0000003e   Code   RO         5679    .text.apply_z       micro_ecc_lib_nrf52.lib(uECC.c.o)
    0x0007162a   0x00000014   Code   RO         5652    .text.bcopy         micro_ecc_lib_nrf52.lib(uECC.c.o)
    0x0007163e   0x0000008e   Code   RO         5684    .text.bits2int      micro_ecc_lib_nrf52.lib(uECC.c.o)
    0x000716cc   0x00000152   Code   RO         5669    .text.double_jacobian_default  micro_ecc_lib_nrf52.lib(uECC.c.o)
    0x0007181e   0x00000002   PAD
    0x00071820   0x00000008   Code   RO         5702    .text.uECC_secp256r1  micro_ecc_lib_nrf52.lib(uECC.c.o)
    0x00071828   0x000002fc   Code   RO         5711    .text.uECC_verify   micro_ecc_lib_nrf52.lib(uECC.c.o)
    0x00071b24   0x0000000c   PAD
    0x00071b30   0x00000058   Code   RO         5653    .text.uECC_vli_add  micro_ecc_lib_nrf52.lib(uECC.c.o)
    0x00071b88   0x00000016   Code   RO         5656    .text.uECC_vli_clear  micro_ecc_lib_nrf52.lib(uECC.c.o)
    0x00071b9e   0x0000002a   Code   RO         5661    .text.uECC_vli_cmp_unsafe  micro_ecc_lib_nrf52.lib(uECC.c.o)
    0x00071bc8   0x0000001e   Code   RO         5657    .text.uECC_vli_isZero  micro_ecc_lib_nrf52.lib(uECC.c.o)
    0x00071be6   0x00000038   Code   RO         5664    .text.uECC_vli_modAdd  micro_ecc_lib_nrf52.lib(uECC.c.o)
    0x00071c1e   0x00000106   Code   RO         5690    .text.uECC_vli_modInv  micro_ecc_lib_nrf52.lib(uECC.c.o)
    0x00071d24   0x0000013c   Code   RO         5666    .text.uECC_vli_modMult  micro_ecc_lib_nrf52.lib(uECC.c.o)
    0x00071e60   0x00000020   Code   RO         5667    .text.uECC_vli_modMult_fast  micro_ecc_lib_nrf52.lib(uECC.c.o)
    0x00071e80   0x00000008   Code   RO         5668    .text.uECC_vli_modSquare_fast  micro_ecc_lib_nrf52.lib(uECC.c.o)
    0x00071e88   0x00000028   Code   RO         5665    .text.uECC_vli_modSub  micro_ecc_lib_nrf52.lib(uECC.c.o)
    0x00071eb0   0x00000312   Code   RO         5655    .text.uECC_vli_mult  micro_ecc_lib_nrf52.lib(uECC.c.o)
    0x000721c2   0x00000040   Code   RO         5659    .text.uECC_vli_numBits  micro_ecc_lib_nrf52.lib(uECC.c.o)
    0x00072202   0x0000001a   Code   RO         5663    .text.uECC_vli_rshift1  micro_ecc_lib_nrf52.lib(uECC.c.o)
    0x0007221c   0x00000018   Code   RO         5660    .text.uECC_vli_set  micro_ecc_lib_nrf52.lib(uECC.c.o)
    0x00072234   0x0000000c   PAD
    0x00072240   0x00000060   Code   RO         5654    .text.uECC_vli_sub  micro_ecc_lib_nrf52.lib(uECC.c.o)
    0x000722a0   0x00000014   Code   RO         5658    .text.uECC_vli_testBit  micro_ecc_lib_nrf52.lib(uECC.c.o)
    0x000722b4   0x000001b0   Code   RO         5675    .text.vli_mmod_fast_secp256r1  micro_ecc_lib_nrf52.lib(uECC.c.o)
    0x00072464   0x00000038   Code   RO         5689    .text.vli_modInv_update  micro_ecc_lib_nrf52.lib(uECC.c.o)
    0x0007249c   0x0000005e   Code   RO         5670    .text.x_side_default  micro_ecc_lib_nrf52.lib(uECC.c.o)
    0x000724fa   0x00000002   PAD
    0x000724fc   0x000000a4   Code   RO          761    i.RTC2_IRQHandler   nrf_bootloader_dfu_timers.o
    0x000725a0   0x00000004   Code   RO         4793    i.SEGGER_RTT_Init   segger_rtt.o
    0x000725a4   0x0000005c   Code   RO         4807    i.SEGGER_RTT_WriteNoLock  segger_rtt.o
    0x00072600   0x00000004   Code   RO         5141    i.SWI2_EGU2_IRQHandler  nrf_sdh.o
    0x00072604   0x000002d8   Code   RO         5589    i.SystemInit        system_nrf52.o
    0x000728dc   0x00000020   Code   RO          942    i.WDT_IRQHandler    nrf_bootloader_wdt.o
    0x000728fc   0x0000006c   Code   RO         4811    i._DoInit           segger_rtt.o
    0x00072968   0x00000016   Code   RO         4812    i._GetAvailWriteSpace  segger_rtt.o
    0x0007297e   0x0000005a   Code   RO         4814    i._WriteBlocking    segger_rtt.o
    0x000729d8   0x00000042   Code   RO         4815    i._WriteNoCheck     segger_rtt.o
    0x00072a1a   0x0000000e   Code   RO         5800    i.__scatterload_copy  mc_w.l(handlers.o)
    0x00072a28   0x00000002   Code   RO         5801    i.__scatterload_null  mc_w.l(handlers.o)
    0x00072a2a   0x0000000e   Code   RO         5802    i.__scatterload_zeroinit  mc_w.l(handlers.o)
    0x00072a38   0x00000024   Code   RO         5142    i.__sd_nvic_app_accessible_irq  nrf_sdh.o
    0x00072a5c   0x0000000c   Code   RO         3743    i.addr_is_aligned32  nrf_fstorage.o
    0x00072a68   0x00000012   Code   RO         3744    i.addr_is_page_aligned  nrf_fstorage.o
    0x00072a7a   0x00000018   Code   RO         3745    i.addr_is_within_bounds  nrf_fstorage.o
    0x00072a92   0x00000002   PAD
    0x00072a94   0x0000006c   Code   RO         1791    i.advertising_init  nrf_dfu_ble.o
    0x00072b00   0x00000060   Code   RO         1792    i.advertising_start  nrf_dfu_ble.o
    0x00072b60   0x0000010c   Code   RO          849    i.app_activate      nrf_bootloader_fw_activation.o
    0x00072c6c   0x00000064   Code   RO           22    i.app_error_fault_handler  main.o
    0x00072cd0   0x00000040   Code   RO           24    i.app_error_handler_bare  main.o
    0x00072d10   0x00000138   Code   RO          590    i.app_is_valid      nrf_bootloader.o
    0x00072e48   0x000000a0   Code   RO         3151    i.app_sched_event_put  app_scheduler.o
    0x00072ee8   0x00000040   Code   RO         3152    i.app_sched_execute  app_scheduler.o
    0x00072f28   0x0000002c   Code   RO         3153    i.app_sched_init    app_scheduler.o
    0x00072f54   0x00000098   Code   RO         3206    i.app_util_critical_region_enter  app_util_platform.o
    0x00072fec   0x00000088   Code   RO         3207    i.app_util_critical_region_exit  app_util_platform.o
    0x00073074   0x00000014   Code   RO         3388    i.assert_nrf_callback  nrf_assert.o
    0x00073088   0x00000170   Code   RO          850    i.bl_activate       nrf_bootloader_fw_activation.o
    0x000731f8   0x000000d4   Code   RO         1793    i.ble_dfu_init      nrf_dfu_ble.o
    0x000732cc   0x00000120   Code   RO         1794    i.ble_dfu_req_handler_callback  nrf_dfu_ble.o
    0x000733ec   0x000000dc   Code   RO         1795    i.ble_dfu_transport_close  nrf_dfu_ble.o
    0x000734c8   0x000000f4   Code   RO         1797    i.ble_dfu_transport_init  nrf_dfu_ble.o
    0x000735bc   0x0000056c   Code   RO         1798    i.ble_evt_handler   nrf_dfu_ble.o
    0x00073b28   0x00000008   Code   RO          515    i.ble_srv_is_notification_enabled  ble_srv_common.o
    0x00073b30   0x000000e0   Code   RO         1799    i.ble_stack_init    nrf_dfu_ble.o
    0x00073c10   0x00000010   Code   RO          591    i.boot_validate     nrf_bootloader.o
    0x00073c20   0x0000000c   Code   RO         2446    i.boot_validation_crc  nrf_dfu_settings.o
    0x00073c2c   0x00000118   Code   RO         2701    i.boot_validation_extract  nrf_dfu_validation.o
    0x00073d44   0x00000058   Code   RO          592    i.bootloader_reset  nrf_bootloader.o
    0x00073d9c   0x00000054   Code   RO          402    i.bsp_board_init    boards.o
    0x00073df0   0x00000050   Code   RO          405    i.bsp_board_led_off  boards.o
    0x00073e40   0x00000050   Code   RO          406    i.bsp_board_led_on  boards.o
    0x00073e90   0x00000012   Code   RO          408    i.bsp_board_leds_off  boards.o
    0x00073ea2   0x00000002   PAD
    0x00073ea4   0x0000007c   Code   RO         4436    i.buf_prealloc      nrf_log_frontend.o
    0x00073f20   0x0000001c   Code   RO         5396    i.buf_read          pb_decode.o
    0x00073f3c   0x0000002e   Code   RO         3703    i.buffer_add        nrf_fprintf_format.o
    0x00073f6a   0x00000002   PAD
    0x00073f6c   0x00000018   Code   RO         4437    i.buffer_is_empty   nrf_log_frontend.o
    0x00073f84   0x00000024   Code   RO         2130    i.cmd_response_offset_and_crc_set  nrf_dfu_req_handler.o
    0x00073fa8   0x0000003c   Code   RO         3274    i.crc32_compute     crc32.o
    0x00073fe4   0x0000001e   Code   RO         2447    i.crc_ok            nrf_dfu_settings.o
    0x00074002   0x00000002   PAD
    0x00074004   0x00000058   Code   RO         2702    i.crypto_init       nrf_dfu_validation.o
    0x0007405c   0x0000007e   Code   RO         5397    i.decode_callback_field  pb_decode.o
    0x000740da   0x0000001a   Code   RO         5398    i.decode_field      pb_decode.o
    0x000740f4   0x000000e0   Code   RO         5399    i.decode_static_field  pb_decode.o
    0x000741d4   0x00000148   Code   RO          322    i.decrypt_hex       tea_encrypte_app.o
    0x0007431c   0x000000f0   Code   RO         1800    i.decrypt_hex       nrf_dfu_ble.o
    0x0007440c   0x000000f0   Code   RO          323    i.decrypt_hex_from_flash  tea_encrypte_app.o
    0x000744fc   0x000000f4   Code   RO          593    i.dfu_enter_check   nrf_bootloader.o
    0x000745f0   0x00000100   Code   RO         1991    i.dfu_fstorage_evt_handler  nrf_dfu_flash.o
    0x000746f0   0x00000040   Code   RO           25    i.dfu_observer      main.o
    0x00074730   0x00000048   Code   RO          594    i.dfu_observer      nrf_bootloader.o
    0x00074778   0x00000028   Code   RO         1757    i.dfu_observer      nrf_dfu.o
    0x000747a0   0x00000030   Code   RO          595    i.do_reset          nrf_bootloader.o
    0x000747d0   0x00000014   Code   RO         4438    i.dropped_sat16_get  nrf_log_frontend.o
    0x000747e4   0x00000048   Code   RO         3838    i.erase             nrf_fstorage_nvmc.o
    0x0007482c   0x0000004c   Code   RO         3912    i.erase             nrf_fstorage_sd.o
    0x00074878   0x00000036   Code   RO         3839    i.event_send        nrf_fstorage_nvmc.o
    0x000748ae   0x00000054   Code   RO         3913    i.event_send        nrf_fstorage_sd.o
    0x00074902   0x0000000e   Code   RO         2131    i.ext_err_code_handle  nrf_dfu_req_handler.o
    0x00074910   0x00000010   Code   RO         2055    i.ext_error_get     nrf_dfu_handling_error.o
    0x00074920   0x0000000c   Code   RO         2056    i.ext_error_set     nrf_dfu_handling_error.o
    0x0007492c   0x0000000c   Code   RO          596    i.flash_write_callback  nrf_bootloader.o
    0x00074938   0x0000000c   Code   RO          851    i.flash_write_callback  nrf_bootloader_fw_activation.o
    0x00074944   0x0000002c   Code   RO         2703    i.fw_hash_ok        nrf_dfu_validation.o
    0x00074970   0x000000d8   Code   RO         1801    i.gap_params_init   nrf_dfu_ble.o
    0x00074a48   0x00000174   Code   RO          852    i.image_copy        nrf_bootloader_fw_activation.o
    0x00074bbc   0x0000003c   Code   RO          597    i.inactivity_timeout  nrf_bootloader.o
    0x00074bf8   0x0000000c   Code   RO         3840    i.init              nrf_fstorage_nvmc.o
    0x00074c04   0x00000038   Code   RO         3914    i.init              nrf_fstorage_sd.o
    0x00074c3c   0x000000a6   Code   RO         3704    i.int_print         nrf_fprintf_format.o
    0x00074ce2   0x00000002   PAD
    0x00074ce4   0x00000010   Code   RO         3841    i.is_busy           nrf_fstorage_nvmc.o
    0x00074cf4   0x00000010   Code   RO         3915    i.is_busy           nrf_fstorage_sd.o
    0x00074d04   0x000000d4   Code   RO         2704    i.is_major_softdevice_update  nrf_dfu_validation.o
    0x00074dd8   0x0000002e   Code   RO         5400    i.iter_from_extension  pb_decode.o
    0x00074e06   0x00000002   Code   RO         4439    i.log_pending_hook  nrf_log_frontend.o
    0x00074e08   0x000000c4   Code   RO           26    i.main              main.o
    0x00074ecc   0x000000dc   Code   RO         4027    i.memobj_op         nrf_memobj.o
    0x00074fa8   0x00000030   Code   RO         4440    i.module_idx_get    nrf_log_frontend.o
    0x00074fd8   0x00000010   Code   RO         3417    i.nrf_atfifo_clear  nrf_atfifo.o
    0x00074fe8   0x00000026   Code   RO         3419    i.nrf_atfifo_init   nrf_atfifo.o
    0x0007500e   0x00000016   Code   RO         3420    i.nrf_atfifo_item_alloc  nrf_atfifo.o
    0x00075024   0x00000016   Code   RO         3421    i.nrf_atfifo_item_free  nrf_atfifo.o
    0x0007503a   0x00000016   Code   RO         3422    i.nrf_atfifo_item_get  nrf_atfifo.o
    0x00075050   0x00000016   Code   RO         3423    i.nrf_atfifo_item_put  nrf_atfifo.o
    0x00075066   0x00000006   Code   RO         3489    i.nrf_atomic_flag_clear  nrf_atomic.o
    0x0007506c   0x00000006   Code   RO         3492    i.nrf_atomic_flag_set_fetch  nrf_atomic.o
    0x00075072   0x0000000c   Code   RO         3493    i.nrf_atomic_u32_add  nrf_atomic.o
    0x0007507e   0x0000000c   Code   RO         3494    i.nrf_atomic_u32_and  nrf_atomic.o
    0x0007508a   0x0000000a   Code   RO         3498    i.nrf_atomic_u32_fetch_or  nrf_atomic.o
    0x00075094   0x0000000a   Code   RO         3499    i.nrf_atomic_u32_fetch_store  nrf_atomic.o
    0x0007509e   0x0000000c   Code   RO         3505    i.nrf_atomic_u32_sub  nrf_atomic.o
    0x000750aa   0x00000002   PAD
    0x000750ac   0x000000cc   Code   RO         3627    i.nrf_balloc_alloc  nrf_balloc.o
    0x00075178   0x00000090   Code   RO         3628    i.nrf_balloc_free   nrf_balloc.o
    0x00075208   0x000000b0   Code   RO         3629    i.nrf_balloc_init   nrf_balloc.o
    0x000752b8   0x00000154   Code   RO          697    i.nrf_bootloader_app_start  nrf_bootloader_app_start.o
    0x0007540c   0x00000120   Code   RO          722    i.nrf_bootloader_app_start_final  nrf_bootloader_app_start_final.o
    0x0007552c   0x00000028   Code   RO          762    i.nrf_bootloader_dfu_inactivity_timer_restart  nrf_bootloader_dfu_timers.o
    0x00075554   0x00000018   Code   RO          763    i.nrf_bootloader_dfu_timer_counter_get  nrf_bootloader_dfu_timers.o
    0x0007556c   0x00000064   Code   RO          723    i.nrf_bootloader_flash_protect  nrf_bootloader_app_start_final.o
    0x000755d0   0x000001e8   Code   RO          853    i.nrf_bootloader_fw_activate  nrf_bootloader_fw_activation.o
    0x000757b8   0x000001a4   Code   RO          598    i.nrf_bootloader_init  nrf_bootloader.o
    0x0007595c   0x00000030   Code   RO          907    i.nrf_bootloader_mbr_addrs_populate  nrf_bootloader_info.o
    0x0007598c   0x00000014   Code   RO          943    i.nrf_bootloader_wdt_feed  nrf_bootloader_wdt.o
    0x000759a0   0x00000014   Code   RO          764    i.nrf_bootloader_wdt_feed_timer_start  nrf_bootloader_dfu_timers.o
    0x000759b4   0x000000e8   Code   RO          944    i.nrf_bootloader_wdt_init  nrf_bootloader_wdt.o
    0x00075a9c   0x00000006   Code   RO         1549    i.nrf_crypto_backend_micro_ecc_curve_get  micro_ecc_backend_ecc.o
    0x00075aa2   0x00000010   Code   RO         1554    i.nrf_crypto_backend_micro_ecc_public_key_from_raw  micro_ecc_backend_ecc.o
    0x00075ab2   0x00000056   Code   RO         1707    i.nrf_crypto_backend_micro_ecc_verify  micro_ecc_backend_ecdsa.o
    0x00075b08   0x00000034   Code   RO         1017    i.nrf_crypto_ecc_public_key_from_raw  nrf_crypto_ecc.o
    0x00075b3c   0x0000004c   Code   RO         1174    i.nrf_crypto_ecdsa_verify  nrf_crypto_ecdsa.o
    0x00075b88   0x00000036   Code   RO         1249    i.nrf_crypto_hash_calculate  nrf_crypto_hash.o
    0x00075bbe   0x00000036   Code   RO         1250    i.nrf_crypto_hash_finalize  nrf_crypto_hash.o
    0x00075bf4   0x0000002c   Code   RO         1251    i.nrf_crypto_hash_init  nrf_crypto_hash.o
    0x00075c20   0x0000002e   Code   RO         1252    i.nrf_crypto_hash_update  nrf_crypto_hash.o
    0x00075c4e   0x00000002   PAD
    0x00075c50   0x00000040   Code   RO         1327    i.nrf_crypto_init   nrf_crypto_init.o
    0x00075c90   0x0000001a   Code   RO         1378    i.nrf_crypto_internal_double_swap_endian  nrf_crypto_shared.o
    0x00075caa   0x00000016   Code   RO         1379    i.nrf_crypto_internal_double_swap_endian_in_place  nrf_crypto_shared.o
    0x00075cc0   0x00000018   Code   RO         1019    i.nrf_crypto_internal_ecc_key_input_check  nrf_crypto_ecc.o
    0x00075cd8   0x0000001a   Code   RO         1020    i.nrf_crypto_internal_ecc_key_output_prepare  nrf_crypto_ecc.o
    0x00075cf2   0x00000016   Code   RO         1021    i.nrf_crypto_internal_ecc_raw_input_check  nrf_crypto_ecc.o
    0x00075d08   0x00000074   Code   RO         1380    i.nrf_crypto_internal_swap_endian  nrf_crypto_shared.o
    0x00075d7c   0x00000068   Code   RO         1381    i.nrf_crypto_internal_swap_endian_in_place  nrf_crypto_shared.o
    0x00075de4   0x00000028   Code   RO         2632    i.nrf_dfu_bank0_start_addr  nrf_dfu_utils.o
    0x00075e0c   0x00000020   Code   RO         2633    i.nrf_dfu_bank1_start_addr  nrf_dfu_utils.o
    0x00075e2c   0x00000014   Code   RO         2634    i.nrf_dfu_bank_invalidate  nrf_dfu_utils.o
    0x00075e40   0x00000350   Code   RO         2635    i.nrf_dfu_cache_prepare  nrf_dfu_utils.o
    0x00076190   0x000000ec   Code   RO         2132    i.nrf_dfu_command_req  nrf_dfu_req_handler.o
    0x0007627c   0x0000007c   Code   RO         2133    i.nrf_dfu_data_req  nrf_dfu_req_handler.o
    0x000762f8   0x000000d4   Code   RO         1992    i.nrf_dfu_flash_erase  nrf_dfu_flash.o
    0x000763cc   0x00000098   Code   RO         1993    i.nrf_dfu_flash_init  nrf_dfu_flash.o
    0x00076464   0x000000a0   Code   RO         1994    i.nrf_dfu_flash_store  nrf_dfu_flash.o
    0x00076504   0x00000098   Code   RO         1758    i.nrf_dfu_init      nrf_dfu.o
    0x0007659c   0x00000040   Code   RO          600    i.nrf_dfu_init_user  nrf_bootloader.o
    0x000765dc   0x00000016   Code   RO         2087    i.nrf_dfu_mbr_copy_bl  nrf_dfu_mbr.o
    0x000765f2   0x00000002   PAD
    0x000765f4   0x00000018   Code   RO         2088    i.nrf_dfu_mbr_init_sd  nrf_dfu_mbr.o
    0x0007660c   0x0000000c   Code   RO         2089    i.nrf_dfu_mbr_irq_forward_address_set  nrf_dfu_mbr.o
    0x00076618   0x00000080   Code   RO         2134    i.nrf_dfu_obj_op    nrf_dfu_req_handler.o
    0x00076698   0x00000044   Code   RO         2135    i.nrf_dfu_req_handler_init  nrf_dfu_req_handler.o
    0x000766dc   0x00000058   Code   RO         2136    i.nrf_dfu_req_handler_on_req  nrf_dfu_req_handler.o
    0x00076734   0x00000004   Code   RO         2137    i.nrf_dfu_req_handler_req  nrf_dfu_req_handler.o
    0x00076738   0x00000144   Code   RO         2138    i.nrf_dfu_req_handler_req_process  nrf_dfu_req_handler.o
    0x0007687c   0x00000020   Code   RO         4706    i.nrf_dfu_set_adv_name_handler  nrf_dfu_svci_handler.o
    0x0007689c   0x00000038   Code   RO         4707    i.nrf_dfu_set_adv_name_on_call  nrf_dfu_svci_handler.o
    0x000768d4   0x00000024   Code   RO         4708    i.nrf_dfu_set_adv_name_on_sys_evt  nrf_dfu_svci_handler.o
    0x000768f8   0x00000078   Code   RO         2549    i.nrf_dfu_settings_additional_erase  nrf_dfu_settings_svci.o
    0x00076970   0x00000018   Code   RO         2550    i.nrf_dfu_settings_adv_name_copy  nrf_dfu_settings_svci.o
    0x00076988   0x00000020   Code   RO         2551    i.nrf_dfu_settings_adv_name_is_valid  nrf_dfu_settings_svci.o
    0x000769a8   0x00000038   Code   RO         2552    i.nrf_dfu_settings_adv_name_write  nrf_dfu_settings_svci.o
    0x000769e0   0x0000000c   Code   RO         2449    i.nrf_dfu_settings_backup  nrf_dfu_settings.o
    0x000769ec   0x000000e4   Code   RO         2450    i.nrf_dfu_settings_init  nrf_dfu_settings.o
    0x00076ad0   0x00000028   Code   RO         2451    i.nrf_dfu_settings_progress_reset  nrf_dfu_settings.o
    0x00076af8   0x0000019c   Code   RO         2452    i.nrf_dfu_settings_reinit  nrf_dfu_settings.o
    0x00076c94   0x00000034   Code   RO         2453    i.nrf_dfu_settings_write  nrf_dfu_settings.o
    0x00076cc8   0x00000020   Code   RO         2454    i.nrf_dfu_settings_write_and_backup  nrf_dfu_settings.o
    0x00076ce8   0x00000006   Code   RO         2636    i.nrf_dfu_softdevice_start_address  nrf_dfu_utils.o
    0x00076cee   0x00000002   PAD
    0x00076cf0   0x000000bc   Code   RO         2600    i.nrf_dfu_transports_close  nrf_dfu_transport.o
    0x00076dac   0x000000b8   Code   RO         2601    i.nrf_dfu_transports_init  nrf_dfu_transport.o
    0x00076e64   0x00000006   Code   RO         2705    i.nrf_dfu_validation_activation_prepare  nrf_dfu_validation.o
    0x00076e6a   0x00000002   PAD
    0x00076e6c   0x00000110   Code   RO         2706    i.nrf_dfu_validation_boot_validate  nrf_dfu_validation.o
    0x00076f7c   0x00000178   Code   RO         2707    i.nrf_dfu_validation_hash_ok  nrf_dfu_validation.o
    0x000770f4   0x00000024   Code   RO         2708    i.nrf_dfu_validation_init  nrf_dfu_validation.o
    0x00077118   0x00000088   Code   RO         2709    i.nrf_dfu_validation_init_cmd_append  nrf_dfu_validation.o
    0x000771a0   0x00000034   Code   RO         2710    i.nrf_dfu_validation_init_cmd_create  nrf_dfu_validation.o
    0x000771d4   0x000000e4   Code   RO         2711    i.nrf_dfu_validation_init_cmd_execute  nrf_dfu_validation.o
    0x000772b8   0x0000000c   Code   RO         2712    i.nrf_dfu_validation_init_cmd_present  nrf_dfu_validation.o
    0x000772c4   0x000000ac   Code   RO         2715    i.nrf_dfu_validation_prevalidate  nrf_dfu_validation.o
    0x00077370   0x00000214   Code   RO         2716    i.nrf_dfu_validation_signature_check  nrf_dfu_validation.o
    0x00077584   0x00000198   Code   RO         2877    i.nrf_dfu_ver_validation_check  nrf_dfu_ver_validation.o
    0x0007771c   0x0000007c   Code   RO         3664    i.nrf_fprintf       nrf_fprintf.o
    0x00077798   0x00000054   Code   RO         3665    i.nrf_fprintf_buffer_flush  nrf_fprintf.o
    0x000777ec   0x00000254   Code   RO         3705    i.nrf_fprintf_fmt   nrf_fprintf_format.o
    0x00077a40   0x000000c0   Code   RO         3746    i.nrf_fstorage_erase  nrf_fstorage.o
    0x00077b00   0x00000068   Code   RO         3747    i.nrf_fstorage_init  nrf_fstorage.o
    0x00077b68   0x00000050   Code   RO         3748    i.nrf_fstorage_is_busy  nrf_fstorage.o
    0x00077bb8   0x00000018   Code   RO         3916    i.nrf_fstorage_sdh_req_handler  nrf_fstorage_sd.o
    0x00077bd0   0x00000020   Code   RO         3917    i.nrf_fstorage_sdh_state_handler  nrf_fstorage_sd.o
    0x00077bf0   0x000000a0   Code   RO         3918    i.nrf_fstorage_sys_evt_handler  nrf_fstorage_sd.o
    0x00077c90   0x000000f8   Code   RO         3753    i.nrf_fstorage_write  nrf_fstorage.o
    0x00077d88   0x00000032   Code   RO          412    i.nrf_gpio_cfg      boards.o
    0x00077dba   0x00000002   PAD
    0x00077dbc   0x00000058   Code   RO          413    i.nrf_gpio_pin_port_decode  boards.o
    0x00077e14   0x00000058   Code   RO          601    i.nrf_gpio_pin_port_decode  nrf_bootloader.o
    0x00077e6c   0x00000026   Code   RO          414    i.nrf_gpio_pin_write  boards.o
    0x00077e92   0x00000002   PAD
    0x00077e94   0x00000054   Code   RO         4441    i.nrf_log_backend_add  nrf_log_frontend.o
    0x00077ee8   0x00000002   Code   RO         4299    i.nrf_log_backend_rtt_flush  nrf_log_backend_rtt.o
    0x00077eea   0x00000004   Code   RO         4300    i.nrf_log_backend_rtt_init  nrf_log_backend_rtt.o
    0x00077eee   0x00000002   Code   RO         4301    i.nrf_log_backend_rtt_panic_set  nrf_log_backend_rtt.o
    0x00077ef0   0x00000018   Code   RO         4302    i.nrf_log_backend_rtt_put  nrf_log_backend_rtt.o
    0x00077f08   0x000000c8   Code   RO         4365    i.nrf_log_backend_serial_put  nrf_log_backend_serial.o
    0x00077fd0   0x00000030   Code   RO         4443    i.nrf_log_color_id_get  nrf_log_frontend.o
    0x00078000   0x0000002c   Code   RO         4399    i.nrf_log_default_backends_init  nrf_log_default_backends.o
    0x0007802c   0x00000234   Code   RO         4444    i.nrf_log_frontend_dequeue  nrf_log_frontend.o
    0x00078260   0x000000ac   Code   RO         4445    i.nrf_log_frontend_hexdump  nrf_log_frontend.o
    0x0007830c   0x00000008   Code   RO         4446    i.nrf_log_frontend_std_0  nrf_log_frontend.o
    0x00078314   0x0000000e   Code   RO         4447    i.nrf_log_frontend_std_1  nrf_log_frontend.o
    0x00078322   0x00000010   Code   RO         4448    i.nrf_log_frontend_std_2  nrf_log_frontend.o
    0x00078332   0x00000012   Code   RO         4449    i.nrf_log_frontend_std_3  nrf_log_frontend.o
    0x00078344   0x00000014   Code   RO         4450    i.nrf_log_frontend_std_4  nrf_log_frontend.o
    0x00078358   0x0000001c   Code   RO         4451    i.nrf_log_frontend_std_5  nrf_log_frontend.o
    0x00078374   0x000000b0   Code   RO         4624    i.nrf_log_hexdump_entry_process  nrf_log_str_formatter.o
    0x00078424   0x00000028   Code   RO         4453    i.nrf_log_init      nrf_log_frontend.o
    0x0007844c   0x00000014   Code   RO         4454    i.nrf_log_module_cnt_get  nrf_log_frontend.o
    0x00078460   0x0000001c   Code   RO         4457    i.nrf_log_module_name_get  nrf_log_frontend.o
    0x0007847c   0x0000002c   Code   RO         4458    i.nrf_log_panic     nrf_log_frontend.o
    0x000784a8   0x000000b6   Code   RO         4625    i.nrf_log_std_entry_process  nrf_log_str_formatter.o
    0x0007855e   0x00000060   Code   RO         4028    i.nrf_memobj_alloc  nrf_memobj.o
    0x000785be   0x00000032   Code   RO         4029    i.nrf_memobj_free   nrf_memobj.o
    0x000785f0   0x00000008   Code   RO         4030    i.nrf_memobj_get    nrf_memobj.o
    0x000785f8   0x00000004   Code   RO         4031    i.nrf_memobj_pool_init  nrf_memobj.o
    0x000785fc   0x0000001e   Code   RO         4032    i.nrf_memobj_put    nrf_memobj.o
    0x0007861a   0x00000002   PAD
    0x0007861c   0x0000005c   Code   RO         4033    i.nrf_memobj_read   nrf_memobj.o
    0x00078678   0x00000058   Code   RO         4034    i.nrf_memobj_write  nrf_memobj.o
    0x000786d0   0x00000030   Code   RO         2924    i.nrf_nvmc_page_erase  nrf_nvmc.o
    0x00078700   0x00000030   Code   RO         2927    i.nrf_nvmc_write_word  nrf_nvmc.o
    0x00078730   0x00000044   Code   RO         2928    i.nrf_nvmc_write_words  nrf_nvmc.o
    0x00078774   0x0000001c   Code   RO         4128    i.nrf_ringbuf_init  nrf_ringbuf.o
    0x00078790   0x0000000c   Code   RO          765    i.nrf_rtc_event_clear  nrf_bootloader_dfu_timers.o
    0x0007879c   0x00000014   Code   RO         5269    i.nrf_sdh_ble_app_ram_start_get  nrf_sdh_ble.o
    0x000787b0   0x00000130   Code   RO         5270    i.nrf_sdh_ble_default_cfg_set  nrf_sdh_ble.o
    0x000788e0   0x00000130   Code   RO         5271    i.nrf_sdh_ble_enable  nrf_sdh_ble.o
    0x00078a10   0x0000006c   Code   RO         5272    i.nrf_sdh_ble_evts_poll  nrf_sdh_ble.o
    0x00078a7c   0x00000054   Code   RO         5143    i.nrf_sdh_disable_request  nrf_sdh.o
    0x00078ad0   0x00000074   Code   RO         5144    i.nrf_sdh_enable_request  nrf_sdh.o
    0x00078b44   0x00000030   Code   RO         5145    i.nrf_sdh_evts_poll  nrf_sdh.o
    0x00078b74   0x0000000c   Code   RO         5146    i.nrf_sdh_is_enabled  nrf_sdh.o
    0x00078b80   0x0000001c   Code   RO         5148    i.nrf_sdh_request_continue  nrf_sdh.o
    0x00078b9c   0x00000048   Code   RO         5331    i.nrf_sdh_soc_evts_poll  nrf_sdh_soc.o
    0x00078be4   0x00000018   Code   RO         5151    i.nrf_section_iter_get  nrf_sdh.o
    0x00078bfc   0x00000018   Code   RO         5273    i.nrf_section_iter_get  nrf_sdh_ble.o
    0x00078c14   0x00000018   Code   RO         5332    i.nrf_section_iter_get  nrf_sdh_soc.o
    0x00078c2c   0x00000030   Code   RO         4186    i.nrf_section_iter_init  nrf_section_iter.o
    0x00078c5c   0x0000004c   Code   RO         4187    i.nrf_section_iter_item_set  nrf_section_iter.o
    0x00078ca8   0x00000054   Code   RO         4188    i.nrf_section_iter_next  nrf_section_iter.o
    0x00078cfc   0x00000038   Code   RO         4222    i.nrf_strerror_find  nrf_strerror.o
    0x00078d34   0x00000014   Code   RO         4223    i.nrf_strerror_get  nrf_strerror.o
    0x00078d48   0x0000005c   Code   RO         4758    i.nrf_svc_handler_c  nrf_svc_handler.o
    0x00078da4   0x00000024   Code   RO         1504    i.nrf_sw_backend_hash_sha256_finalize  nrf_sw_backend_hash.o
    0x00078dc8   0x00000006   Code   RO         1505    i.nrf_sw_backend_hash_sha256_init  nrf_sw_backend_hash.o
    0x00078dce   0x00000006   Code   RO         1506    i.nrf_sw_backend_hash_sha256_update  nrf_sw_backend_hash.o
    0x00078dd4   0x00000010   Code   RO          945    i.nrf_wdt_started   nrf_bootloader_wdt.o
    0x00078de4   0x00000018   Code   RO         5590    i.nvmc_config       system_nrf52.o
    0x00078dfc   0x00000080   Code   RO         2139    i.on_cmd_obj_create_request  nrf_dfu_req_handler.o
    0x00078e7c   0x000000c4   Code   RO         2140    i.on_cmd_obj_execute_request  nrf_dfu_req_handler.o
    0x00078f40   0x000000ac   Code   RO         2141    i.on_cmd_obj_write_request  nrf_dfu_req_handler.o
    0x00078fec   0x000000a0   Code   RO         1802    i.on_ctrl_pt_write  nrf_dfu_ble.o
    0x0007908c   0x0000007c   Code   RO         2142    i.on_data_obj_crc_request  nrf_dfu_req_handler.o
    0x00079108   0x00000214   Code   RO         2143    i.on_data_obj_create_request  nrf_dfu_req_handler.o
    0x0007931c   0x000000bc   Code   RO         2144    i.on_data_obj_execute_request  nrf_dfu_req_handler.o
    0x000793d8   0x00000144   Code   RO         2145    i.on_data_obj_execute_request_sched  nrf_dfu_req_handler.o
    0x0007951c   0x00000098   Code   RO         2146    i.on_data_obj_select_request  nrf_dfu_req_handler.o
    0x000795b4   0x00000134   Code   RO         2147    i.on_data_obj_write_request  nrf_dfu_req_handler.o
    0x000796e8   0x00000064   Code   RO         2148    i.on_dfu_complete   nrf_dfu_req_handler.o
    0x0007974c   0x00000050   Code   RO           27    i.on_error          main.o
    0x0007979c   0x00000048   Code   RO         1803    i.on_flash_write    nrf_dfu_ble.o
    0x000797e4   0x00000088   Code   RO         1804    i.on_rw_authorize_req  nrf_dfu_ble.o
    0x0007986c   0x0000013c   Code   RO         1805    i.on_write          nrf_dfu_ble.o
    0x000799a8   0x00000042   Code   RO         5402    i.pb_dec_bytes      pb_decode.o
    0x000799ea   0x00000006   Code   RO         5403    i.pb_dec_fixed32    pb_decode.o
    0x000799f0   0x00000006   Code   RO         5404    i.pb_dec_fixed64    pb_decode.o
    0x000799f6   0x0000003e   Code   RO         5405    i.pb_dec_string     pb_decode.o
    0x00079a34   0x00000040   Code   RO         5406    i.pb_dec_submessage  pb_decode.o
    0x00079a74   0x00000058   Code   RO         5407    i.pb_dec_svarint    pb_decode.o
    0x00079acc   0x00000058   Code   RO         5408    i.pb_dec_uvarint    pb_decode.o
    0x00079b24   0x0000005a   Code   RO         5409    i.pb_dec_varint     pb_decode.o
    0x00079b7e   0x0000001e   Code   RO         5410    i.pb_decode         pb_decode.o
    0x00079b9c   0x00000020   Code   RO         5412    i.pb_decode_fixed32  pb_decode.o
    0x00079bbc   0x0000005c   Code   RO         5413    i.pb_decode_fixed64  pb_decode.o
    0x00079c18   0x00000186   Code   RO         5414    i.pb_decode_noinit  pb_decode.o
    0x00079d9e   0x0000003a   Code   RO         5415    i.pb_decode_svarint  pb_decode.o
    0x00079dd8   0x00000042   Code   RO         5416    i.pb_decode_tag     pb_decode.o
    0x00079e1a   0x0000004a   Code   RO         5417    i.pb_decode_varint  pb_decode.o
    0x00079e64   0x0000004c   Code   RO         5418    i.pb_decode_varint32  pb_decode.o
    0x00079eb0   0x0000007c   Code   RO         2718    i.pb_decoding_callback  nrf_dfu_validation.o
    0x00079f2c   0x00000022   Code   RO         5369    i.pb_field_iter_begin  pb_common.o
    0x00079f4e   0x0000002e   Code   RO         5370    i.pb_field_iter_find  pb_common.o
    0x00079f7c   0x0000007e   Code   RO         5371    i.pb_field_iter_next  pb_common.o
    0x00079ffa   0x000000a4   Code   RO         5419    i.pb_field_set_to_default  pb_decode.o
    0x0007a09e   0x00000002   PAD
    0x0007a0a0   0x00000014   Code   RO         5420    i.pb_istream_from_buffer  pb_decode.o
    0x0007a0b4   0x00000036   Code   RO         5421    i.pb_make_string_substream  pb_decode.o
    0x0007a0ea   0x00000026   Code   RO         5422    i.pb_message_set_to_defaults  pb_decode.o
    0x0007a110   0x00000058   Code   RO         5423    i.pb_read           pb_decode.o
    0x0007a168   0x00000020   Code   RO         5424    i.pb_readbyte       pb_decode.o
    0x0007a188   0x0000005a   Code   RO         5425    i.pb_skip_field     pb_decode.o
    0x0007a1e2   0x00000002   PAD
    0x0007a1e4   0x0000003c   Code   RO         4627    i.postfix_process   nrf_log_str_formatter.o
    0x0007a220   0x00000098   Code   RO         2719    i.postvalidate      nrf_dfu_validation.o
    0x0007a2b8   0x000000b0   Code   RO         2720    i.postvalidate_app  nrf_dfu_validation.o
    0x0007a368   0x0000013c   Code   RO         2721    i.postvalidate_sd_bl  nrf_dfu_validation.o
    0x0007a4a4   0x00000098   Code   RO         4628    i.prefix_process    nrf_log_str_formatter.o
    0x0007a53c   0x0000001a   Code   RO         3211    i.privilege_level_get  app_util_platform.o
    0x0007a556   0x00000002   PAD
    0x0007a558   0x00000014   Code   RO         3919    i.queue_free        nrf_fstorage_sd.o
    0x0007a56c   0x0000009c   Code   RO         3920    i.queue_process     nrf_fstorage_sd.o
    0x0007a608   0x00000024   Code   RO         3921    i.queue_start       nrf_fstorage_sd.o
    0x0007a62c   0x0000000e   Code   RO         3842    i.read              nrf_fstorage_nvmc.o
    0x0007a63a   0x0000000e   Code   RO         3922    i.read              nrf_fstorage_sd.o
    0x0007a648   0x00000062   Code   RO         5426    i.read_raw_value    pb_decode.o
    0x0007a6aa   0x00000020   Code   RO         1806    i.response_crc_add  nrf_dfu_ble.o
    0x0007a6ca   0x00000002   PAD
    0x0007a6cc   0x00000034   Code   RO         1807    i.response_send     nrf_dfu_ble.o
    0x0007a700   0x00000004   Code   RO         3843    i.rmap              nrf_fstorage_nvmc.o
    0x0007a704   0x00000004   Code   RO         3923    i.rmap              nrf_fstorage_sd.o
    0x0007a708   0x0000019c   Code   RO          854    i.sd_activate       nrf_bootloader_fw_activation.o
    0x0007a8a4   0x00000098   Code   RO          855    i.sd_bl_activate    nrf_bootloader_fw_activation.o
    0x0007a93c   0x00000044   Code   RO         2878    i.sd_req_check      nrf_dfu_ver_validation.o
    0x0007a980   0x00000088   Code   RO         2879    i.sd_req_ok         nrf_dfu_ver_validation.o
    0x0007aa08   0x00000038   Code   RO         5152    i.sdh_request_observer_notify  nrf_sdh.o
    0x0007aa40   0x00000034   Code   RO         5153    i.sdh_state_observer_notify  nrf_sdh.o
    0x0007aa74   0x00000050   Code   RO         4303    i.serial_tx         nrf_log_backend_rtt.o
    0x0007aac4   0x000000d8   Code   RO         2455    i.settings_backup   nrf_dfu_settings.o
    0x0007ab9c   0x0000000a   Code   RO         2456    i.settings_crc_get  nrf_dfu_settings.o
    0x0007aba6   0x00000002   PAD
    0x0007aba8   0x00000130   Code   RO         2457    i.settings_write    nrf_dfu_settings.o
    0x0007acd8   0x00000110   Code   RO         4255    i.sha256_final      sha256.o
    0x0007ade8   0x00000054   Code   RO         4256    i.sha256_init       sha256.o
    0x0007ae3c   0x0000012c   Code   RO         4257    i.sha256_transform  sha256.o
    0x0007af68   0x00000054   Code   RO         4258    i.sha256_update     sha256.o
    0x0007afbc   0x00000040   Code   RO         5154    i.softdevice_evt_irq_disable  nrf_sdh.o
    0x0007affc   0x00000088   Code   RO         2722    i.softdevice_info_ok  nrf_dfu_validation.o
    0x0007b084   0x00000058   Code   RO         5155    i.softdevices_evt_irq_enable  nrf_sdh.o
    0x0007b0dc   0x000000a0   Code   RO         4460    i.std_header_set    nrf_log_frontend.o
    0x0007b17c   0x0000006c   Code   RO         4461    i.std_n             nrf_log_frontend.o
    0x0007b1e8   0x00000184   Code   RO         2723    i.stored_init_cmd_decode  nrf_dfu_validation.o
    0x0007b36c   0x00000080   Code   RO          324    i.tea_decrypt       tea_encrypte_app.o
    0x0007b3ec   0x00000080   Code   RO         1808    i.tea_decrypt       nrf_dfu_ble.o
    0x0007b46c   0x000000c4   Code   RO          766    i.timer_activate    nrf_bootloader_dfu_timers.o
    0x0007b530   0x00000074   Code   RO          767    i.timer_init        nrf_bootloader_dfu_timers.o
    0x0007b5a4   0x0000001a   Code   RO          768    i.timer_start       nrf_bootloader_dfu_timers.o
    0x0007b5be   0x00000002   PAD
    0x0007b5c0   0x0000004c   Code   RO          769    i.timer_stop        nrf_bootloader_dfu_timers.o
    0x0007b60c   0x00000012   Code   RO         1809    i.uint32_encode     nrf_dfu_ble.o
    0x0007b61e   0x00000002   PAD
    0x0007b620   0x00000010   Code   RO         3844    i.uninit            nrf_fstorage_nvmc.o
    0x0007b630   0x00000020   Code   RO         3924    i.uninit            nrf_fstorage_sd.o
    0x0007b650   0x000000b4   Code   RO         3706    i.unsigned_print    nrf_fprintf_format.o
    0x0007b704   0x00000088   Code   RO         2724    i.update_data_addr_get  nrf_dfu_validation.o
    0x0007b78c   0x000000d8   Code   RO         2725    i.update_data_size_get  nrf_dfu_validation.o
    0x0007b864   0x00000038   Code   RO          325    i.update_key        tea_encrypte_app.o
    0x0007b89c   0x00000038   Code   RO         1810    i.update_key        nrf_dfu_ble.o
    0x0007b8d4   0x00000020   Code   RO         1253    i.verify_context    nrf_crypto_hash.o
    0x0007b8f4   0x0000003c   Code   RO          946    i.wdt_feed          nrf_bootloader_wdt.o
    0x0007b930   0x00000038   Code   RO          947    i.wdt_feed_timer_handler  nrf_bootloader_wdt.o
    0x0007b968   0x00000004   Code   RO         3845    i.wmap              nrf_fstorage_nvmc.o
    0x0007b96c   0x00000004   Code   RO         3925    i.wmap              nrf_fstorage_sd.o
    0x0007b970   0x00000044   Code   RO         3846    i.write             nrf_fstorage_nvmc.o
    0x0007b9b4   0x00000050   Code   RO         3926    i.write             nrf_fstorage_sd.o
    0x0007ba04   0x00000040   Data   RO            1    .constdata          dfu_public_key.o
    0x0007ba44   0x0000000c   PAD
    0x0007ba50   0x00000006   Data   RO           28    .constdata          main.o
    0x0007ba56   0x00000008   Data   RO          415    .constdata          boards.o
    0x0007ba5e   0x00000002   PAD
    0x0007ba60   0x00000006   Data   RO          770    .constdata          nrf_bootloader_dfu_timers.o
    0x0007ba66   0x00000002   PAD
    0x0007ba68   0x00000018   Data   RO         1507    .constdata          nrf_sw_backend_hash.o
    0x0007ba80   0x0000000c   Data   RO         1557    .constdata          micro_ecc_backend_ecc.o
    0x0007ba8c   0x00000001   Data   RO         1736    .constdata          dfu-cc.pb.o
    0x0007ba8d   0x00000003   PAD
    0x0007ba90   0x00000030   Data   RO         1737    .constdata          dfu-cc.pb.o
    0x0007bac0   0x00000030   Data   RO         1738    .constdata          dfu-cc.pb.o
    0x0007baf0   0x000000b0   Data   RO         1739    .constdata          dfu-cc.pb.o
    0x0007bba0   0x00000030   Data   RO         1740    .constdata          dfu-cc.pb.o
    0x0007bbd0   0x00000040   Data   RO         1741    .constdata          dfu-cc.pb.o
    0x0007bc10   0x00000030   Data   RO         1742    .constdata          dfu-cc.pb.o
    0x0007bc40   0x00000118   Data   RO         1814    .constdata          nrf_dfu_ble.o
    0x0007bd58   0x00000010   Data   RO         2090    .constdata          nrf_dfu_mbr.o
    0x0007bd68   0x00000030   Data   RO         2149    .constdata          nrf_dfu_req_handler.o
    0x0007bd98   0x00000010   Data   RO         3707    .constdata          nrf_fprintf_format.o
    0x0007bda8   0x0000000c   Data   RO         3847    .constdata          nrf_fstorage_nvmc.o
    0x0007bdb4   0x00000020   Data   RO         3848    .constdata          nrf_fstorage_nvmc.o
    0x0007bdd4   0x00000010   Data   RO         3929    .constdata          nrf_fstorage_sd.o
    0x0007bde4   0x00000020   Data   RO         3930    .constdata          nrf_fstorage_sd.o
    0x0007be04   0x0000013c   Data   RO         4224    .constdata          nrf_strerror.o
    0x0007bf40   0x00000100   Data   RO         4259    .constdata          sha256.o
    0x0007c040   0x0000000c   Data   RO         4305    .constdata          nrf_log_backend_rtt.o
    0x0007c04c   0x00000004   PAD
    0x0007c050   0x00000006   Data   RO         4306    .constdata          nrf_log_backend_rtt.o
    0x0007c056   0x00000002   PAD
    0x0007c058   0x0000000c   Data   RO         4466    .constdata          nrf_log_frontend.o
    0x0007c064   0x00000010   Data   RO         5156    .constdata          nrf_sdh.o
    0x0007c074   0x00000028   Data   RO         5157    .constdata          nrf_sdh.o
    0x0007c09c   0x00000010   Data   RO         5158    .constdata          nrf_sdh.o
    0x0007c0ac   0x00000010   Data   RO         5159    .constdata          nrf_sdh.o
    0x0007c0bc   0x00000020   Data   RO         5274    .constdata          nrf_sdh_ble.o
    0x0007c0dc   0x00000010   Data   RO         5275    .constdata          nrf_sdh_ble.o
    0x0007c0ec   0x00000010   Data   RO         5333    .constdata          nrf_sdh_soc.o
    0x0007c0fc   0x0000000c   Data   RO         5334    .constdata          nrf_sdh_soc.o
    0x0007c108   0x00000024   Data   RO         5427    .constdata          pb_decode.o
    0x0007c12c   0x00000081   Data   RO         5737    .constdata          mc_w.l(ctype_o.o)
    0x0007c1ad   0x00000003   PAD
    0x0007c1b0   0x00000004   Data   RO         5738    .constdata          mc_w.l(ctype_o.o)
    0x0007c1b4   0x00000050   Data   RO          724    .conststring        nrf_bootloader_app_start_final.o
    0x0007c204   0x0000004b   Data   RO          771    .conststring        nrf_bootloader_dfu_timers.o
    0x0007c24f   0x00000001   PAD
    0x0007c250   0x000000f4   Data   RO          856    .conststring        nrf_bootloader_fw_activation.o
    0x0007c344   0x0000008d   Data   RO         1815    .conststring        nrf_dfu_ble.o
    0x0007c3d1   0x00000003   PAD
    0x0007c3d4   0x00000043   Data   RO         1995    .conststring        nrf_dfu_flash.o
    0x0007c417   0x00000001   PAD
    0x0007c418   0x000000bd   Data   RO         2150    .conststring        nrf_dfu_req_handler.o
    0x0007c4d5   0x00000003   PAD
    0x0007c4d8   0x00000152   Data   RO         2462    .conststring        nrf_dfu_settings.o
    0x0007c62a   0x00000002   PAD
    0x0007c62c   0x00000043   Data   RO         2637    .conststring        nrf_dfu_utils.o
    0x0007c66f   0x00000001   PAD
    0x0007c670   0x00000244   Data   RO         2727    .conststring        nrf_dfu_validation.o
    0x0007c8b4   0x0000004c   Data   RO         2880    .conststring        nrf_dfu_ver_validation.o
    0x0007c900   0x00000051   Data   RO         4189    .conststring        nrf_section_iter.o
    0x0007c951   0x00000003   PAD
    0x0007c954   0x000003eb   Data   RO         4225    .conststring        nrf_strerror.o
    0x0007cd3f   0x00000001   PAD
    0x0007cd40   0x00000047   Data   RO         4400    .conststring        nrf_log_default_backends.o
    0x0007cd87   0x00000001   PAD
    0x0007cd88   0x00000066   Data   RO         4629    .conststring        nrf_log_str_formatter.o
    0x0007cdee   0x00000002   PAD
    0x0007cdf0   0x00000051   Data   RO         5160    .conststring        nrf_sdh.o
    0x0007ce41   0x00000003   PAD
    0x0007ce44   0x000001cf   Data   RO         5276    .conststring        nrf_sdh_ble.o
    0x0007d013   0x00000001   PAD
    0x0007d014   0x00000013   Data   RO          948    .conststrlit        nrf_bootloader_wdt.o
    0x0007d027   0x00000001   PAD
    0x0007d028   0x0000000c   Data   RO         1816    .conststrlit        nrf_dfu_ble.o
    0x0007d034   0x0000000e   Data   RO         1996    .conststrlit        nrf_dfu_flash.o
    0x0007d042   0x00000002   PAD
    0x0007d044   0x00000014   Data   RO         2151    .conststrlit        nrf_dfu_req_handler.o
    0x0007d058   0x00000011   Data   RO         2463    .conststrlit        nrf_dfu_settings.o
    0x0007d069   0x00000003   PAD
    0x0007d06c   0x00000016   Data   RO         2553    .conststrlit        nrf_dfu_settings_svci.o
    0x0007d082   0x00000002   PAD
    0x0007d084   0x00000013   Data   RO         2728    .conststrlit        nrf_dfu_validation.o
    0x0007d097   0x00000001   PAD
    0x0007d098   0x00000017   Data   RO         2881    .conststrlit        nrf_dfu_ver_validation.o
    0x0007d0af   0x00000001   PAD
    0x0007d0b0   0x00000009   Data   RO         3313    .conststrlit        mem_manager.o
    0x0007d0b9   0x00000003   PAD
    0x0007d0bc   0x0000000d   Data   RO         3759    .conststrlit        nrf_fstorage.o
    0x0007d0c9   0x00000003   PAD
    0x0007d0cc   0x00000010   Data   RO         4401    .conststrlit        nrf_log_default_backends.o
    0x0007d0dc   0x00000004   Data   RO         4467    .conststrlit        nrf_log_frontend.o
    0x0007d0e0   0x00000008   Data   RO         5161    .conststrlit        nrf_sdh.o
    0x0007d0e8   0x0000000c   Data   RO         5277    .conststrlit        nrf_sdh_ble.o
    0x0007d0f4   0x0000000c   Data   RO         5336    .conststrlit        nrf_sdh_soc.o
    0x0007d100   0x000000b0   Data   RO         5717    .rodata.curve_secp256r1  micro_ecc_lib_nrf52.lib(uECC.c.o)
    0x0007d1b0   0x00000020   Data   RO         5798    Region$$Table       anon$$obj.o
    0x0007d1d0   0x00000008   Data   RO         1819    dfu_trans           nrf_dfu_ble.o
    0x0007d1d8   0x00000010   Data   RO         4403    log_backends        nrf_log_default_backends.o
    0x0007d1e8   0x00000008   Data   RO          950    log_const_data      nrf_bootloader_wdt.o
    0x0007d1f0   0x00000008   Data   RO         1820    log_const_data      nrf_dfu_ble.o
    0x0007d1f8   0x00000008   Data   RO         1999    log_const_data      nrf_dfu_flash.o
    0x0007d200   0x00000008   Data   RO         2153    log_const_data      nrf_dfu_req_handler.o
    0x0007d208   0x00000008   Data   RO         2465    log_const_data      nrf_dfu_settings.o
    0x0007d210   0x00000008   Data   RO         2554    log_const_data      nrf_dfu_settings_svci.o
    0x0007d218   0x00000008   Data   RO         2730    log_const_data      nrf_dfu_validation.o
    0x0007d220   0x00000008   Data   RO         2882    log_const_data      nrf_dfu_ver_validation.o
    0x0007d228   0x00000008   Data   RO         3315    log_const_data      mem_manager.o
    0x0007d230   0x00000008   Data   RO         3760    log_const_data      nrf_fstorage.o
    0x0007d238   0x00000008   Data   RO         4471    log_const_data      nrf_log_frontend.o
    0x0007d240   0x00000008   Data   RO         5163    log_const_data      nrf_sdh.o
    0x0007d248   0x00000008   Data   RO         5279    log_const_data      nrf_sdh_ble.o
    0x0007d250   0x00000008   Data   RO         5337    log_const_data      nrf_sdh_soc.o
    0x0007d258   0x00000014   Data   RO         1821    nrf_balloc          nrf_dfu_ble.o
    0x0007d26c   0x00000014   Data   RO         4472    nrf_balloc          nrf_log_frontend.o
    0x0007d280   0x00000008   Data   RO         1822    sdh_ble_observers2  nrf_dfu_ble.o
    0x0007d288   0x00000008   Data   RO         3932    sdh_req_observers0  nrf_fstorage_sd.o
    0x0007d290   0x00000008   Data   RO         3933    sdh_soc_observers0  nrf_fstorage_sd.o
    0x0007d298   0x00000008   Data   RO         5280    sdh_stack_observers0  nrf_sdh_ble.o
    0x0007d2a0   0x00000008   Data   RO         5338    sdh_stack_observers0  nrf_sdh_soc.o
    0x0007d2a8   0x00000008   Data   RO         3934    sdh_state_observers0  nrf_fstorage_sd.o
    0x0007d2b0   0x0000000c   Data   RO         4709    svc_data            nrf_dfu_svci_handler.o


    Execution Region RW_IRAM1 (Base: 0x20005968, Size: 0x000079f0, Max: 0x0000a698, ABSOLUTE, COMPRESSED[0x0000007c])

    Base Addr    Size         Type   Attr      Idx    E Section Name        Object

    0x20005968   0x00000020   Data   RW          327    .data               tea_encrypte_app.o
    0x20005988   0x00000008   Data   RW          604    .data               nrf_bootloader.o
    0x20005990   0x00000030   Data   RW          772    .data               nrf_bootloader_dfu_timers.o
    0x200059c0   0x00000001   Data   RW          857    .data               nrf_bootloader_fw_activation.o
    0x200059c1   0x00000001   Data   RW          949    .data               nrf_bootloader_wdt.o
    0x200059c2   0x00000001   Data   RW         1331    .data               nrf_crypto_init.o
    0x200059c3   0x00000001   PAD
    0x200059c4   0x00000004   Data   RW         1759    .data               nrf_dfu.o
    0x200059c8   0x00000034   Data   RW         1817    .data               nrf_dfu_ble.o
    0x200059fc   0x00000008   Data   RW         1818    .data               nrf_dfu_ble.o
    0x20005a04   0x00000008   Data   RW         1997    .data               nrf_dfu_flash.o
    0x20005a0c   0x00000001   Data   RW         2057    .data               nrf_dfu_handling_error.o
    0x20005a0d   0x00000003   PAD
    0x20005a10   0x00000010   Data   RW         2152    .data               nrf_dfu_req_handler.o
    0x20005a20   0x00000004   Data   RW         2464    .data               nrf_dfu_settings.o
    0x20005a24   0x00000010   Data   RW         2729    .data               nrf_dfu_validation.o
    0x20005a34   0x00000010   Data   RW         3155    .data               app_scheduler.o
    0x20005a44   0x00000004   Data   RW         3849    .data               nrf_fstorage_nvmc.o
    0x20005a48   0x00000008   Data   RW         3931    .data               nrf_fstorage_sd.o
    0x20005a50   0x00000001   Data   RW         4307    .data               nrf_log_backend_rtt.o
    0x20005a51   0x00000003   PAD
    0x20005a54   0x00000008   Data   RW         4402    .data               nrf_log_default_backends.o
    0x20005a5c   0x00000004   Data   RW         4468    .data               nrf_log_frontend.o
    0x20005a60   0x00000008   Data   RW         4469    .data               nrf_log_frontend.o
    0x20005a68   0x00000008   Data   RW         4470    .data               nrf_log_frontend.o
    0x20005a70   0x00000040   Data   RW         4630    .data               nrf_log_str_formatter.o
    0x20005ab0   0x00000003   Data   RW         5162    .data               nrf_sdh.o
    0x20005ab3   0x00000001   Data   RW         5278    .data               nrf_sdh_ble.o
    0x20005ab4   0x00000004   Data   RW         5592    .data               system_nrf52.o
    0x20005ab8   0x00000014   Data   RW         1998    fs_data             nrf_dfu_flash.o
    0x20005acc   0x00002010   Zero   RW          326    .bss                tea_encrypte_app.o
    0x20007adc   0x00000420   Zero   RW          602    .bss                nrf_bootloader.o
    0x20007efc   0x00000150   Zero   RW         1811    .bss                nrf_dfu_ble.o
    0x2000804c   0x00000011   Zero   RW         1812    .bss                nrf_dfu_ble.o
    0x2000805d   0x00000003   PAD
    0x20008060   0x00001034   Zero   RW         1813    .bss                nrf_dfu_ble.o
    0x20009094   0x00000a80   Zero   RW         2461    .bss                nrf_dfu_settings.o
    0x20009b14   0x000003f4   Zero   RW         2726    .bss                nrf_dfu_validation.o
    0x20009f08   0x0000000c   Zero   RW         3212    .bss                app_util_platform.o
    0x20009f14   0x00000010   Zero   RW         3927    .bss                nrf_fstorage_sd.o
    0x20009f24   0x000001f0   Zero   RW         3928    .bss                nrf_fstorage_sd.o
    0x2000a114   0x00000040   Zero   RW         4304    .bss                nrf_log_backend_rtt.o
    0x2000a154   0x000000c0   Zero   RW         4462    .bss                nrf_log_frontend.o
    0x2000a214   0x00000080   Zero   RW         4463    .bss                nrf_log_frontend.o
    0x2000a294   0x00000018   Zero   RW         4464    .bss                nrf_log_frontend.o
    0x2000a2ac   0x00001020   Zero   RW         4465    .bss                nrf_log_frontend.o
    0x2000b2cc   0x00001088   Zero   RW         4816    .bss                segger_rtt.o
    0x2000c354   0x00000004   PAD
    0x2000c358   0x00001000   Zero   RW         5578    STACK               arm_startup_nrf52.o



  Load Region LR$$.ARM.__AT_0x0007E000 (Base: 0x0007e000, Size: 0x00000000, Max: 0x00001000, ABSOLUTE)

    Execution Region ER$$.ARM.__AT_0x0007E000 (Base: 0x0007e000, Size: 0x00001000, Max: 0x00001000, ABSOLUTE, UNINIT)

    Base Addr    Size         Type   Attr      Idx    E Section Name        Object

    0x0007e000   0x00001000   Zero   RW         2458    .ARM.__AT_0x0007E000  nrf_dfu_settings.o



  Load Region LR$$.ARM.__AT_0x0007F000 (Base: 0x0007f000, Size: 0x00000000, Max: 0x00001000, ABSOLUTE)

    Execution Region ER$$.ARM.__AT_0x0007F000 (Base: 0x0007f000, Size: 0x00001000, Max: 0x00001000, ABSOLUTE, UNINIT)

    Base Addr    Size         Type   Attr      Idx    E Section Name        Object

    0x0007f000   0x00001000   Zero   RW         2459    .ARM.__AT_0x0007F000  nrf_dfu_settings.o



  Load Region LR$$.ARM.__AT_0x10001014 (Base: 0x10001014, Size: 0x00000004, Max: 0x00000004, ABSOLUTE)

    Execution Region ER$$.ARM.__AT_0x10001014 (Base: 0x10001014, Size: 0x00000004, Max: 0x00000004, ABSOLUTE, UNINIT)

    Base Addr    Size         Type   Attr      Idx    E Section Name        Object

    0x10001014   0x00000004   Data   RW          908    .ARM.__AT_0x10001014  nrf_bootloader_info.o



  Load Region LR$$.ARM.__AT_0x10001018 (Base: 0x10001018, Size: 0x00000004, Max: 0x00000004, ABSOLUTE)

    Execution Region ER$$.ARM.__AT_0x10001018 (Base: 0x10001018, Size: 0x00000004, Max: 0x00000004, ABSOLUTE, UNINIT)

    Base Addr    Size         Type   Attr      Idx    E Section Name        Object

    0x10001018   0x00000004   Data   RO         2460    .ARM.__AT_0x10001018  nrf_dfu_settings.o


==============================================================================

Image component sizes


      Code (inc. data)   RO Data    RW Data    ZI Data      Debug   Object Name

       268         16          0         16          0      41765   app_scheduler.o
       314        144          0          0         12      11416   app_util_platform.o
        36          8        512          0       4096        912   arm_startup_nrf52.o
         8          0          0          0          0      27698   ble_srv_common.o
       438        150          8          0          0       9757   boards.o
        60          6          0          0          0       1460   crc32.o
         0          0        433          0          0       1446   dfu-cc.pb.o
         0          0         64          0          0       5272   dfu_public_key.o
       504        218          6          0          0     112582   main.o
         0          0         17          0          0       5473   mem_manager.o
        22          0         12          0          0      25441   micro_ecc_backend_ecc.o
        86          0          0          0          0       2306   micro_ecc_backend_ecdsa.o
        20          0          0          0          0       2926   nrf_assert.o
       342          0          0          0          0       8466   nrf_atfifo.o
       294          0          0          0          0       7631   nrf_atomic.o
       524        232          0          0          0       3780   nrf_balloc.o
      1424        640          0          8       1056      30062   nrf_bootloader.o
       340        210          0          0          0       1651   nrf_bootloader_app_start.o
       388        132         80          0          0       9195   nrf_bootloader_app_start_final.o
       674        152         81         48          0      47845   nrf_bootloader_dfu_timers.o
      2072        952        244          1          0       7721   nrf_bootloader_fw_activation.o
        48          6          0          4          0       1082   nrf_bootloader_info.o
       416        170         27          1          0      37415   nrf_bootloader_wdt.o
       124          4          0          0          0      30216   nrf_crypto_ecc.o
        76          4          0          0          0      37573   nrf_crypto_ecdsa.o
       230         12          0          0          0      10197   nrf_crypto_hash.o
        64         14          0          1          0       3029   nrf_crypto_init.o
       268        130          0          0          0       3908   nrf_crypto_shared.o
       192         86          0          4          0       3139   nrf_dfu.o
      4206       1576        477         60       4501     114350   nrf_dfu_ble.o
       780        426         89         28          0       6447   nrf_dfu_flash.o
        28         10          0          1          0       1636   nrf_dfu_handling_error.o
        58          6         16          0          0       8590   nrf_dfu_mbr.o
      3246       1518        265         16          0      82468   nrf_dfu_req_handler.o
      1348        602        367          4      10880      11834   nrf_dfu_settings.o
       232         68         30          0          0       4790   nrf_dfu_settings_svci.o
       124         16         12          0          0       6167   nrf_dfu_svci_handler.o
       372        198          0          0          0       2700   nrf_dfu_transport.o
       946        436         67          0          0       5167   nrf_dfu_utils.o
      4090       1498        607         16       1012      27058   nrf_dfu_validation.o
       612        164        107          0          0      10956   nrf_dfu_ver_validation.o
       208         98          0          0          0       3489   nrf_fprintf.o
       988         62         16          0          0       6466   nrf_fprintf_format.o
       678        192         21          0          0       7309   nrf_fstorage.o
       260         20         44          4          0       9540   nrf_fstorage_nvmc.o
       794         82         72          8        512      16935   nrf_fstorage_sd.o
       112         18         18          1         64       5409   nrf_log_backend_rtt.o
       200          0          0          0          0      10797   nrf_log_backend_serial.o
        44          8        103          8          0       3269   nrf_log_default_backends.o
      1590        204         44         20       4472      32735   nrf_log_frontend.o
       570        108        102         64          0       5516   nrf_log_str_formatter.o
       588        172          0          0          0       9387   nrf_memobj.o
       164         28          0          0          0       2639   nrf_nvmc.o
        28          0          0          0          0       2279   nrf_ringbuf.o
       612         68        185          3          0      45426   nrf_sdh.o
       760        240        539          1          0       8153   nrf_sdh_ble.o
        96         12         56          0          0       3020   nrf_sdh_soc.o
       208         16         81          0          0       2896   nrf_section_iter.o
        76         10       1319          0          0       2647   nrf_strerror.o
       112         10          0          0          0       2445   nrf_svc_handler.o
        48          0         24          0          0       5444   nrf_sw_backend_hash.o
       206          0          0          0          0       3408   pb_common.o
      2322         14         36          0          0      36054   pb_decode.o
       382         40          0          0       4232       8785   segger_rtt.o
       740         40        256          0          0       5112   sha256.o
       752         78          0          4          0      32089   system_nrf52.o
       752        160          0         32       8208       5391   tea_encrypte_app.o

    ----------------------------------------------------------------------
     38606      11484       6532        360      39052    1050167   Object Totals
         0          0         32          0          0          0   (incl. Generated)
        42          0         63          7          7          0   (incl. Padding)

    ----------------------------------------------------------------------

      Code (inc. data)   RO Data    RW Data    ZI Data      Debug   Library Member Name

        86          0          0          0          0          0   __dczerorl2.o
         8          4        133          0          0         68   ctype_o.o
         0          0          0          0          0          0   entry.o
         0          0          0          0          0          0   entry10a.o
         0          0          0          0          0          0   entry11a.o
         8          4          0          0          0          0   entry2.o
         4          0          0          0          0          0   entry5.o
         0          0          0          0          0          0   entry7b.o
         0          0          0          0          0          0   entry8b.o
         8          4          0          0          0          0   entry9a.o
        30          0          0          0          0          0   handlers.o
        36          8          0          0          0         68   init.o
        30          0          0          0          0         68   llshl.o
        26          0          0          0          0         80   memcmp.o
        36          0          0          0          0         68   memcpya.o
        36          0          0          0          0        108   memseta.o
        18          0          0          0          0         68   strcpy.o
        14          0          0          0          0         68   strlen.o
      4034          8        176          0          0      50084   uECC.c.o

    ----------------------------------------------------------------------
      4406         28        312          0          0      50680   Library Totals
        32          0          3          0          0          0   (incl. Padding)

    ----------------------------------------------------------------------

      Code (inc. data)   RO Data    RW Data    ZI Data      Debug   Library Name

       340         20        133          0          0        596   mc_w.l
      4034          8        176          0          0      50084   micro_ecc_lib_nrf52.lib

    ----------------------------------------------------------------------
      4406         28        312          0          0      50680   Library Totals

    ----------------------------------------------------------------------

==============================================================================


      Code (inc. data)   RO Data    RW Data    ZI Data      Debug   

     43012      11512       6844        360      39052    1066523   Grand Totals
     43012      11512       6844        128      39052    1066523   ELF Image Totals (compressed)
     43012      11512       6844        128          0          0   ROM Totals

==============================================================================

    Total RO  Size (Code + RO Data)                49856 (  48.69kB)
    Total RW  Size (RW Data + ZI Data)             39412 (  38.49kB)
    Total ROM Size (Code + RO Data + RW Data)      49984 (  48.81kB)

==============================================================================

